profiles=43 cases=450
001/450 B300-DIR-001 score=0.5 retrieval=Đúng citation=Đúng hall=Không latency_ms=6574.81
002/450 B300-DIR-002 score=0.5 retrieval=Đúng citation=Đúng hall=Không latency_ms=416.83
003/450 B300-DIR-003 score=0.5 retrieval=Đúng citation=Đúng hall=Không latency_ms=413.23
004/450 B300-DIR-004 score=0.5 retrieval=Đúng citation=Đúng hall=Không latency_ms=355.02
005/450 B300-DIR-005 score=1.0 retrieval=Đúng citation=Đúng hall=Không latency_ms=338.81
006/450 B300-DIR-006 score=1.0 retrieval=Đúng citation=Đúng hall=Không latency_ms=284.1
007/450 B300-DIR-007 score=1.0 retrieval=Đúng citation=Đúng hall=Không latency_ms=445.94
008/450 B300-DIR-008 score=1.0 retrieval=Đúng citation=Đúng hall=Không latency_ms=437.72
009/450 B300-DIR-009 score=1.0 retrieval=Đúng citation=Đúng hall=Không latency_ms=261.51
010/450 B300-DIR-010 score=1.0 retrieval=Đúng citation=Đúng hall=Không latency_ms=302.52
011/450 B300-DIR-011 score=0.5 retrieval=Đúng citation=Đúng hall=Không latency_ms=303.72
012/450 B300-DIR-012 score=0.5 retrieval=Đúng citation=Đúng hall=Không latency_ms=323.55
013/450 B300-DIR-013 score=1.0 retrieval=Đúng citation=Đúng hall=Không latency_ms=348.22
014/450 B300-DIR-014 score=0.5 retrieval=Đúng citation=Đúng hall=Không latency_ms=329.84
015/450 B300-DIR-015 score=1.0 retrieval=Đúng citation=Đúng hall=Không latency_ms=333.95
016/450 B300-DIR-016 score=0.5 retrieval=Đúng citation=Đúng hall=Không latency_ms=325.92
017/450 B300-DIR-017 score=1.0 retrieval=Đúng citation=Đúng hall=Không latency_ms=595.53
018/450 B300-DIR-018 score=1.0 retrieval=Đúng citation=Đúng hall=Không latency_ms=627.43
019/450 B300-DIR-019 score=1.0 retrieval=Đúng citation=Đúng hall=Không latency_ms=266.68
020/450 B300-DIR-020 score=1.0 retrieval=Đúng citation=Đúng hall=Không latency_ms=277.45
021/450 B300-DIR-021 score=1.0 retrieval=Đúng citation=Đúng hall=Không latency_ms=267.33
022/450 B300-DIR-022 score=1.0 retrieval=Đúng citation=Đúng hall=Không latency_ms=251.4
023/450 B300-DIR-023 score=1.0 retrieval=Đúng citation=Đúng hall=Không latency_ms=265.96
024/450 B300-DIR-024 score=1.0 retrieval=Đúng citation=Đúng hall=Không latency_ms=275.98
025/450 B300-DIR-025 score=1.0 retrieval=Đúng citation=Đúng hall=Không latency_ms=273.83
026/450 B300-DIR-026 score=1.0 retrieval=Đúng citation=Đúng hall=Không latency_ms=285.03
027/450 B300-DIR-027 score=1.0 retrieval=Đúng citation=Đúng hall=Không latency_ms=263.36
028/450 B300-DIR-028 score=1.0 retrieval=Đúng citation=Đúng hall=Không latency_ms=276.79
029/450 B300-DIR-029 score=1.0 retrieval=Đúng citation=Đúng hall=Không latency_ms=299.24
030/450 B300-DIR-030 score=1.0 retrieval=Đúng citation=Đúng hall=Không latency_ms=309.63
031/450 B300-DIR-031 score=1.0 retrieval=Đúng citation=Đúng hall=Không latency_ms=276.28
032/450 B300-DIR-032 score=1.0 retrieval=Đúng citation=Đúng hall=Không latency_ms=296.94
033/450 B300-DIR-033 score=1.0 retrieval=Đúng citation=Đúng hall=Không latency_ms=226.82
034/450 B300-DIR-034 score=1.0 retrieval=Đúng citation=Đúng hall=Không latency_ms=236.66
035/450 B300-DIR-035 score=1.0 retrieval=Đúng citation=Đúng hall=Không latency_ms=455.86
036/450 B300-DIR-036 score=0.5 retrieval=Đúng citation=Đúng hall=Không latency_ms=417.83
037/450 B300-DIR-037 score=1.0 retrieval=Đúng citation=Đúng hall=Không latency_ms=525.35
038/450 B300-DIR-038 score=1.0 retrieval=Đúng citation=Đúng hall=Không latency_ms=399.99
039/450 B300-DIR-039 score=1.0 retrieval=Đúng citation=Đúng hall=Không latency_ms=283.03
040/450 B300-DIR-040 score=1.0 retrieval=Đúng citation=Đúng hall=Không latency_ms=368.19
041/450 B300-DIR-041 score=1.0 retrieval=Đúng citation=Đúng hall=Không latency_ms=311.28
042/450 B300-DIR-042 score=1.0 retrieval=Đúng citation=Đúng hall=Không latency_ms=393.04
043/450 B300-DIR-043 score=1.0 retrieval=Đúng citation=Đúng hall=Không latency_ms=301.69
044/450 B300-DIR-044 score=0.5 retrieval=Đúng citation=Đúng hall=Không latency_ms=285.32
045/450 B300-DIR-045 score=1.0 retrieval=Đúng citation=Đúng hall=Không latency_ms=323.33
046/450 B300-DIR-046 score=1.0 retrieval=Đúng citation=Đúng hall=Không latency_ms=302.79
047/450 B300-DIR-047 score=1.0 retrieval=Đúng citation=Đúng hall=Không latency_ms=412.72
048/450 B300-DIR-048 score=1.0 retrieval=Đúng citation=Đúng hall=Không latency_ms=453.2
049/450 B300-DIR-049 score=1.0 retrieval=Đúng citation=Đúng hall=Không latency_ms=424.08
050/450 B300-DIR-050 score=1.0 retrieval=Đúng citation=Đúng hall=Không latency_ms=445.89
051/450 B300-DIR-051 score=0.5 retrieval=Đúng citation=Đúng hall=Không latency_ms=396.64
052/450 B300-DIR-052 score=0.5 retrieval=Đúng citation=Đúng hall=Không latency_ms=618.81
053/450 B300-DIR-053 score=0.5 retrieval=Đúng citation=Đúng hall=Không latency_ms=518.41
054/450 B300-DIR-054 score=0.5 retrieval=Đúng citation=Đúng hall=Không latency_ms=425.45
055/450 B300-DIR-055 score=1.0 retrieval=Đúng citation=Đúng hall=Không latency_ms=350.24
056/450 B300-DIR-056 score=1.0 retrieval=Đúng citation=Đúng hall=Không latency_ms=368.82
057/450 B300-DIR-057 score=1.0 retrieval=Đúng citation=Đúng hall=Không latency_ms=399.45
058/450 B300-DIR-058 score=1.0 retrieval=Đúng citation=Đúng hall=Không latency_ms=424.29
059/450 B300-DIR-059 score=1.0 retrieval=Đúng citation=Đúng hall=Không latency_ms=557.11
060/450 B300-DIR-060 score=0.5 retrieval=Đúng citation=Đúng hall=Không latency_ms=575.05
061/450 B300-DIR-061 score=1.0 retrieval=Đúng citation=Đúng hall=Không latency_ms=462.92
062/450 B300-DIR-062 score=1.0 retrieval=Đúng citation=Đúng hall=Không latency_ms=391.19
063/450 B300-DIR-063 score=1.0 retrieval=Đúng citation=Đúng hall=Không latency_ms=391.12
064/450 B300-DIR-064 score=1.0 retrieval=Đúng citation=Đúng hall=Không latency_ms=276.91
065/450 B300-DIR-065 score=1.0 retrieval=Đúng citation=Đúng hall=Không latency_ms=436.34
066/450 B300-DIR-066 score=1.0 retrieval=Đúng citation=Đúng hall=Không latency_ms=422.85
067/450 B300-DIR-067 score=1.0 retrieval=Đúng citation=Đúng hall=Không latency_ms=252.62
068/450 B300-DIR-068 score=1.0 retrieval=Đúng citation=Đúng hall=Không latency_ms=346.26
069/450 B300-DIR-069 score=1.0 retrieval=Đúng citation=Đúng hall=Không latency_ms=352.6
070/450 B300-DIR-070 score=0.5 retrieval=Đúng citation=Đúng hall=Không latency_ms=363.19
071/450 B300-DIR-071 score=1.0 retrieval=Đúng citation=Đúng hall=Không latency_ms=262.34
072/450 B300-DIR-072 score=1.0 retrieval=Đúng citation=Đúng hall=Không latency_ms=221.92
073/450 B300-DIR-073 score=1.0 retrieval=Đúng citation=Đúng hall=Không latency_ms=323.08
074/450 B300-DIR-074 score=0.5 retrieval=Đúng citation=Đúng hall=Không latency_ms=346.47
075/450 B300-DIR-075 score=1.0 retrieval=Đúng citation=Đúng hall=Không latency_ms=278.52
076/450 B300-DIR-076 score=1.0 retrieval=Đúng citation=Đúng hall=Không latency_ms=291.45
077/450 B300-DIR-077 score=0.5 retrieval=Đúng citation=Đúng hall=Không latency_ms=434.88
078/450 B300-DIR-078 score=0.5 retrieval=Đúng citation=Đúng hall=Không latency_ms=447.73
079/450 B300-DIR-079 score=1.0 retrieval=Đúng citation=Đúng hall=Không latency_ms=275.46
080/450 B300-DIR-080 score=1.0 retrieval=Đúng citation=Đúng hall=Không latency_ms=322.39
081/450 B300-DIR-081 score=1.0 retrieval=Đúng citation=Đúng hall=Không latency_ms=526.51
082/450 B300-DIR-082 score=1.0 retrieval=Đúng citation=Đúng hall=Không latency_ms=463.7
083/450 B300-DIR-083 score=1.0 retrieval=Đúng citation=Đúng hall=Không latency_ms=448.56
084/450 B300-DIR-084 score=1.0 retrieval=Đúng citation=Đúng hall=Không latency_ms=546.89
085/450 B300-DIR-085 score=1.0 retrieval=Đúng citation=Đúng hall=Không latency_ms=370.3
086/450 B300-DIR-086 score=1.0 retrieval=Đúng citation=Đúng hall=Không latency_ms=426.08
087/450 B300-DIR-087 score=1.0 retrieval=Đúng citation=Đúng hall=Không latency_ms=654.68
088/450 B300-DIR-088 score=0.5 retrieval=Đúng citation=Đúng hall=Không latency_ms=524.96
089/450 B300-DIR-089 score=1.0 retrieval=Đúng citation=Đúng hall=Không latency_ms=365.53
090/450 B300-DIR-090 score=0.5 retrieval=Đúng citation=Đúng hall=Không latency_ms=535.61
091/450 B300-SUM-001 score=0.5 retrieval=Đúng citation=Đúng hall=Không latency_ms=530.51
092/450 B300-SUM-002 score=0.5 retrieval=Đúng citation=Đúng hall=Không latency_ms=543.93
093/450 B300-SUM-003 score=1.0 retrieval=Đúng citation=Đúng hall=Không latency_ms=295.74
094/450 B300-SUM-004 score=1.0 retrieval=Đúng citation=Đúng hall=Không latency_ms=359.89
095/450 B300-SUM-005 score=1.0 retrieval=Đúng citation=Đúng hall=Không latency_ms=324.87
096/450 B300-SUM-006 score=1.0 retrieval=Đúng citation=Đúng hall=Không latency_ms=305.63
097/450 B300-SUM-007 score=1.0 retrieval=Đúng citation=Đúng hall=Không latency_ms=362.32
098/450 B300-SUM-008 score=1.0 retrieval=Đúng citation=Đúng hall=Không latency_ms=293.24
099/450 B300-SUM-009 score=1.0 retrieval=Đúng citation=Đúng hall=Không latency_ms=593.57
100/450 B300-SUM-010 score=1.0 retrieval=Đúng citation=Đúng hall=Không latency_ms=365.72
101/450 B300-SUM-011 score=1.0 retrieval=Đúng citation=Đúng hall=Không latency_ms=265.24
102/450 B300-SUM-012 score=1.0 retrieval=Đúng citation=Đúng hall=Không latency_ms=787.11
103/450 B300-SUM-013 score=1.0 retrieval=Đúng citation=Đúng hall=Không latency_ms=373.5
104/450 B300-SUM-014 score=1.0 retrieval=Đúng citation=Đúng hall=Không latency_ms=328.11
105/450 B300-SUM-015 score=1.0 retrieval=Đúng citation=Đúng hall=Không latency_ms=302.41
106/450 B300-SUM-016 score=1.0 retrieval=Đúng citation=Đúng hall=Không latency_ms=302.91
107/450 B300-SUM-017 score=1.0 retrieval=Đúng citation=Đúng hall=Không latency_ms=408.35
108/450 B300-SUM-018 score=1.0 retrieval=Đúng citation=Đúng hall=Không latency_ms=358.18
109/450 B300-SUM-019 score=1.0 retrieval=Đúng citation=Đúng hall=Không latency_ms=473.46
110/450 B300-SUM-020 score=1.0 retrieval=Đúng citation=Đúng hall=Không latency_ms=553.53
111/450 B300-SUM-021 score=1.0 retrieval=Đúng citation=Đúng hall=Không latency_ms=277.64
112/450 B300-SUM-022 score=1.0 retrieval=Đúng citation=Đúng hall=Không latency_ms=329.2
113/450 B300-SUM-023 score=1.0 retrieval=Đúng citation=Đúng hall=Không latency_ms=266.68
114/450 B300-SUM-024 score=1.0 retrieval=Đúng citation=Đúng hall=Không latency_ms=278.73
115/450 B300-SUM-025 score=1.0 retrieval=Đúng citation=Đúng hall=Không latency_ms=353.82
116/450 B300-SUM-026 score=0.5 retrieval=Đúng citation=Đúng hall=Không latency_ms=390.08
117/450 B300-SUM-027 score=0.5 retrieval=Đúng citation=Đúng hall=Không latency_ms=473.75
118/450 B300-SUM-028 score=1.0 retrieval=Đúng citation=Đúng hall=Không latency_ms=390.25
119/450 B300-SUM-029 score=1.0 retrieval=Đúng citation=Đúng hall=Không latency_ms=256.24
120/450 B300-SUM-030 score=1.0 retrieval=Đúng citation=Đúng hall=Không latency_ms=544.31
121/450 B300-SUM-031 score=1.0 retrieval=Đúng citation=Đúng hall=Không latency_ms=265.2
122/450 B300-SUM-032 score=1.0 retrieval=Đúng citation=Đúng hall=Không latency_ms=270.66
123/450 B300-SUM-033 score=1.0 retrieval=Đúng citation=Đúng hall=Không latency_ms=320.27
124/450 B300-SUM-034 score=1.0 retrieval=Đúng citation=Đúng hall=Không latency_ms=249.81
125/450 B300-SUM-035 score=1.0 retrieval=Đúng citation=Đúng hall=Không latency_ms=727.17
126/450 B300-SUM-036 score=1.0 retrieval=Đúng citation=Đúng hall=Không latency_ms=388.69
127/450 B300-SUM-037 score=1.0 retrieval=Đúng citation=Đúng hall=Không latency_ms=412.05
128/450 B300-SUM-038 score=1.0 retrieval=Đúng citation=Đúng hall=Không latency_ms=300.21
129/450 B300-SUM-039 score=0.5 retrieval=Đúng citation=Đúng hall=Không latency_ms=394.13
130/450 B300-SUM-040 score=1.0 retrieval=Đúng citation=Đúng hall=Không latency_ms=356.82
131/450 B300-SUM-041 score=1.0 retrieval=Đúng citation=Đúng hall=Không latency_ms=310.21
132/450 B300-SUM-042 score=1.0 retrieval=Đúng citation=Đúng hall=Không latency_ms=580.98
133/450 B300-SUM-043 score=1.0 retrieval=Đúng citation=Đúng hall=Không latency_ms=340.25
134/450 B300-SUM-044 score=1.0 retrieval=Đúng citation=Đúng hall=Không latency_ms=537.44
135/450 B300-SUM-045 score=1.0 retrieval=Đúng citation=Đúng hall=Không latency_ms=373.23
136/450 B300-SUM-046 score=1.0 retrieval=Đúng citation=Đúng hall=Không latency_ms=520.04
137/450 B300-SUM-047 score=0.5 retrieval=Đúng citation=Đúng hall=Không latency_ms=554.98
138/450 B300-SUM-048 score=1.0 retrieval=Đúng citation=Đúng hall=Không latency_ms=312.49
139/450 B300-SUM-049 score=1.0 retrieval=Đúng citation=Đúng hall=Không latency_ms=326.65
140/450 B300-SUM-050 score=1.0 retrieval=Đúng citation=Đúng hall=Không latency_ms=514.87
141/450 B300-SUM-051 score=1.0 retrieval=Đúng citation=Đúng hall=Không latency_ms=354.69
142/450 B300-SUM-052 score=0.5 retrieval=Đúng citation=Đúng hall=Không latency_ms=362.73
143/450 B300-SUM-053 score=1.0 retrieval=Đúng citation=Đúng hall=Không latency_ms=303.93
144/450 B300-SUM-054 score=1.0 retrieval=Đúng citation=Đúng hall=Không latency_ms=356.8
145/450 B300-SUM-055 score=0.5 retrieval=Đúng citation=Đúng hall=Không latency_ms=316.41
146/450 B300-SUM-056 score=0.5 retrieval=Đúng citation=Đúng hall=Không latency_ms=307.25
147/450 B300-SUM-057 score=0.5 retrieval=Đúng citation=Đúng hall=Không latency_ms=369.43
148/450 B300-SUM-058 score=1.0 retrieval=Đúng citation=Đúng hall=Không latency_ms=425.83
149/450 B300-SUM-059 score=1.0 retrieval=Đúng citation=Đúng hall=Không latency_ms=298.68
150/450 B300-SUM-060 score=1.0 retrieval=Đúng citation=Đúng hall=Không latency_ms=427.19
151/450 B300-CMP-001 score=1.0 retrieval=Đúng citation=Đúng hall=Không latency_ms=621.67
152/450 B300-CMP-002 score=1.0 retrieval=Đúng citation=Đúng hall=Không latency_ms=864.31
153/450 B300-CMP-003 score=1.0 retrieval=Đúng citation=Đúng hall=Không latency_ms=756.74
154/450 B300-CMP-004 score=1.0 retrieval=Đúng citation=Đúng hall=Không latency_ms=1558.45
155/450 B300-CMP-005 score=1.0 retrieval=Đúng citation=Đúng hall=Không latency_ms=947.72
156/450 B300-CMP-006 score=1.0 retrieval=Đúng citation=Đúng hall=Không latency_ms=1124.71
157/450 B300-CMP-007 score=1.0 retrieval=Đúng citation=Đúng hall=Không latency_ms=815.39
158/450 B300-CMP-008 score=1.0 retrieval=Đúng citation=Đúng hall=Không latency_ms=645.77
159/450 B300-CMP-009 score=1.0 retrieval=Đúng citation=Đúng hall=Không latency_ms=970.4
160/450 B300-CMP-010 score=1.0 retrieval=Đúng citation=Đúng hall=Không latency_ms=841.86
161/450 B300-CMP-011 score=1.0 retrieval=Đúng citation=Đúng hall=Không latency_ms=749.94
162/450 B300-CMP-012 score=1.0 retrieval=Đúng citation=Đúng hall=Không latency_ms=1241.34
163/450 B300-CMP-013 score=1.0 retrieval=Đúng citation=Đúng hall=Không latency_ms=1171.46
164/450 B300-CMP-014 score=1.0 retrieval=Đúng citation=Đúng hall=Không latency_ms=841.04
165/450 B300-CMP-015 score=1.0 retrieval=Đúng citation=Đúng hall=Không latency_ms=606.4
166/450 B300-CMP-016 score=1.0 retrieval=Đúng citation=Đúng hall=Không latency_ms=680.96
167/450 B300-CMP-017 score=0.5 retrieval=Đúng citation=Đúng hall=Không latency_ms=694.74
168/450 B300-CMP-018 score=1.0 retrieval=Đúng citation=Đúng hall=Không latency_ms=715.71
169/450 B300-CMP-019 score=0.5 retrieval=Đúng citation=Đúng hall=Không latency_ms=1183.17
170/450 B300-CMP-020 score=1.0 retrieval=Đúng citation=Đúng hall=Không latency_ms=1882.85
171/450 B300-CMP-021 score=1.0 retrieval=Đúng citation=Đúng hall=Không latency_ms=926.01
172/450 B300-CMP-022 score=1.0 retrieval=Đúng citation=Đúng hall=Không latency_ms=989.66
173/450 B300-CMP-023 score=1.0 retrieval=Đúng citation=Đúng hall=Không latency_ms=1289.68
174/450 B300-CMP-024 score=0.5 retrieval=Đúng citation=Đúng hall=Không latency_ms=1075.22
175/450 B300-CMP-025 score=1.0 retrieval=Đúng citation=Đúng hall=Không latency_ms=777.61
176/450 B300-CMP-026 score=0.5 retrieval=Đúng citation=Đúng hall=Không latency_ms=743.98
177/450 B300-CMP-027 score=1.0 retrieval=Đúng citation=Đúng hall=Không latency_ms=676.46
178/450 B300-CMP-028 score=1.0 retrieval=Đúng citation=Đúng hall=Không latency_ms=688.78
179/450 B300-CMP-029 score=1.0 retrieval=Đúng citation=Đúng hall=Không latency_ms=674.9
180/450 B300-CMP-030 score=1.0 retrieval=Đúng citation=Đúng hall=Không latency_ms=1192.13
181/450 B300-CMP-031 score=0.5 retrieval=Đúng citation=Đúng hall=Không latency_ms=649.14
182/450 B300-CMP-032 score=1.0 retrieval=Đúng citation=Đúng hall=Không latency_ms=740.74
183/450 B300-CMP-033 score=1.0 retrieval=Đúng citation=Đúng hall=Không latency_ms=879.53
184/450 B300-CMP-034 score=0.5 retrieval=Đúng citation=Đúng hall=Không latency_ms=1049.31
185/450 B300-CMP-035 score=1.0 retrieval=Đúng citation=Đúng hall=Không latency_ms=915.44
186/450 B300-CMP-036 score=1.0 retrieval=Đúng citation=Đúng hall=Không latency_ms=713.51
187/450 B300-CMP-037 score=1.0 retrieval=Đúng citation=Đúng hall=Không latency_ms=818.07
188/450 B300-CMP-038 score=1.0 retrieval=Đúng citation=Đúng hall=Không latency_ms=654.48
189/450 B300-CMP-039 score=1.0 retrieval=Đúng citation=Đúng hall=Không latency_ms=1048.32
190/450 B300-CMP-040 score=1.0 retrieval=Đúng citation=Đúng hall=Không latency_ms=1705.89
191/450 B300-TAB-001 score=1.0 retrieval=Đúng citation=Đúng hall=Không latency_ms=607.36
192/450 B300-TAB-002 score=1.0 retrieval=Đúng citation=Đúng hall=Không latency_ms=657.57
193/450 B300-TAB-003 score=1.0 retrieval=Đúng citation=Đúng hall=Không latency_ms=740.59
194/450 B300-TAB-004 score=1.0 retrieval=Đúng citation=Đúng hall=Không latency_ms=627.88
195/450 B300-TAB-005 score=1.0 retrieval=Đúng citation=Đúng hall=Không latency_ms=918.06
196/450 B300-TAB-006 score=1.0 retrieval=Đúng citation=Đúng hall=Không latency_ms=759.34
197/450 B300-TAB-007 score=1.0 retrieval=Đúng citation=Đúng hall=Không latency_ms=558.02
198/450 B300-TAB-008 score=1.0 retrieval=Đúng citation=Đúng hall=Không latency_ms=694.43
199/450 B300-TAB-009 score=1.0 retrieval=Đúng citation=Đúng hall=Không latency_ms=823.0
200/450 B300-TAB-010 score=1.0 retrieval=Đúng citation=Đúng hall=Không latency_ms=786.53
201/450 B300-TAB-011 score=1.0 retrieval=Đúng citation=Đúng hall=Không latency_ms=565.49
202/450 B300-TAB-012 score=1.0 retrieval=Đúng citation=Đúng hall=Không latency_ms=606.81
203/450 B300-TAB-013 score=1.0 retrieval=Đúng citation=Đúng hall=Không latency_ms=837.37
204/450 B300-TAB-014 score=1.0 retrieval=Đúng citation=Đúng hall=Không latency_ms=511.08
205/450 B300-TAB-015 score=1.0 retrieval=Đúng citation=Đúng hall=Không latency_ms=944.42
206/450 B300-TAB-016 score=1.0 retrieval=Đúng citation=Đúng hall=Không latency_ms=802.48
207/450 B300-TAB-017 score=1.0 retrieval=Đúng citation=Đúng hall=Không latency_ms=647.15
208/450 B300-TAB-018 score=1.0 retrieval=Đúng citation=Đúng hall=Không latency_ms=573.75
209/450 B300-TAB-019 score=1.0 retrieval=Đúng citation=Đúng hall=Không latency_ms=552.83
210/450 B300-TAB-020 score=1.0 retrieval=Đúng citation=Đúng hall=Không latency_ms=860.98
211/450 B300-TAB-021 score=1.0 retrieval=Đúng citation=Đúng hall=Không latency_ms=869.14
212/450 B300-TAB-022 score=1.0 retrieval=Đúng citation=Đúng hall=Không latency_ms=688.06
213/450 B300-TAB-023 score=1.0 retrieval=Đúng citation=Đúng hall=Không latency_ms=498.03
214/450 B300-TAB-024 score=1.0 retrieval=Đúng citation=Đúng hall=Không latency_ms=521.7
215/450 B300-TAB-025 score=0.5 retrieval=Đúng citation=Đúng hall=Không latency_ms=552.69
216/450 B300-TAB-026 score=0.5 retrieval=Đúng citation=Đúng hall=Không latency_ms=740.61
217/450 B300-TAB-027 score=1.0 retrieval=Đúng citation=Đúng hall=Không latency_ms=780.33
218/450 B300-TAB-028 score=1.0 retrieval=Đúng citation=Đúng hall=Không latency_ms=496.28
219/450 B300-TAB-029 score=1.0 retrieval=Đúng citation=Đúng hall=Không latency_ms=576.56
220/450 B300-TAB-030 score=1.0 retrieval=Đúng citation=Đúng hall=Không latency_ms=737.16
221/450 B300-TAB-031 score=1.0 retrieval=Đúng citation=Đúng hall=Không latency_ms=496.69
222/450 B300-TAB-032 score=1.0 retrieval=Đúng citation=Đúng hall=Không latency_ms=546.75
223/450 B300-TAB-033 score=1.0 retrieval=Đúng citation=Đúng hall=Không latency_ms=462.21
224/450 B300-TAB-034 score=1.0 retrieval=Đúng citation=Đúng hall=Không latency_ms=441.72
225/450 B300-TAB-035 score=1.0 retrieval=Đúng citation=Đúng hall=Không latency_ms=485.57
226/450 B300-TAB-036 score=1.0 retrieval=Đúng citation=Đúng hall=Không latency_ms=471.46
227/450 B300-TAB-037 score=1.0 retrieval=Đúng citation=Đúng hall=Không latency_ms=636.49
228/450 B300-TAB-038 score=1.0 retrieval=Đúng citation=Đúng hall=Không latency_ms=553.66
229/450 B300-TAB-039 score=1.0 retrieval=Đúng citation=Đúng hall=Không latency_ms=314.83
230/450 B300-TAB-040 score=1.0 retrieval=Đúng citation=Đúng hall=Không latency_ms=321.85
231/450 B300-SLD-001 score=0.5 retrieval=Đúng citation=Đúng hall=Không latency_ms=302.21
232/450 B300-SLD-002 score=0.5 retrieval=Đúng citation=Đúng hall=Không latency_ms=297.86
233/450 B300-SLD-003 score=1.0 retrieval=Đúng citation=Đúng hall=Không latency_ms=325.76
234/450 B300-SLD-004 score=0.5 retrieval=Đúng citation=Đúng hall=Không latency_ms=375.41
235/450 B300-SLD-005 score=1.0 retrieval=Đúng citation=Đúng hall=Không latency_ms=300.83
236/450 B300-SLD-006 score=0.5 retrieval=Đúng citation=Đúng hall=Không latency_ms=477.48
237/450 B300-SLD-007 score=0.5 retrieval=Đúng citation=Đúng hall=Không latency_ms=346.03
238/450 B300-SLD-008 score=0.5 retrieval=Đúng citation=Đúng hall=Không latency_ms=330.23
239/450 B300-SLD-009 score=0.5 retrieval=Đúng citation=Đúng hall=Không latency_ms=351.28
240/450 B300-SLD-010 score=1.0 retrieval=Đúng citation=Đúng hall=Không latency_ms=334.48
241/450 B300-SLD-011 score=0.5 retrieval=Đúng citation=Đúng hall=Không latency_ms=374.47
242/450 B300-SLD-012 score=0.5 retrieval=Đúng citation=Đúng hall=Không latency_ms=364.78
243/450 B300-SLD-013 score=0.5 retrieval=Đúng citation=Đúng hall=Không latency_ms=297.76
244/450 B300-SLD-014 score=0.5 retrieval=Đúng citation=Đúng hall=Không latency_ms=324.51
245/450 B300-SLD-015 score=1.0 retrieval=Đúng citation=Đúng hall=Không latency_ms=425.44
246/450 B300-SLD-016 score=0.5 retrieval=Đúng citation=Đúng hall=Không latency_ms=277.05
247/450 B300-SLD-017 score=0.5 retrieval=Đúng citation=Đúng hall=Không latency_ms=356.1
248/450 B300-SLD-018 score=0.5 retrieval=Đúng citation=Đúng hall=Không latency_ms=326.79
249/450 B300-SLD-019 score=0.5 retrieval=Đúng citation=Đúng hall=Không latency_ms=348.99
250/450 B300-SLD-020 score=0.5 retrieval=Đúng citation=Đúng hall=Không latency_ms=294.1
251/450 B300-SLD-021 score=0.5 retrieval=Đúng citation=Đúng hall=Không latency_ms=314.89
252/450 B300-SLD-022 score=0.5 retrieval=Đúng citation=Đúng hall=Không latency_ms=274.77
253/450 B300-SLD-023 score=0.5 retrieval=Đúng citation=Đúng hall=Không latency_ms=302.72
254/450 B300-SLD-024 score=0.5 retrieval=Đúng citation=Đúng hall=Không latency_ms=295.94
255/450 B300-SLD-025 score=0.5 retrieval=Đúng citation=Đúng hall=Không latency_ms=328.51
256/450 B300-SLD-026 score=0.5 retrieval=Đúng citation=Đúng hall=Không latency_ms=359.68
257/450 B300-SLD-027 score=0.5 retrieval=Đúng citation=Đúng hall=Không latency_ms=270.71
258/450 B300-SLD-028 score=0.5 retrieval=Đúng citation=Đúng hall=Không latency_ms=296.82
259/450 B300-SLD-029 score=0.5 retrieval=Đúng citation=Đúng hall=Không latency_ms=282.36
260/450 B300-SLD-030 score=0.5 retrieval=Đúng citation=Đúng hall=Không latency_ms=372.81
261/450 B300-OCR-001 score=1.0 retrieval=Đúng citation=Đúng hall=Không latency_ms=636.23
262/450 B300-OCR-002 score=1.0 retrieval=Đúng citation=Đúng hall=Không latency_ms=518.13
263/450 B300-OCR-003 score=1.0 retrieval=Đúng citation=Đúng hall=Không latency_ms=392.24
264/450 B300-OCR-004 score=1.0 retrieval=Đúng citation=Đúng hall=Không latency_ms=424.67
265/450 B300-OCR-005 score=1.0 retrieval=Đúng citation=Đúng hall=Không latency_ms=466.45
266/450 B300-OCR-006 score=1.0 retrieval=Đúng citation=Đúng hall=Không latency_ms=490.49
267/450 B300-OCR-007 score=1.0 retrieval=Đúng citation=Đúng hall=Không latency_ms=445.5
268/450 B300-OCR-008 score=1.0 retrieval=Đúng citation=Đúng hall=Không latency_ms=464.87
269/450 B300-OCR-009 score=1.0 retrieval=Đúng citation=Đúng hall=Không latency_ms=494.99
270/450 B300-OCR-010 score=1.0 retrieval=Đúng citation=Đúng hall=Không latency_ms=422.02
271/450 B300-OCR-011 score=1.0 retrieval=Đúng citation=Đúng hall=Không latency_ms=724.9
272/450 B300-OCR-012 score=1.0 retrieval=Đúng citation=Đúng hall=Không latency_ms=601.38
273/450 B300-OCR-013 score=1.0 retrieval=Đúng citation=Đúng hall=Không latency_ms=602.12
274/450 B300-OCR-014 score=1.0 retrieval=Đúng citation=Đúng hall=Không latency_ms=510.46
275/450 B300-OCR-015 score=1.0 retrieval=Đúng citation=Đúng hall=Không latency_ms=378.24
276/450 B300-OCR-016 score=1.0 retrieval=Đúng citation=Đúng hall=Không latency_ms=509.43
277/450 B300-OCR-017 score=1.0 retrieval=Đúng citation=Đúng hall=Không latency_ms=451.7
278/450 B300-OCR-018 score=1.0 retrieval=Đúng citation=Đúng hall=Không latency_ms=323.31
279/450 B300-OCR-019 score=1.0 retrieval=Đúng citation=Đúng hall=Không latency_ms=355.97
280/450 B300-OCR-020 score=1.0 retrieval=Đúng citation=Đúng hall=Không latency_ms=478.78
281/450 B300-NEG-001 score=1.0 retrieval=Đúng citation=Đúng hall=Không latency_ms=467.69
282/450 B300-NEG-002 score=1.0 retrieval=Đúng citation=Đúng hall=Không latency_ms=433.07
283/450 B300-NEG-003 score=1.0 retrieval=Đúng citation=Đúng hall=Không latency_ms=270.86
284/450 B300-NEG-004 score=1.0 retrieval=Đúng citation=Đúng hall=Không latency_ms=358.47
285/450 B300-NEG-005 score=1.0 retrieval=Đúng citation=Đúng hall=Không latency_ms=333.93
286/450 B300-NEG-006 score=1.0 retrieval=Đúng citation=Đúng hall=Không latency_ms=404.4
287/450 B300-NEG-007 score=1.0 retrieval=Đúng citation=Đúng hall=Không latency_ms=298.99
288/450 B300-NEG-008 score=1.0 retrieval=Đúng citation=Đúng hall=Không latency_ms=285.6
289/450 B300-NEG-009 score=1.0 retrieval=Đúng citation=Đúng hall=Không latency_ms=1168.85
290/450 B300-NEG-010 score=1.0 retrieval=Đúng citation=Đúng hall=Không latency_ms=460.81
291/450 B300-NEG-011 score=1.0 retrieval=Đúng citation=Đúng hall=Không latency_ms=454.14
292/450 B300-NEG-012 score=1.0 retrieval=Đúng citation=Đúng hall=Không latency_ms=334.72
293/450 B300-NEG-013 score=1.0 retrieval=Đúng citation=Đúng hall=Không latency_ms=271.98
294/450 B300-NEG-014 score=1.0 retrieval=Đúng citation=Đúng hall=Không latency_ms=284.46
295/450 B300-NEG-015 score=1.0 retrieval=Đúng citation=Đúng hall=Không latency_ms=322.46
296/450 B300-NEG-016 score=1.0 retrieval=Đúng citation=Đúng hall=Không latency_ms=789.78
297/450 B300-NEG-017 score=1.0 retrieval=Đúng citation=Đúng hall=Không latency_ms=292.16
298/450 B300-NEG-018 score=1.0 retrieval=Đúng citation=Đúng hall=Không latency_ms=379.64
299/450 B300-NEG-019 score=1.0 retrieval=Đúng citation=Đúng hall=Không latency_ms=521.18
300/450 B300-NEG-020 score=1.0 retrieval=Đúng citation=Đúng hall=Không latency_ms=331.2
301/450 F105-NEG-001 score=1.0 retrieval=Đúng citation=Đúng hall=Không latency_ms=534.24
302/450 F105-NEG-002 score=1.0 retrieval=Đúng citation=Đúng hall=Không latency_ms=580.2
303/450 F105-NEG-005 score=1.0 retrieval=Đúng citation=Đúng hall=Không latency_ms=381.93
304/450 F105-NEG-010 score=1.0 retrieval=Đúng citation=Đúng hall=Không latency_ms=323.13
305/450 F105-NEG-015 score=1.0 retrieval=Đúng citation=Đúng hall=Không latency_ms=348.75
306/450 F105-NEG-019 score=1.0 retrieval=Đúng citation=Đúng hall=Không latency_ms=615.31
307/450 F105-NEG-020 score=1.0 retrieval=Đúng citation=Đúng hall=Không latency_ms=335.71
308/450 F105-NEG-003 score=1.0 retrieval=Đúng citation=Đúng hall=Không latency_ms=331.28
309/450 F105-NEG-004 score=1.0 retrieval=Đúng citation=Đúng hall=Không latency_ms=815.24
310/450 F105-NEG-006 score=1.0 retrieval=Đúng citation=Đúng hall=Không latency_ms=464.0
311/450 F105-NEG-007 score=1.0 retrieval=Đúng citation=Đúng hall=Không latency_ms=626.64
312/450 F105-NEG-008 score=1.0 retrieval=Đúng citation=Đúng hall=Không latency_ms=498.85
313/450 F105-NEG-009 score=1.0 retrieval=Đúng citation=Đúng hall=Không latency_ms=648.75
314/450 F105-NEG-011 score=1.0 retrieval=Đúng citation=Đúng hall=Không latency_ms=355.69
315/450 F105-NEG-012 score=1.0 retrieval=Đúng citation=Đúng hall=Không latency_ms=259.04
316/450 F105-NEG-013 score=1.0 retrieval=Đúng citation=Đúng hall=Không latency_ms=255.44
317/450 F105-NEG-014 score=1.0 retrieval=Đúng citation=Đúng hall=Không latency_ms=1019.1
318/450 F105-NEG-016 score=1.0 retrieval=Đúng citation=Đúng hall=Không latency_ms=0.39
319/450 F105-NEG-017 score=1.0 retrieval=Đúng citation=Đúng hall=Không latency_ms=289.22
320/450 F105-NEG-018 score=1.0 retrieval=Đúng citation=Đúng hall=Không latency_ms=322.47
321/450 F105-TAB-002 score=1.0 retrieval=Đúng citation=Đúng hall=Không latency_ms=0.66
322/450 F105-TAB-003 score=1.0 retrieval=Đúng citation=Đúng hall=Không latency_ms=0.97
323/450 F105-TAB-004 score=1.0 retrieval=Đúng citation=Đúng hall=Không latency_ms=0.81
324/450 F105-TAB-005 score=1.0 retrieval=Đúng citation=Đúng hall=Không latency_ms=0.7
325/450 F105-TAB-006 score=1.0 retrieval=Đúng citation=Đúng hall=Không latency_ms=0.66
326/450 F105-TAB-007 score=1.0 retrieval=Đúng citation=Đúng hall=Không latency_ms=0.64
327/450 F105-TAB-008 score=1.0 retrieval=Đúng citation=Đúng hall=Không latency_ms=0.58
328/450 F105-TAB-009 score=1.0 retrieval=Đúng citation=Đúng hall=Không latency_ms=0.53
329/450 F105-TAB-010 score=1.0 retrieval=Đúng citation=Đúng hall=Không latency_ms=0.6
330/450 F105-TAB-011 score=1.0 retrieval=Đúng citation=Đúng hall=Không latency_ms=0.72
331/450 F105-TAB-012 score=1.0 retrieval=Đúng citation=Đúng hall=Không latency_ms=0.64
332/450 F105-TAB-013 score=1.0 retrieval=Đúng citation=Đúng hall=Không latency_ms=0.64
333/450 F105-TAB-016 score=1.0 retrieval=Đúng citation=Đúng hall=Không latency_ms=0.37
334/450 F105-TAB-017 score=1.0 retrieval=Đúng citation=Đúng hall=Không latency_ms=0.42
335/450 F105-TAB-018 score=1.0 retrieval=Đúng citation=Đúng hall=Không latency_ms=0.57
336/450 F105-TAB-019 score=1.0 retrieval=Đúng citation=Đúng hall=Không latency_ms=0.47
337/450 F105-TAB-020 score=1.0 retrieval=Đúng citation=Đúng hall=Không latency_ms=0.38
338/450 F105-TAB-021 score=1.0 retrieval=Đúng citation=Đúng hall=Không latency_ms=0.5
339/450 F105-TAB-022 score=1.0 retrieval=Đúng citation=Đúng hall=Không latency_ms=0.52
340/450 F105-TAB-023 score=1.0 retrieval=Đúng citation=Đúng hall=Không latency_ms=0.39
341/450 F105-TAB-024 score=1.0 retrieval=Đúng citation=Đúng hall=Không latency_ms=0.55
342/450 F105-TAB-025 score=0.5 retrieval=Đúng citation=Đúng hall=Không latency_ms=0.52
343/450 F105-TAB-026 score=0.5 retrieval=Đúng citation=Đúng hall=Không latency_ms=0.6
344/450 F105-TAB-028 score=1.0 retrieval=Đúng citation=Đúng hall=Không latency_ms=0.58
345/450 F105-TAB-029 score=1.0 retrieval=Đúng citation=Đúng hall=Không latency_ms=0.74
346/450 F105-TAB-030 score=1.0 retrieval=Đúng citation=Đúng hall=Không latency_ms=0.76
347/450 F105-TAB-031 score=1.0 retrieval=Đúng citation=Đúng hall=Không latency_ms=0.63
348/450 F105-TAB-032 score=1.0 retrieval=Đúng citation=Đúng hall=Không latency_ms=0.62
349/450 F105-TAB-033 score=1.0 retrieval=Đúng citation=Đúng hall=Không latency_ms=0.51
350/450 F105-TAB-035 score=1.0 retrieval=Đúng citation=Đúng hall=Không latency_ms=0.6
351/450 F105-TAB-036 score=1.0 retrieval=Đúng citation=Đúng hall=Không latency_ms=0.61
352/450 F105-TAB-037 score=1.0 retrieval=Đúng citation=Đúng hall=Không latency_ms=0.56
353/450 F105-TAB-038 score=1.0 retrieval=Đúng citation=Đúng hall=Không latency_ms=0.57
354/450 F105-TAB-040 score=1.0 retrieval=Đúng citation=Đúng hall=Không latency_ms=0.67
355/450 F105-TAB-015 score=1.0 retrieval=Đúng citation=Đúng hall=Không latency_ms=0.45
356/450 F105-TAB-034 score=1.0 retrieval=Đúng citation=Đúng hall=Không latency_ms=0.56
357/450 F105-TAB-001 score=1.0 retrieval=Đúng citation=Đúng hall=Không latency_ms=0.61
358/450 F105-TAB-014 score=1.0 retrieval=Đúng citation=Đúng hall=Không latency_ms=0.76
359/450 F105-TAB-027 score=1.0 retrieval=Đúng citation=Đúng hall=Không latency_ms=0.42
360/450 F105-TAB-039 score=1.0 retrieval=Đúng citation=Đúng hall=Không latency_ms=0.64
361/450 F105-SLD-001 score=0.5 retrieval=Đúng citation=Đúng hall=Không latency_ms=0.38
362/450 F105-SLD-002 score=0.5 retrieval=Đúng citation=Đúng hall=Không latency_ms=0.33
363/450 F105-SLD-003 score=1.0 retrieval=Đúng citation=Đúng hall=Không latency_ms=0.41
364/450 F105-SLD-004 score=0.5 retrieval=Đúng citation=Đúng hall=Không latency_ms=0.38
365/450 F105-SLD-005 score=1.0 retrieval=Đúng citation=Đúng hall=Không latency_ms=0.76
366/450 E40-EXT-001 score=1.0 retrieval=Đúng citation=Đúng hall=Không latency_ms=0.72
367/450 E40-EXT-002 score=1.0 retrieval=Đúng citation=Đúng hall=Không latency_ms=0.5
368/450 E40-EXT-003 score=1.0 retrieval=Đúng citation=Đúng hall=Không latency_ms=0.57
369/450 E40-EXT-004 score=1.0 retrieval=Đúng citation=Đúng hall=Không latency_ms=0.76
370/450 E40-EXT-005 score=1.0 retrieval=Đúng citation=Đúng hall=Không latency_ms=0.48
371/450 E40-EXT-006 score=1.0 retrieval=Đúng citation=Đúng hall=Không latency_ms=0.41
372/450 E40-EXT-007 score=1.0 retrieval=Đúng citation=Đúng hall=Không latency_ms=0.42
373/450 E40-EXT-008 score=1.0 retrieval=Đúng citation=Đúng hall=Không latency_ms=0.5
374/450 E40-EXT-009 score=1.0 retrieval=Đúng citation=Đúng hall=Không latency_ms=0.57
375/450 E40-EXT-010 score=1.0 retrieval=Đúng citation=Đúng hall=Không latency_ms=0.47
376/450 E40-EXT-011 score=1.0 retrieval=Đúng citation=Đúng hall=Không latency_ms=326.63
377/450 E40-EXT-012 score=1.0 retrieval=Đúng citation=Đúng hall=Không latency_ms=0.4
378/450 E40-EXT-013 score=0.5 retrieval=Đúng citation=Đúng hall=Không latency_ms=0.52
379/450 E40-EXT-014 score=0.5 retrieval=Đúng citation=Đúng hall=Không latency_ms=0.45
380/450 E40-EXT-015 score=0.5 retrieval=Đúng citation=Đúng hall=Không latency_ms=0.5
381/450 E40-EXT-016 score=1.0 retrieval=Đúng citation=Đúng hall=Không latency_ms=0.55
382/450 E40-EXT-017 score=0.5 retrieval=Đúng citation=Đúng hall=Không latency_ms=0.51
383/450 E40-EXT-018 score=0.5 retrieval=Đúng citation=Đúng hall=Không latency_ms=0.41
384/450 E40-EXT-019 score=0.5 retrieval=Đúng citation=Đúng hall=Không latency_ms=0.55
385/450 E40-EXT-020 score=0.5 retrieval=Đúng citation=Đúng hall=Không latency_ms=0.51
386/450 E40-EXT-021 score=0.5 retrieval=Đúng citation=Đúng hall=Không latency_ms=0.37
387/450 E40-EXT-022 score=0.5 retrieval=Đúng citation=Đúng hall=Không latency_ms=0.39
388/450 E40-EXT-023 score=1.0 retrieval=Đúng citation=Đúng hall=Không latency_ms=450.81
389/450 E40-EXT-024 score=1.0 retrieval=Đúng citation=Đúng hall=Không latency_ms=437.12
390/450 E40-EXT-025 score=1.0 retrieval=Đúng citation=Đúng hall=Không latency_ms=374.73
391/450 E40-EXT-026 score=1.0 retrieval=Đúng citation=Đúng hall=Không latency_ms=450.73
392/450 E40-EXT-027 score=1.0 retrieval=Đúng citation=Đúng hall=Không latency_ms=369.08
393/450 E40-EXT-028 score=1.0 retrieval=Đúng citation=Đúng hall=Không latency_ms=347.26
394/450 E40-EXT-029 score=1.0 retrieval=Đúng citation=Đúng hall=Không latency_ms=342.71
395/450 E40-EXT-030 score=1.0 retrieval=Đúng citation=Đúng hall=Không latency_ms=348.49
396/450 E40-EXT-031 score=1.0 retrieval=Đúng citation=Đúng hall=Không latency_ms=361.75
397/450 E40-EXT-032 score=1.0 retrieval=Đúng citation=Đúng hall=Không latency_ms=346.52
398/450 E40-EXT-033 score=1.0 retrieval=Đúng citation=Đúng hall=Không latency_ms=246.46
399/450 E40-EXT-034 score=1.0 retrieval=Đúng citation=Đúng hall=Không latency_ms=235.63
400/450 E40-EXT-035 score=1.0 retrieval=Đúng citation=Đúng hall=Không latency_ms=693.14
401/450 E40-EXT-036 score=1.0 retrieval=Đúng citation=Đúng hall=Không latency_ms=823.39
402/450 E40-EXT-037 score=1.0 retrieval=Đúng citation=Đúng hall=Không latency_ms=629.82
403/450 E40-EXT-038 score=1.0 retrieval=Đúng citation=Đúng hall=Không latency_ms=390.75
404/450 E40-EXT-039 score=1.0 retrieval=Đúng citation=Đúng hall=Không latency_ms=483.93
405/450 E40-EXT-040 score=1.0 retrieval=Đúng citation=Đúng hall=Không latency_ms=439.76
406/450 N45-001-DETAIL score=1.0 retrieval=Đúng citation=Đúng hall=Không latency_ms=626.5
407/450 N45-002-DETAIL score=0.5 retrieval=Đúng citation=Đúng hall=Không latency_ms=526.59
408/450 N45-003-DETAIL score=1.0 retrieval=Đúng citation=Đúng hall=Không latency_ms=396.59
409/450 N45-004-DETAIL score=0.5 retrieval=Đúng citation=Đúng hall=Không latency_ms=360.5
410/450 N45-005-DETAIL score=1.0 retrieval=Đúng citation=Đúng hall=Không latency_ms=287.43
411/450 N45-006-DETAIL score=0.5 retrieval=Đúng citation=Đúng hall=Không latency_ms=302.65
412/450 N45-007-DETAIL score=1.0 retrieval=Đúng citation=Đúng hall=Không latency_ms=672.31
413/450 N45-008-DETAIL score=1.0 retrieval=Đúng citation=Đúng hall=Không latency_ms=335.67
414/450 N45-009-DETAIL score=0.5 retrieval=Đúng citation=Đúng hall=Không latency_ms=353.89
415/450 N45-010-DETAIL score=1.0 retrieval=Đúng citation=Đúng hall=Không latency_ms=297.99
416/450 N45-011-SUMMARY score=1.0 retrieval=Đúng citation=Đúng hall=Không latency_ms=487.06
417/450 N45-012-SUMMARY score=0.5 retrieval=Đúng citation=Đúng hall=Không latency_ms=452.16
418/450 N45-013-SUMMARY score=0.5 retrieval=Đúng citation=Đúng hall=Không latency_ms=460.9
419/450 N45-014-SUMMARY score=0.5 retrieval=Đúng citation=Đúng hall=Không latency_ms=502.24
420/450 N45-015-SUMMARY score=1.0 retrieval=Đúng citation=Đúng hall=Không latency_ms=473.99
421/450 N45-016-SUMMARY score=1.0 retrieval=Đúng citation=Đúng hall=Không latency_ms=1147.12
422/450 N45-017-SUMMARY score=1.0 retrieval=Đúng citation=Đúng hall=Không latency_ms=537.6
423/450 N45-018-SUMMARY score=1.0 retrieval=Đúng citation=Đúng hall=Không latency_ms=426.81
424/450 N45-019-NEG score=1.0 retrieval=Đúng citation=Đúng hall=Không latency_ms=382.67
425/450 N45-020-NEG score=1.0 retrieval=Đúng citation=Đúng hall=Không latency_ms=525.57
426/450 N45-021-NEG score=1.0 retrieval=Đúng citation=Đúng hall=Không latency_ms=360.86
427/450 N45-022-NEG score=1.0 retrieval=Đúng citation=Đúng hall=Không latency_ms=435.47
428/450 N45-023-NEG score=1.0 retrieval=Đúng citation=Đúng hall=Không latency_ms=456.23
429/450 N45-024-NEG score=1.0 retrieval=Đúng citation=Đúng hall=Không latency_ms=322.01
430/450 N45-025-NEG score=1.0 retrieval=Đúng citation=Đúng hall=Không latency_ms=292.95
431/450 N45-026-NEG score=1.0 retrieval=Đúng citation=Đúng hall=Không latency_ms=300.31
432/450 N45-027-OCR score=1.0 retrieval=Đúng citation=Đúng hall=Không latency_ms=425.74
433/450 N45-028-OCR score=1.0 retrieval=Đúng citation=Đúng hall=Không latency_ms=432.92
434/450 N45-029-OCR score=1.0 retrieval=Đúng citation=Đúng hall=Không latency_ms=379.14
435/450 N45-030-OCR score=1.0 retrieval=Đúng citation=Đúng hall=Không latency_ms=379.37
436/450 N45-031-OCR score=1.0 retrieval=Đúng citation=Đúng hall=Không latency_ms=378.32
437/450 N45-032-OCR score=1.0 retrieval=Đúng citation=Đúng hall=Không latency_ms=552.35
438/450 N45-033-OCR score=1.0 retrieval=Đúng citation=Đúng hall=Không latency_ms=620.32
439/450 N45-034-TABLE score=1.0 retrieval=Đúng citation=Đúng hall=Không latency_ms=618.48
440/450 N45-035-TABLE score=1.0 retrieval=Đúng citation=Đúng hall=Không latency_ms=808.93
441/450 N45-036-TABLE score=1.0 retrieval=Đúng citation=Đúng hall=Không latency_ms=554.5
442/450 N45-037-TABLE score=1.0 retrieval=Đúng citation=Đúng hall=Không latency_ms=510.58
443/450 N45-038-TABLE score=1.0 retrieval=Đúng citation=Đúng hall=Không latency_ms=514.53
444/450 N45-039-TABLE score=1.0 retrieval=Đúng citation=Đúng hall=Không latency_ms=498.63
445/450 N45-040-SLIDE score=0.5 retrieval=Đúng citation=Đúng hall=Không latency_ms=415.15
446/450 N45-041-SLIDE score=0.5 retrieval=Đúng citation=Đúng hall=Không latency_ms=402.69
447/450 N45-042-SLIDE score=1.0 retrieval=Đúng citation=Đúng hall=Không latency_ms=577.67
448/450 N45-043-SLIDE score=0.5 retrieval=Đúng citation=Đúng hall=Không latency_ms=470.29
449/450 N45-044-SLIDE score=1.0 retrieval=Đúng citation=Đúng hall=Không latency_ms=430.36
450/450 N45-045-SLIDE score=0.5 retrieval=Đúng citation=Đúng hall=Không latency_ms=402.72
{
  "total_files": 43,
  "total_questions": 450,
  "full_correct": 360,
  "partial_correct": 90,
  "fail": 0,
  "full_accuracy": 0.8,
  "accepted_count": 450,
  "accepted_rate": 1.0,
  "retrieval_correct": 450,
  "retrieval_rate": 1.0,
  "citation_correct": 450,
  "citation_rate": 1.0,
  "hallucination_count": 0,
  "hallucination_rate": 0.0,
  "mean_latency_ms": 426.34
}
