profiles=43 cases=450
001/450 B300-DIR-001 score=0.5 retrieval=Đúng citation=Đúng hall=Không latency_ms=6555.75
002/450 B300-DIR-002 score=0.5 retrieval=Đúng citation=Đúng hall=Không latency_ms=559.58
003/450 B300-DIR-003 score=0.5 retrieval=Đúng citation=Đúng hall=Không latency_ms=440.46
004/450 B300-DIR-004 score=0.5 retrieval=Đúng citation=Đúng hall=Không latency_ms=415.1
005/450 B300-DIR-005 score=1.0 retrieval=Đúng citation=Đúng hall=Không latency_ms=292.35
006/450 B300-DIR-006 score=1.0 retrieval=Đúng citation=Đúng hall=Không latency_ms=372.89
007/450 B300-DIR-007 score=1.0 retrieval=Đúng citation=Đúng hall=Không latency_ms=494.64
008/450 B300-DIR-008 score=1.0 retrieval=Đúng citation=Đúng hall=Không latency_ms=486.27
009/450 B300-DIR-009 score=1.0 retrieval=Đúng citation=Đúng hall=Không latency_ms=401.2
010/450 B300-DIR-010 score=1.0 retrieval=Đúng citation=Đúng hall=Không latency_ms=303.25
011/450 B300-DIR-011 score=0.5 retrieval=Đúng citation=Đúng hall=Không latency_ms=408.73
012/450 B300-DIR-012 score=0.5 retrieval=Đúng citation=Đúng hall=Không latency_ms=489.2
013/450 B300-DIR-013 score=1.0 retrieval=Đúng citation=Đúng hall=Không latency_ms=272.77
014/450 B300-DIR-014 score=0.5 retrieval=Đúng citation=Đúng hall=Không latency_ms=245.07
015/450 B300-DIR-015 score=1.0 retrieval=Đúng citation=Đúng hall=Không latency_ms=278.28
016/450 B300-DIR-016 score=0.5 retrieval=Đúng citation=Đúng hall=Không latency_ms=288.64
017/450 B300-DIR-017 score=1.0 retrieval=Đúng citation=Đúng hall=Không latency_ms=632.82
018/450 B300-DIR-018 score=1.0 retrieval=Đúng citation=Đúng hall=Không latency_ms=627.46
019/450 B300-DIR-019 score=1.0 retrieval=Đúng citation=Đúng hall=Không latency_ms=444.65
020/450 B300-DIR-020 score=1.0 retrieval=Đúng citation=Đúng hall=Không latency_ms=433.05
021/450 B300-DIR-021 score=1.0 retrieval=Đúng citation=Đúng hall=Không latency_ms=374.47
022/450 B300-DIR-022 score=1.0 retrieval=Đúng citation=Đúng hall=Không latency_ms=622.09
023/450 B300-DIR-023 score=1.0 retrieval=Đúng citation=Đúng hall=Không latency_ms=316.1
024/450 B300-DIR-024 score=1.0 retrieval=Đúng citation=Đúng hall=Không latency_ms=658.72
025/450 B300-DIR-025 score=1.0 retrieval=Đúng citation=Đúng hall=Không latency_ms=303.13
026/450 B300-DIR-026 score=1.0 retrieval=Đúng citation=Đúng hall=Không latency_ms=256.25
027/450 B300-DIR-027 score=1.0 retrieval=Đúng citation=Đúng hall=Không latency_ms=516.24
028/450 B300-DIR-028 score=1.0 retrieval=Đúng citation=Đúng hall=Không latency_ms=619.6
029/450 B300-DIR-029 score=1.0 retrieval=Đúng citation=Đúng hall=Không latency_ms=471.69
030/450 B300-DIR-030 score=1.0 retrieval=Đúng citation=Đúng hall=Không latency_ms=345.19
031/450 B300-DIR-031 score=1.0 retrieval=Đúng citation=Đúng hall=Không latency_ms=278.22
032/450 B300-DIR-032 score=1.0 retrieval=Đúng citation=Đúng hall=Không latency_ms=264.6
033/450 B300-DIR-033 score=1.0 retrieval=Đúng citation=Đúng hall=Không latency_ms=278.86
034/450 B300-DIR-034 score=1.0 retrieval=Đúng citation=Đúng hall=Không latency_ms=298.19
035/450 B300-DIR-035 score=1.0 retrieval=Đúng citation=Đúng hall=Không latency_ms=430.53
036/450 B300-DIR-036 score=0.5 retrieval=Đúng citation=Đúng hall=Không latency_ms=347.83
037/450 B300-DIR-037 score=1.0 retrieval=Đúng citation=Đúng hall=Không latency_ms=428.19
038/450 B300-DIR-038 score=1.0 retrieval=Đúng citation=Đúng hall=Không latency_ms=427.92
039/450 B300-DIR-039 score=1.0 retrieval=Đúng citation=Đúng hall=Không latency_ms=259.52
040/450 B300-DIR-040 score=1.0 retrieval=Đúng citation=Đúng hall=Không latency_ms=277.53
041/450 B300-DIR-041 score=1.0 retrieval=Đúng citation=Đúng hall=Không latency_ms=297.67
042/450 B300-DIR-042 score=1.0 retrieval=Đúng citation=Đúng hall=Không latency_ms=279.84
043/450 B300-DIR-043 score=1.0 retrieval=Đúng citation=Đúng hall=Không latency_ms=303.03
044/450 B300-DIR-044 score=0.5 retrieval=Đúng citation=Đúng hall=Không latency_ms=319.63
045/450 B300-DIR-045 score=1.0 retrieval=Đúng citation=Đúng hall=Không latency_ms=320.54
046/450 B300-DIR-046 score=1.0 retrieval=Đúng citation=Đúng hall=Không latency_ms=517.09
047/450 B300-DIR-047 score=1.0 retrieval=Đúng citation=Đúng hall=Không latency_ms=302.11
048/450 B300-DIR-048 score=1.0 retrieval=Đúng citation=Đúng hall=Không latency_ms=651.61
049/450 B300-DIR-049 score=1.0 retrieval=Đúng citation=Đúng hall=Không latency_ms=313.79
050/450 B300-DIR-050 score=1.0 retrieval=Đúng citation=Đúng hall=Không latency_ms=367.24
051/450 B300-DIR-051 score=0.5 retrieval=Đúng citation=Đúng hall=Không latency_ms=427.6
052/450 B300-DIR-052 score=0.5 retrieval=Đúng citation=Đúng hall=Không latency_ms=468.54
053/450 B300-DIR-053 score=0.5 retrieval=Đúng citation=Đúng hall=Không latency_ms=366.84
054/450 B300-DIR-054 score=0.5 retrieval=Đúng citation=Đúng hall=Không latency_ms=445.72
055/450 B300-DIR-055 score=1.0 retrieval=Đúng citation=Đúng hall=Không latency_ms=514.68
056/450 B300-DIR-056 score=1.0 retrieval=Đúng citation=Đúng hall=Không latency_ms=427.48
057/450 B300-DIR-057 score=1.0 retrieval=Đúng citation=Đúng hall=Không latency_ms=647.08
058/450 B300-DIR-058 score=1.0 retrieval=Đúng citation=Đúng hall=Không latency_ms=538.98
059/450 B300-DIR-059 score=1.0 retrieval=Đúng citation=Đúng hall=Không latency_ms=703.71
060/450 B300-DIR-060 score=0.5 retrieval=Đúng citation=Đúng hall=Không latency_ms=589.8
061/450 B300-DIR-061 score=1.0 retrieval=Đúng citation=Đúng hall=Không latency_ms=603.74
062/450 B300-DIR-062 score=1.0 retrieval=Đúng citation=Đúng hall=Không latency_ms=607.09
063/450 B300-DIR-063 score=1.0 retrieval=Đúng citation=Đúng hall=Không latency_ms=291.46
064/450 B300-DIR-064 score=1.0 retrieval=Đúng citation=Đúng hall=Không latency_ms=380.46
065/450 B300-DIR-065 score=1.0 retrieval=Đúng citation=Đúng hall=Không latency_ms=463.65
066/450 B300-DIR-066 score=1.0 retrieval=Đúng citation=Đúng hall=Không latency_ms=709.2
067/450 B300-DIR-067 score=1.0 retrieval=Đúng citation=Đúng hall=Không latency_ms=351.56
068/450 B300-DIR-068 score=1.0 retrieval=Đúng citation=Đúng hall=Không latency_ms=281.64
069/450 B300-DIR-069 score=1.0 retrieval=Đúng citation=Đúng hall=Không latency_ms=392.22
070/450 B300-DIR-070 score=0.5 retrieval=Đúng citation=Đúng hall=Không latency_ms=375.17
071/450 B300-DIR-071 score=1.0 retrieval=Đúng citation=Đúng hall=Không latency_ms=799.99
072/450 B300-DIR-072 score=1.0 retrieval=Đúng citation=Đúng hall=Không latency_ms=413.91
073/450 B300-DIR-073 score=1.0 retrieval=Đúng citation=Đúng hall=Không latency_ms=343.78
074/450 B300-DIR-074 score=0.5 retrieval=Đúng citation=Đúng hall=Không latency_ms=422.3
075/450 B300-DIR-075 score=1.0 retrieval=Đúng citation=Đúng hall=Không latency_ms=282.55
076/450 B300-DIR-076 score=1.0 retrieval=Đúng citation=Đúng hall=Không latency_ms=422.08
077/450 B300-DIR-077 score=0.5 retrieval=Đúng citation=Đúng hall=Không latency_ms=399.38
078/450 B300-DIR-078 score=0.5 retrieval=Đúng citation=Đúng hall=Không latency_ms=439.86
079/450 B300-DIR-079 score=1.0 retrieval=Đúng citation=Đúng hall=Không latency_ms=362.22
080/450 B300-DIR-080 score=1.0 retrieval=Đúng citation=Đúng hall=Không latency_ms=370.51
081/450 B300-DIR-081 score=1.0 retrieval=Đúng citation=Đúng hall=Không latency_ms=381.35
082/450 B300-DIR-082 score=1.0 retrieval=Đúng citation=Đúng hall=Không latency_ms=507.83
083/450 B300-DIR-083 score=1.0 retrieval=Đúng citation=Đúng hall=Không latency_ms=702.71
084/450 B300-DIR-084 score=1.0 retrieval=Đúng citation=Đúng hall=Không latency_ms=1251.8
085/450 B300-DIR-085 score=1.0 retrieval=Đúng citation=Đúng hall=Không latency_ms=881.65
086/450 B300-DIR-086 score=1.0 retrieval=Đúng citation=Đúng hall=Không latency_ms=453.02
087/450 B300-DIR-087 score=1.0 retrieval=Đúng citation=Đúng hall=Không latency_ms=2902.26
088/450 B300-DIR-088 score=0.5 retrieval=Đúng citation=Đúng hall=Không latency_ms=2630.57
089/450 B300-DIR-089 score=0.5 retrieval=Đúng citation=Đúng hall=Không latency_ms=965.48
090/450 B300-DIR-090 score=0.5 retrieval=Đúng citation=Đúng hall=Không latency_ms=411.65
091/450 B300-SUM-001 score=0.5 retrieval=Đúng citation=Đúng hall=Không latency_ms=357.16
092/450 B300-SUM-002 score=0.5 retrieval=Đúng citation=Đúng hall=Không latency_ms=388.28
093/450 B300-SUM-003 score=1.0 retrieval=Đúng citation=Đúng hall=Không latency_ms=360.11
094/450 B300-SUM-004 score=1.0 retrieval=Đúng citation=Đúng hall=Không latency_ms=794.68
095/450 B300-SUM-005 score=1.0 retrieval=Đúng citation=Đúng hall=Không latency_ms=319.47
096/450 B300-SUM-006 score=1.0 retrieval=Đúng citation=Đúng hall=Không latency_ms=585.98
097/450 B300-SUM-007 score=1.0 retrieval=Đúng citation=Đúng hall=Không latency_ms=684.19
098/450 B300-SUM-008 score=1.0 retrieval=Đúng citation=Đúng hall=Không latency_ms=1280.64
099/450 B300-SUM-009 score=1.0 retrieval=Đúng citation=Đúng hall=Không latency_ms=1246.58
100/450 B300-SUM-010 score=1.0 retrieval=Đúng citation=Đúng hall=Không latency_ms=671.99
101/450 B300-SUM-011 score=1.0 retrieval=Đúng citation=Đúng hall=Không latency_ms=491.23
102/450 B300-SUM-012 score=1.0 retrieval=Đúng citation=Đúng hall=Không latency_ms=292.03
103/450 B300-SUM-013 score=1.0 retrieval=Đúng citation=Đúng hall=Không latency_ms=377.31
104/450 B300-SUM-014 score=1.0 retrieval=Đúng citation=Đúng hall=Không latency_ms=1280.93
105/450 B300-SUM-015 score=1.0 retrieval=Đúng citation=Đúng hall=Không latency_ms=933.6
106/450 B300-SUM-016 score=1.0 retrieval=Đúng citation=Đúng hall=Không latency_ms=820.6
107/450 B300-SUM-017 score=1.0 retrieval=Đúng citation=Đúng hall=Không latency_ms=743.04
108/450 B300-SUM-018 score=1.0 retrieval=Đúng citation=Đúng hall=Không latency_ms=424.77
109/450 B300-SUM-019 score=1.0 retrieval=Đúng citation=Đúng hall=Không latency_ms=671.14
110/450 B300-SUM-020 score=1.0 retrieval=Đúng citation=Đúng hall=Không latency_ms=866.84
111/450 B300-SUM-021 score=1.0 retrieval=Đúng citation=Đúng hall=Không latency_ms=469.47
112/450 B300-SUM-022 score=1.0 retrieval=Đúng citation=Đúng hall=Không latency_ms=449.23
113/450 B300-SUM-023 score=1.0 retrieval=Đúng citation=Đúng hall=Không latency_ms=256.24
114/450 B300-SUM-024 score=1.0 retrieval=Đúng citation=Đúng hall=Không latency_ms=307.01
115/450 B300-SUM-025 score=1.0 retrieval=Đúng citation=Đúng hall=Không latency_ms=273.17
116/450 B300-SUM-026 score=0.5 retrieval=Đúng citation=Đúng hall=Không latency_ms=1177.59
117/450 B300-SUM-027 score=0.5 retrieval=Đúng citation=Đúng hall=Không latency_ms=460.37
118/450 B300-SUM-028 score=1.0 retrieval=Đúng citation=Đúng hall=Không latency_ms=537.84
119/450 B300-SUM-029 score=1.0 retrieval=Đúng citation=Đúng hall=Không latency_ms=310.12
120/450 B300-SUM-030 score=1.0 retrieval=Đúng citation=Đúng hall=Không latency_ms=594.13
121/450 B300-SUM-031 score=1.0 retrieval=Đúng citation=Đúng hall=Không latency_ms=345.05
122/450 B300-SUM-032 score=1.0 retrieval=Đúng citation=Đúng hall=Không latency_ms=298.45
123/450 B300-SUM-033 score=1.0 retrieval=Đúng citation=Đúng hall=Không latency_ms=375.7
124/450 B300-SUM-034 score=1.0 retrieval=Đúng citation=Đúng hall=Không latency_ms=521.99
125/450 B300-SUM-035 score=1.0 retrieval=Đúng citation=Đúng hall=Không latency_ms=432.29
126/450 B300-SUM-036 score=1.0 retrieval=Đúng citation=Đúng hall=Không latency_ms=246.58
127/450 B300-SUM-037 score=1.0 retrieval=Đúng citation=Đúng hall=Không latency_ms=505.39
128/450 B300-SUM-038 score=1.0 retrieval=Đúng citation=Đúng hall=Không latency_ms=561.73
129/450 B300-SUM-039 score=0.5 retrieval=Đúng citation=Đúng hall=Không latency_ms=491.47
130/450 B300-SUM-040 score=1.0 retrieval=Đúng citation=Đúng hall=Không latency_ms=310.27
131/450 B300-SUM-041 score=1.0 retrieval=Đúng citation=Đúng hall=Không latency_ms=298.21
132/450 B300-SUM-042 score=1.0 retrieval=Đúng citation=Đúng hall=Không latency_ms=461.01
133/450 B300-SUM-043 score=1.0 retrieval=Đúng citation=Đúng hall=Không latency_ms=277.74
134/450 B300-SUM-044 score=1.0 retrieval=Đúng citation=Đúng hall=Không latency_ms=594.32
135/450 B300-SUM-045 score=1.0 retrieval=Đúng citation=Đúng hall=Không latency_ms=387.14
136/450 B300-SUM-046 score=1.0 retrieval=Đúng citation=Đúng hall=Không latency_ms=463.66
137/450 B300-SUM-047 score=0.5 retrieval=Đúng citation=Đúng hall=Không latency_ms=510.63
138/450 B300-SUM-048 score=1.0 retrieval=Đúng citation=Đúng hall=Không latency_ms=354.44
139/450 B300-SUM-049 score=1.0 retrieval=Đúng citation=Đúng hall=Không latency_ms=329.73
140/450 B300-SUM-050 score=1.0 retrieval=Đúng citation=Đúng hall=Không latency_ms=542.09
141/450 B300-SUM-051 score=1.0 retrieval=Đúng citation=Đúng hall=Không latency_ms=377.94
142/450 B300-SUM-052 score=0.5 retrieval=Đúng citation=Đúng hall=Không latency_ms=471.83
143/450 B300-SUM-053 score=1.0 retrieval=Đúng citation=Đúng hall=Không latency_ms=417.81
144/450 B300-SUM-054 score=1.0 retrieval=Đúng citation=Đúng hall=Không latency_ms=338.38
145/450 B300-SUM-055 score=0.5 retrieval=Đúng citation=Đúng hall=Không latency_ms=579.4
146/450 B300-SUM-056 score=0.5 retrieval=Đúng citation=Đúng hall=Không latency_ms=377.55
147/450 B300-SUM-057 score=0.5 retrieval=Đúng citation=Đúng hall=Không latency_ms=413.12
148/450 B300-SUM-058 score=1.0 retrieval=Đúng citation=Đúng hall=Không latency_ms=312.71
149/450 B300-SUM-059 score=1.0 retrieval=Đúng citation=Đúng hall=Không latency_ms=350.03
150/450 B300-SUM-060 score=1.0 retrieval=Đúng citation=Đúng hall=Không latency_ms=432.83
151/450 B300-CMP-001 score=1.0 retrieval=Đúng citation=Đúng hall=Không latency_ms=1659.75
152/450 B300-CMP-002 score=1.0 retrieval=Đúng citation=Đúng hall=Không latency_ms=715.55
153/450 B300-CMP-003 score=1.0 retrieval=Đúng citation=Đúng hall=Không latency_ms=1178.07
154/450 B300-CMP-004 score=1.0 retrieval=Đúng citation=Đúng hall=Không latency_ms=1502.44
155/450 B300-CMP-005 score=1.0 retrieval=Đúng citation=Đúng hall=Không latency_ms=567.96
156/450 B300-CMP-006 score=1.0 retrieval=Đúng citation=Đúng hall=Không latency_ms=813.18
157/450 B300-CMP-007 score=1.0 retrieval=Đúng citation=Đúng hall=Không latency_ms=1131.79
158/450 B300-CMP-008 score=1.0 retrieval=Đúng citation=Đúng hall=Không latency_ms=846.46
159/450 B300-CMP-009 score=1.0 retrieval=Đúng citation=Đúng hall=Không latency_ms=1067.26
160/450 B300-CMP-010 score=1.0 retrieval=Đúng citation=Đúng hall=Không latency_ms=778.33
161/450 B300-CMP-011 score=1.0 retrieval=Đúng citation=Đúng hall=Không latency_ms=791.52
162/450 B300-CMP-012 score=1.0 retrieval=Đúng citation=Đúng hall=Không latency_ms=781.38
163/450 B300-CMP-013 score=1.0 retrieval=Đúng citation=Đúng hall=Không latency_ms=1029.27
164/450 B300-CMP-014 score=1.0 retrieval=Đúng citation=Đúng hall=Không latency_ms=940.68
165/450 B300-CMP-015 score=1.0 retrieval=Đúng citation=Đúng hall=Không latency_ms=661.94
166/450 B300-CMP-016 score=1.0 retrieval=Đúng citation=Đúng hall=Không latency_ms=626.98
167/450 B300-CMP-017 score=0.5 retrieval=Đúng citation=Đúng hall=Không latency_ms=837.25
168/450 B300-CMP-018 score=1.0 retrieval=Đúng citation=Đúng hall=Không latency_ms=947.23
169/450 B300-CMP-019 score=0.5 retrieval=Đúng citation=Đúng hall=Không latency_ms=1086.62
170/450 B300-CMP-020 score=1.0 retrieval=Đúng citation=Đúng hall=Không latency_ms=941.04
171/450 B300-CMP-021 score=1.0 retrieval=Đúng citation=Đúng hall=Không latency_ms=663.28
172/450 B300-CMP-022 score=1.0 retrieval=Đúng citation=Đúng hall=Không latency_ms=644.07
173/450 B300-CMP-023 score=1.0 retrieval=Đúng citation=Đúng hall=Không latency_ms=793.92
174/450 B300-CMP-024 score=0.5 retrieval=Đúng citation=Đúng hall=Không latency_ms=812.37
175/450 B300-CMP-025 score=1.0 retrieval=Đúng citation=Đúng hall=Không latency_ms=1072.18
176/450 B300-CMP-026 score=0.5 retrieval=Đúng citation=Đúng hall=Không latency_ms=957.7
177/450 B300-CMP-027 score=1.0 retrieval=Đúng citation=Đúng hall=Không latency_ms=1110.46
178/450 B300-CMP-028 score=1.0 retrieval=Đúng citation=Đúng hall=Không latency_ms=758.38
179/450 B300-CMP-029 score=1.0 retrieval=Đúng citation=Đúng hall=Không latency_ms=1270.59
180/450 B300-CMP-030 score=1.0 retrieval=Đúng citation=Đúng hall=Không latency_ms=627.63
181/450 B300-CMP-031 score=0.5 retrieval=Đúng citation=Đúng hall=Không latency_ms=727.24
182/450 B300-CMP-032 score=1.0 retrieval=Đúng citation=Đúng hall=Không latency_ms=755.87
183/450 B300-CMP-033 score=1.0 retrieval=Đúng citation=Đúng hall=Không latency_ms=980.13
184/450 B300-CMP-034 score=0.5 retrieval=Đúng citation=Đúng hall=Không latency_ms=1435.94
185/450 B300-CMP-035 score=1.0 retrieval=Đúng citation=Đúng hall=Không latency_ms=947.16
186/450 B300-CMP-036 score=1.0 retrieval=Đúng citation=Đúng hall=Không latency_ms=1203.11
187/450 B300-CMP-037 score=1.0 retrieval=Đúng citation=Đúng hall=Không latency_ms=854.6
188/450 B300-CMP-038 score=1.0 retrieval=Đúng citation=Đúng hall=Không latency_ms=888.85
189/450 B300-CMP-039 score=1.0 retrieval=Đúng citation=Đúng hall=Không latency_ms=1739.78
190/450 B300-CMP-040 score=1.0 retrieval=Đúng citation=Đúng hall=Không latency_ms=2036.11
191/450 B300-TAB-001 score=1.0 retrieval=Đúng citation=Đúng hall=Không latency_ms=606.45
192/450 B300-TAB-002 score=1.0 retrieval=Đúng citation=Đúng hall=Không latency_ms=647.37
193/450 B300-TAB-003 score=1.0 retrieval=Đúng citation=Đúng hall=Không latency_ms=647.4
194/450 B300-TAB-004 score=1.0 retrieval=Đúng citation=Đúng hall=Không latency_ms=641.79
195/450 B300-TAB-005 score=1.0 retrieval=Đúng citation=Đúng hall=Không latency_ms=676.27
196/450 B300-TAB-006 score=1.0 retrieval=Đúng citation=Đúng hall=Không latency_ms=760.57
197/450 B300-TAB-007 score=1.0 retrieval=Đúng citation=Đúng hall=Không latency_ms=618.25
198/450 B300-TAB-008 score=1.0 retrieval=Đúng citation=Đúng hall=Không latency_ms=748.28
199/450 B300-TAB-009 score=1.0 retrieval=Đúng citation=Đúng hall=Không latency_ms=1414.04
200/450 B300-TAB-010 score=1.0 retrieval=Đúng citation=Đúng hall=Không latency_ms=833.22
201/450 B300-TAB-011 score=1.0 retrieval=Đúng citation=Đúng hall=Không latency_ms=967.85
202/450 B300-TAB-012 score=1.0 retrieval=Đúng citation=Đúng hall=Không latency_ms=1168.64
203/450 B300-TAB-013 score=1.0 retrieval=Đúng citation=Đúng hall=Không latency_ms=756.73
204/450 B300-TAB-014 score=1.0 retrieval=Đúng citation=Đúng hall=Không latency_ms=852.78
205/450 B300-TAB-015 score=1.0 retrieval=Đúng citation=Đúng hall=Không latency_ms=541.53
206/450 B300-TAB-016 score=1.0 retrieval=Đúng citation=Đúng hall=Không latency_ms=739.98
207/450 B300-TAB-017 score=1.0 retrieval=Đúng citation=Đúng hall=Không latency_ms=559.43
208/450 B300-TAB-018 score=1.0 retrieval=Đúng citation=Đúng hall=Không latency_ms=523.2
209/450 B300-TAB-019 score=1.0 retrieval=Đúng citation=Đúng hall=Không latency_ms=591.72
210/450 B300-TAB-020 score=1.0 retrieval=Đúng citation=Đúng hall=Không latency_ms=1161.13
211/450 B300-TAB-021 score=1.0 retrieval=Đúng citation=Đúng hall=Không latency_ms=471.97
212/450 B300-TAB-022 score=1.0 retrieval=Đúng citation=Đúng hall=Không latency_ms=605.43
213/450 B300-TAB-023 score=1.0 retrieval=Đúng citation=Đúng hall=Không latency_ms=379.48
214/450 B300-TAB-024 score=1.0 retrieval=Đúng citation=Đúng hall=Không latency_ms=476.71
215/450 B300-TAB-025 score=0.5 retrieval=Đúng citation=Đúng hall=Không latency_ms=436.1
216/450 B300-TAB-026 score=0.5 retrieval=Đúng citation=Đúng hall=Không latency_ms=663.82
217/450 B300-TAB-027 score=1.0 retrieval=Đúng citation=Đúng hall=Không latency_ms=540.33
218/450 B300-TAB-028 score=1.0 retrieval=Đúng citation=Đúng hall=Không latency_ms=492.45
219/450 B300-TAB-029 score=1.0 retrieval=Đúng citation=Đúng hall=Không latency_ms=465.21
220/450 B300-TAB-030 score=1.0 retrieval=Đúng citation=Đúng hall=Không latency_ms=452.23
221/450 B300-TAB-031 score=1.0 retrieval=Đúng citation=Đúng hall=Không latency_ms=724.48
222/450 B300-TAB-032 score=1.0 retrieval=Đúng citation=Đúng hall=Không latency_ms=583.83
223/450 B300-TAB-033 score=1.0 retrieval=Đúng citation=Đúng hall=Không latency_ms=455.58
224/450 B300-TAB-034 score=1.0 retrieval=Đúng citation=Đúng hall=Không latency_ms=432.79
225/450 B300-TAB-035 score=1.0 retrieval=Đúng citation=Đúng hall=Không latency_ms=471.08
226/450 B300-TAB-036 score=1.0 retrieval=Đúng citation=Đúng hall=Không latency_ms=674.38
227/450 B300-TAB-037 score=1.0 retrieval=Đúng citation=Đúng hall=Không latency_ms=971.88
228/450 B300-TAB-038 score=1.0 retrieval=Đúng citation=Đúng hall=Không latency_ms=486.83
229/450 B300-TAB-039 score=1.0 retrieval=Đúng citation=Đúng hall=Không latency_ms=401.57
230/450 B300-TAB-040 score=1.0 retrieval=Đúng citation=Đúng hall=Không latency_ms=361.15
231/450 B300-SLD-001 score=0.5 retrieval=Đúng citation=Đúng hall=Không latency_ms=601.16
232/450 B300-SLD-002 score=0.5 retrieval=Đúng citation=Đúng hall=Không latency_ms=441.27
233/450 B300-SLD-003 score=1.0 retrieval=Đúng citation=Đúng hall=Không latency_ms=340.0
234/450 B300-SLD-004 score=0.5 retrieval=Đúng citation=Đúng hall=Không latency_ms=349.69
235/450 B300-SLD-005 score=1.0 retrieval=Đúng citation=Đúng hall=Không latency_ms=300.98
236/450 B300-SLD-006 score=0.5 retrieval=Đúng citation=Đúng hall=Không latency_ms=293.1
237/450 B300-SLD-007 score=0.5 retrieval=Đúng citation=Đúng hall=Không latency_ms=267.72
238/450 B300-SLD-008 score=0.5 retrieval=Đúng citation=Đúng hall=Không latency_ms=294.99
239/450 B300-SLD-009 score=0.5 retrieval=Đúng citation=Đúng hall=Không latency_ms=364.82
240/450 B300-SLD-010 score=1.0 retrieval=Đúng citation=Đúng hall=Không latency_ms=315.87
241/450 B300-SLD-011 score=0.5 retrieval=Đúng citation=Đúng hall=Không latency_ms=350.62
242/450 B300-SLD-012 score=0.5 retrieval=Đúng citation=Đúng hall=Không latency_ms=319.74
243/450 B300-SLD-013 score=0.5 retrieval=Đúng citation=Đúng hall=Không latency_ms=332.51
244/450 B300-SLD-014 score=0.5 retrieval=Đúng citation=Đúng hall=Không latency_ms=309.87
245/450 B300-SLD-015 score=1.0 retrieval=Đúng citation=Đúng hall=Không latency_ms=348.55
246/450 B300-SLD-016 score=0.5 retrieval=Đúng citation=Đúng hall=Không latency_ms=274.92
247/450 B300-SLD-017 score=0.5 retrieval=Đúng citation=Đúng hall=Không latency_ms=293.85
248/450 B300-SLD-018 score=0.5 retrieval=Đúng citation=Đúng hall=Không latency_ms=317.54
249/450 B300-SLD-019 score=0.5 retrieval=Đúng citation=Đúng hall=Không latency_ms=381.11
250/450 B300-SLD-020 score=0.5 retrieval=Đúng citation=Đúng hall=Không latency_ms=775.08
251/450 B300-SLD-021 score=0.5 retrieval=Đúng citation=Đúng hall=Không latency_ms=525.06
252/450 B300-SLD-022 score=0.5 retrieval=Đúng citation=Đúng hall=Không latency_ms=418.7
253/450 B300-SLD-023 score=0.5 retrieval=Đúng citation=Đúng hall=Không latency_ms=417.5
254/450 B300-SLD-024 score=0.5 retrieval=Đúng citation=Đúng hall=Không latency_ms=578.55
255/450 B300-SLD-025 score=0.5 retrieval=Đúng citation=Đúng hall=Không latency_ms=644.8
256/450 B300-SLD-026 score=0.5 retrieval=Đúng citation=Đúng hall=Không latency_ms=554.84
257/450 B300-SLD-027 score=0.5 retrieval=Đúng citation=Đúng hall=Không latency_ms=772.44
258/450 B300-SLD-028 score=0.5 retrieval=Đúng citation=Đúng hall=Không latency_ms=412.55
259/450 B300-SLD-029 score=0.5 retrieval=Đúng citation=Đúng hall=Không latency_ms=427.06
260/450 B300-SLD-030 score=0.5 retrieval=Đúng citation=Đúng hall=Không latency_ms=438.65
261/450 B300-OCR-001 score=1.0 retrieval=Đúng citation=Đúng hall=Không latency_ms=886.93
262/450 B300-OCR-002 score=1.0 retrieval=Đúng citation=Đúng hall=Không latency_ms=632.03
263/450 B300-OCR-003 score=1.0 retrieval=Đúng citation=Đúng hall=Không latency_ms=603.78
264/450 B300-OCR-004 score=1.0 retrieval=Đúng citation=Đúng hall=Không latency_ms=1317.96
265/450 B300-OCR-005 score=1.0 retrieval=Đúng citation=Đúng hall=Không latency_ms=717.84
266/450 B300-OCR-006 score=1.0 retrieval=Đúng citation=Đúng hall=Không latency_ms=618.63
267/450 B300-OCR-007 score=1.0 retrieval=Đúng citation=Đúng hall=Không latency_ms=1029.64
268/450 B300-OCR-008 score=1.0 retrieval=Đúng citation=Đúng hall=Không latency_ms=545.43
269/450 B300-OCR-009 score=1.0 retrieval=Đúng citation=Đúng hall=Không latency_ms=576.91
270/450 B300-OCR-010 score=1.0 retrieval=Đúng citation=Đúng hall=Không latency_ms=1068.56
271/450 B300-OCR-011 score=1.0 retrieval=Đúng citation=Đúng hall=Không latency_ms=600.02
272/450 B300-OCR-012 score=1.0 retrieval=Đúng citation=Đúng hall=Không latency_ms=505.6
273/450 B300-OCR-013 score=1.0 retrieval=Đúng citation=Đúng hall=Không latency_ms=360.51
274/450 B300-OCR-014 score=1.0 retrieval=Đúng citation=Đúng hall=Không latency_ms=274.99
275/450 B300-OCR-015 score=1.0 retrieval=Đúng citation=Đúng hall=Không latency_ms=313.47
276/450 B300-OCR-016 score=1.0 retrieval=Đúng citation=Đúng hall=Không latency_ms=333.57
277/450 B300-OCR-017 score=1.0 retrieval=Đúng citation=Đúng hall=Không latency_ms=331.32
278/450 B300-OCR-018 score=1.0 retrieval=Đúng citation=Đúng hall=Không latency_ms=279.36
279/450 B300-OCR-019 score=1.0 retrieval=Đúng citation=Đúng hall=Không latency_ms=254.25
280/450 B300-OCR-020 score=1.0 retrieval=Đúng citation=Đúng hall=Không latency_ms=251.49
281/450 B300-NEG-001 score=1.0 retrieval=Đúng citation=Đúng hall=Không latency_ms=325.55
282/450 B300-NEG-002 score=1.0 retrieval=Đúng citation=Đúng hall=Không latency_ms=392.54
283/450 B300-NEG-003 score=1.0 retrieval=Đúng citation=Đúng hall=Không latency_ms=595.12
284/450 B300-NEG-004 score=1.0 retrieval=Đúng citation=Đúng hall=Không latency_ms=351.4
285/450 B300-NEG-005 score=1.0 retrieval=Đúng citation=Đúng hall=Không latency_ms=296.08
286/450 B300-NEG-006 score=1.0 retrieval=Đúng citation=Đúng hall=Không latency_ms=345.47
287/450 B300-NEG-007 score=1.0 retrieval=Đúng citation=Đúng hall=Không latency_ms=318.91
288/450 B300-NEG-008 score=1.0 retrieval=Đúng citation=Đúng hall=Không latency_ms=496.18
289/450 B300-NEG-009 score=1.0 retrieval=Đúng citation=Đúng hall=Không latency_ms=724.87
290/450 B300-NEG-010 score=1.0 retrieval=Đúng citation=Đúng hall=Không latency_ms=290.89
291/450 B300-NEG-011 score=1.0 retrieval=Đúng citation=Đúng hall=Không latency_ms=268.33
292/450 B300-NEG-012 score=1.0 retrieval=Đúng citation=Đúng hall=Không latency_ms=383.07
293/450 B300-NEG-013 score=1.0 retrieval=Đúng citation=Đúng hall=Không latency_ms=294.93
294/450 B300-NEG-014 score=1.0 retrieval=Đúng citation=Đúng hall=Không latency_ms=327.35
295/450 B300-NEG-015 score=1.0 retrieval=Đúng citation=Đúng hall=Không latency_ms=368.52
296/450 B300-NEG-016 score=1.0 retrieval=Đúng citation=Đúng hall=Không latency_ms=823.75
297/450 B300-NEG-017 score=1.0 retrieval=Đúng citation=Đúng hall=Không latency_ms=357.72
298/450 B300-NEG-018 score=1.0 retrieval=Đúng citation=Đúng hall=Không latency_ms=330.02
299/450 B300-NEG-019 score=1.0 retrieval=Đúng citation=Đúng hall=Không latency_ms=483.3
300/450 B300-NEG-020 score=1.0 retrieval=Đúng citation=Đúng hall=Không latency_ms=305.8
301/450 F105-NEG-001 score=1.0 retrieval=Đúng citation=Đúng hall=Không latency_ms=806.24
302/450 F105-NEG-002 score=1.0 retrieval=Đúng citation=Đúng hall=Không latency_ms=633.91
303/450 F105-NEG-005 score=1.0 retrieval=Đúng citation=Đúng hall=Không latency_ms=347.93
304/450 F105-NEG-010 score=1.0 retrieval=Đúng citation=Đúng hall=Không latency_ms=565.08
305/450 F105-NEG-015 score=1.0 retrieval=Đúng citation=Đúng hall=Không latency_ms=311.62
306/450 F105-NEG-019 score=1.0 retrieval=Đúng citation=Đúng hall=Không latency_ms=658.89
307/450 F105-NEG-020 score=1.0 retrieval=Đúng citation=Đúng hall=Không latency_ms=380.66
308/450 F105-NEG-003 score=1.0 retrieval=Đúng citation=Đúng hall=Không latency_ms=367.96
309/450 F105-NEG-004 score=1.0 retrieval=Đúng citation=Đúng hall=Không latency_ms=372.61
310/450 F105-NEG-006 score=1.0 retrieval=Đúng citation=Đúng hall=Không latency_ms=362.92
311/450 F105-NEG-007 score=1.0 retrieval=Đúng citation=Đúng hall=Không latency_ms=255.25
312/450 F105-NEG-008 score=1.0 retrieval=Đúng citation=Đúng hall=Không latency_ms=255.95
313/450 F105-NEG-009 score=1.0 retrieval=Đúng citation=Đúng hall=Không latency_ms=579.64
314/450 F105-NEG-011 score=1.0 retrieval=Đúng citation=Đúng hall=Không latency_ms=262.53
315/450 F105-NEG-012 score=1.0 retrieval=Đúng citation=Đúng hall=Không latency_ms=388.89
316/450 F105-NEG-013 score=1.0 retrieval=Đúng citation=Đúng hall=Không latency_ms=296.47
317/450 F105-NEG-014 score=1.0 retrieval=Đúng citation=Đúng hall=Không latency_ms=222.92
318/450 F105-NEG-016 score=1.0 retrieval=Đúng citation=Đúng hall=Không latency_ms=0.64
319/450 F105-NEG-017 score=1.0 retrieval=Đúng citation=Đúng hall=Không latency_ms=279.47
320/450 F105-NEG-018 score=1.0 retrieval=Đúng citation=Đúng hall=Không latency_ms=339.33
321/450 F105-TAB-002 score=1.0 retrieval=Đúng citation=Đúng hall=Không latency_ms=0.52
322/450 F105-TAB-003 score=1.0 retrieval=Đúng citation=Đúng hall=Không latency_ms=0.51
323/450 F105-TAB-004 score=1.0 retrieval=Đúng citation=Đúng hall=Không latency_ms=0.66
324/450 F105-TAB-005 score=1.0 retrieval=Đúng citation=Đúng hall=Không latency_ms=0.47
325/450 F105-TAB-006 score=1.0 retrieval=Đúng citation=Đúng hall=Không latency_ms=0.58
326/450 F105-TAB-007 score=1.0 retrieval=Đúng citation=Đúng hall=Không latency_ms=0.6
327/450 F105-TAB-008 score=1.0 retrieval=Đúng citation=Đúng hall=Không latency_ms=0.42
328/450 F105-TAB-009 score=1.0 retrieval=Đúng citation=Đúng hall=Không latency_ms=0.59
329/450 F105-TAB-010 score=1.0 retrieval=Đúng citation=Đúng hall=Không latency_ms=0.72
330/450 F105-TAB-011 score=1.0 retrieval=Đúng citation=Đúng hall=Không latency_ms=0.73
331/450 F105-TAB-012 score=1.0 retrieval=Đúng citation=Đúng hall=Không latency_ms=0.83
332/450 F105-TAB-013 score=1.0 retrieval=Đúng citation=Đúng hall=Không latency_ms=0.55
333/450 F105-TAB-016 score=1.0 retrieval=Đúng citation=Đúng hall=Không latency_ms=0.64
334/450 F105-TAB-017 score=1.0 retrieval=Đúng citation=Đúng hall=Không latency_ms=1.04
335/450 F105-TAB-018 score=1.0 retrieval=Đúng citation=Đúng hall=Không latency_ms=0.61
336/450 F105-TAB-019 score=1.0 retrieval=Đúng citation=Đúng hall=Không latency_ms=0.44
337/450 F105-TAB-020 score=1.0 retrieval=Đúng citation=Đúng hall=Không latency_ms=0.43
338/450 F105-TAB-021 score=1.0 retrieval=Đúng citation=Đúng hall=Không latency_ms=0.64
339/450 F105-TAB-022 score=1.0 retrieval=Đúng citation=Đúng hall=Không latency_ms=0.73
340/450 F105-TAB-023 score=1.0 retrieval=Đúng citation=Đúng hall=Không latency_ms=0.59
341/450 F105-TAB-024 score=1.0 retrieval=Đúng citation=Đúng hall=Không latency_ms=0.45
342/450 F105-TAB-025 score=0.5 retrieval=Đúng citation=Đúng hall=Không latency_ms=0.49
343/450 F105-TAB-026 score=0.5 retrieval=Đúng citation=Đúng hall=Không latency_ms=0.55
344/450 F105-TAB-028 score=1.0 retrieval=Đúng citation=Đúng hall=Không latency_ms=0.89
345/450 F105-TAB-029 score=1.0 retrieval=Đúng citation=Đúng hall=Không latency_ms=0.84
346/450 F105-TAB-030 score=1.0 retrieval=Đúng citation=Đúng hall=Không latency_ms=0.75
347/450 F105-TAB-031 score=1.0 retrieval=Đúng citation=Đúng hall=Không latency_ms=0.65
348/450 F105-TAB-032 score=1.0 retrieval=Đúng citation=Đúng hall=Không latency_ms=0.75
349/450 F105-TAB-033 score=1.0 retrieval=Đúng citation=Đúng hall=Không latency_ms=0.52
350/450 F105-TAB-035 score=1.0 retrieval=Đúng citation=Đúng hall=Không latency_ms=5.73
351/450 F105-TAB-036 score=1.0 retrieval=Đúng citation=Đúng hall=Không latency_ms=0.58
352/450 F105-TAB-037 score=1.0 retrieval=Đúng citation=Đúng hall=Không latency_ms=0.5
353/450 F105-TAB-038 score=1.0 retrieval=Đúng citation=Đúng hall=Không latency_ms=1.04
354/450 F105-TAB-040 score=1.0 retrieval=Đúng citation=Đúng hall=Không latency_ms=0.53
355/450 F105-TAB-015 score=1.0 retrieval=Đúng citation=Đúng hall=Không latency_ms=0.37
356/450 F105-TAB-034 score=1.0 retrieval=Đúng citation=Đúng hall=Không latency_ms=0.79
357/450 F105-TAB-001 score=1.0 retrieval=Đúng citation=Đúng hall=Không latency_ms=0.56
358/450 F105-TAB-014 score=1.0 retrieval=Đúng citation=Đúng hall=Không latency_ms=0.53
359/450 F105-TAB-027 score=1.0 retrieval=Đúng citation=Đúng hall=Không latency_ms=1.06
360/450 F105-TAB-039 score=1.0 retrieval=Đúng citation=Đúng hall=Không latency_ms=0.51
361/450 F105-SLD-001 score=0.5 retrieval=Đúng citation=Đúng hall=Không latency_ms=0.61
362/450 F105-SLD-002 score=0.5 retrieval=Đúng citation=Đúng hall=Không latency_ms=0.66
363/450 F105-SLD-003 score=1.0 retrieval=Đúng citation=Đúng hall=Không latency_ms=0.59
364/450 F105-SLD-004 score=0.5 retrieval=Đúng citation=Đúng hall=Không latency_ms=0.62
365/450 F105-SLD-005 score=1.0 retrieval=Đúng citation=Đúng hall=Không latency_ms=0.8
366/450 E40-EXT-001 score=1.0 retrieval=Đúng citation=Đúng hall=Không latency_ms=0.58
367/450 E40-EXT-002 score=1.0 retrieval=Đúng citation=Đúng hall=Không latency_ms=0.72
368/450 E40-EXT-003 score=1.0 retrieval=Đúng citation=Đúng hall=Không latency_ms=0.62
369/450 E40-EXT-004 score=1.0 retrieval=Đúng citation=Đúng hall=Không latency_ms=0.52
370/450 E40-EXT-005 score=1.0 retrieval=Đúng citation=Đúng hall=Không latency_ms=0.59
371/450 E40-EXT-006 score=1.0 retrieval=Đúng citation=Đúng hall=Không latency_ms=0.65
372/450 E40-EXT-007 score=1.0 retrieval=Đúng citation=Đúng hall=Không latency_ms=0.58
373/450 E40-EXT-008 score=1.0 retrieval=Đúng citation=Đúng hall=Không latency_ms=3.96
374/450 E40-EXT-009 score=1.0 retrieval=Đúng citation=Đúng hall=Không latency_ms=0.4
375/450 E40-EXT-010 score=1.0 retrieval=Đúng citation=Đúng hall=Không latency_ms=0.57
376/450 E40-EXT-011 score=1.0 retrieval=Đúng citation=Đúng hall=Không latency_ms=496.29
377/450 E40-EXT-012 score=1.0 retrieval=Đúng citation=Đúng hall=Không latency_ms=0.71
378/450 E40-EXT-013 score=0.5 retrieval=Đúng citation=Đúng hall=Không latency_ms=0.54
379/450 E40-EXT-014 score=0.5 retrieval=Đúng citation=Đúng hall=Không latency_ms=0.67
380/450 E40-EXT-015 score=0.5 retrieval=Đúng citation=Đúng hall=Không latency_ms=0.67
381/450 E40-EXT-016 score=1.0 retrieval=Đúng citation=Đúng hall=Không latency_ms=0.69
382/450 E40-EXT-017 score=0.5 retrieval=Đúng citation=Đúng hall=Không latency_ms=0.46
383/450 E40-EXT-018 score=0.5 retrieval=Đúng citation=Đúng hall=Không latency_ms=0.66
384/450 E40-EXT-019 score=0.5 retrieval=Đúng citation=Đúng hall=Không latency_ms=0.67
385/450 E40-EXT-020 score=0.5 retrieval=Đúng citation=Đúng hall=Không latency_ms=0.71
386/450 E40-EXT-021 score=0.5 retrieval=Đúng citation=Đúng hall=Không latency_ms=0.55
387/450 E40-EXT-022 score=0.5 retrieval=Đúng citation=Đúng hall=Không latency_ms=0.55
388/450 E40-EXT-023 score=1.0 retrieval=Đúng citation=Đúng hall=Không latency_ms=766.84
389/450 E40-EXT-024 score=1.0 retrieval=Đúng citation=Đúng hall=Không latency_ms=413.93
390/450 E40-EXT-025 score=1.0 retrieval=Đúng citation=Đúng hall=Không latency_ms=401.54
391/450 E40-EXT-026 score=1.0 retrieval=Đúng citation=Đúng hall=Không latency_ms=547.38
392/450 E40-EXT-027 score=1.0 retrieval=Đúng citation=Đúng hall=Không latency_ms=434.47
393/450 E40-EXT-028 score=1.0 retrieval=Đúng citation=Đúng hall=Không latency_ms=463.16
394/450 E40-EXT-029 score=1.0 retrieval=Đúng citation=Đúng hall=Không latency_ms=285.06
395/450 E40-EXT-030 score=1.0 retrieval=Đúng citation=Đúng hall=Không latency_ms=342.88
396/450 E40-EXT-031 score=1.0 retrieval=Đúng citation=Đúng hall=Không latency_ms=307.62
397/450 E40-EXT-032 score=1.0 retrieval=Đúng citation=Đúng hall=Không latency_ms=285.89
398/450 E40-EXT-033 score=1.0 retrieval=Đúng citation=Đúng hall=Không latency_ms=245.89
399/450 E40-EXT-034 score=1.0 retrieval=Đúng citation=Đúng hall=Không latency_ms=259.95
400/450 E40-EXT-035 score=1.0 retrieval=Đúng citation=Đúng hall=Không latency_ms=1131.79
401/450 E40-EXT-036 score=1.0 retrieval=Đúng citation=Đúng hall=Không latency_ms=878.64
402/450 E40-EXT-037 score=1.0 retrieval=Đúng citation=Đúng hall=Không latency_ms=1001.26
403/450 E40-EXT-038 score=1.0 retrieval=Đúng citation=Đúng hall=Không latency_ms=400.86
404/450 E40-EXT-039 score=1.0 retrieval=Đúng citation=Đúng hall=Không latency_ms=615.66
405/450 E40-EXT-040 score=1.0 retrieval=Đúng citation=Đúng hall=Không latency_ms=572.38
406/450 N45-001-DETAIL score=0.5 retrieval=Đúng citation=Đúng hall=Không latency_ms=2889.81
407/450 N45-002-DETAIL score=0.5 retrieval=Đúng citation=Đúng hall=Không latency_ms=2609.46
408/450 N45-003-DETAIL score=0.5 retrieval=Đúng citation=Đúng hall=Không latency_ms=821.68
409/450 N45-004-DETAIL score=0.5 retrieval=Đúng citation=Đúng hall=Không latency_ms=419.29
410/450 N45-005-DETAIL score=0.5 retrieval=Đúng citation=Đúng hall=Không latency_ms=2382.68
411/450 N45-006-DETAIL score=0.5 retrieval=Đúng citation=Đúng hall=Không latency_ms=890.42
412/450 N45-007-DETAIL score=0.0 retrieval=Sai citation=Sai hall=Không latency_ms=2725.74
413/450 N45-008-DETAIL score=0.5 retrieval=Đúng citation=Đúng hall=Không latency_ms=2496.99
414/450 N45-009-DETAIL score=0.5 retrieval=Đúng citation=Đúng hall=Không latency_ms=2484.61
415/450 N45-010-DETAIL score=1.0 retrieval=Đúng citation=Đúng hall=Không latency_ms=2437.14
416/450 N45-011-SUMMARY score=1.0 retrieval=Đúng citation=Đúng hall=Không latency_ms=473.15
417/450 N45-012-SUMMARY score=0.5 retrieval=Đúng citation=Đúng hall=Không latency_ms=408.36
418/450 N45-013-SUMMARY score=0.5 retrieval=Đúng citation=Đúng hall=Không latency_ms=500.52
419/450 N45-014-SUMMARY score=0.5 retrieval=Đúng citation=Đúng hall=Không latency_ms=469.03
420/450 N45-015-SUMMARY score=1.0 retrieval=Đúng citation=Đúng hall=Không latency_ms=486.65
421/450 N45-016-SUMMARY score=1.0 retrieval=Đúng citation=Đúng hall=Không latency_ms=451.62
422/450 N45-017-SUMMARY score=1.0 retrieval=Đúng citation=Đúng hall=Không latency_ms=534.37
423/450 N45-018-SUMMARY score=1.0 retrieval=Đúng citation=Đúng hall=Không latency_ms=476.27
424/450 N45-019-NEG score=1.0 retrieval=Đúng citation=Đúng hall=Không latency_ms=335.28
425/450 N45-020-NEG score=1.0 retrieval=Đúng citation=Đúng hall=Không latency_ms=386.32
426/450 N45-021-NEG score=1.0 retrieval=Đúng citation=Đúng hall=Không latency_ms=363.02
427/450 N45-022-NEG score=1.0 retrieval=Đúng citation=Đúng hall=Không latency_ms=672.91
428/450 N45-023-NEG score=1.0 retrieval=Đúng citation=Đúng hall=Không latency_ms=435.9
429/450 N45-024-NEG score=1.0 retrieval=Đúng citation=Đúng hall=Không latency_ms=437.37
430/450 N45-025-NEG score=1.0 retrieval=Đúng citation=Đúng hall=Không latency_ms=609.0
431/450 N45-026-NEG score=1.0 retrieval=Đúng citation=Đúng hall=Không latency_ms=396.82
432/450 N45-027-OCR score=1.0 retrieval=Đúng citation=Đúng hall=Không latency_ms=499.11
433/450 N45-028-OCR score=1.0 retrieval=Đúng citation=Đúng hall=Không latency_ms=488.06
434/450 N45-029-OCR score=1.0 retrieval=Đúng citation=Đúng hall=Không latency_ms=492.62
435/450 N45-030-OCR score=1.0 retrieval=Đúng citation=Đúng hall=Không latency_ms=737.32
436/450 N45-031-OCR score=1.0 retrieval=Đúng citation=Đúng hall=Không latency_ms=802.65
437/450 N45-032-OCR score=1.0 retrieval=Đúng citation=Đúng hall=Không latency_ms=462.15
438/450 N45-033-OCR score=1.0 retrieval=Đúng citation=Đúng hall=Không latency_ms=471.95
439/450 N45-034-TABLE score=1.0 retrieval=Đúng citation=Đúng hall=Không latency_ms=621.25
440/450 N45-035-TABLE score=1.0 retrieval=Đúng citation=Đúng hall=Không latency_ms=732.97
441/450 N45-036-TABLE score=1.0 retrieval=Đúng citation=Đúng hall=Không latency_ms=570.92
442/450 N45-037-TABLE score=1.0 retrieval=Đúng citation=Đúng hall=Không latency_ms=443.19
443/450 N45-038-TABLE score=1.0 retrieval=Đúng citation=Đúng hall=Không latency_ms=470.03
444/450 N45-039-TABLE score=1.0 retrieval=Đúng citation=Đúng hall=Không latency_ms=461.15
445/450 N45-040-SLIDE score=0.5 retrieval=Đúng citation=Đúng hall=Không latency_ms=488.18
446/450 N45-041-SLIDE score=0.5 retrieval=Đúng citation=Đúng hall=Không latency_ms=473.85
447/450 N45-042-SLIDE score=1.0 retrieval=Đúng citation=Đúng hall=Không latency_ms=682.12
448/450 N45-043-SLIDE score=0.5 retrieval=Đúng citation=Đúng hall=Không latency_ms=494.11
449/450 N45-044-SLIDE score=1.0 retrieval=Đúng citation=Đúng hall=Không latency_ms=625.23
450/450 N45-045-SLIDE score=0.5 retrieval=Đúng citation=Đúng hall=Không latency_ms=1023.87
{
  "total_files": 43,
  "total_questions": 450,
  "full_correct": 354,
  "partial_correct": 95,
  "fail": 1,
  "full_accuracy": 0.7867,
  "accepted_count": 449,
  "accepted_rate": 0.9978,
  "retrieval_correct": 449,
  "retrieval_rate": 0.9978,
  "citation_correct": 449,
  "citation_rate": 0.9978,
  "hallucination_count": 0,
  "hallucination_rate": 0.0,
  "mean_latency_ms": 522.41
}
