profiles=43 cases=450
001/450 B300-DIR-001 score=0.5 retrieval=Đúng citation=Đúng hall=Không latency_ms=12300.15
002/450 B300-DIR-002 score=0.5 retrieval=Đúng citation=Đúng hall=Không latency_ms=22417.82
003/450 B300-DIR-003 score=0.5 retrieval=Đúng citation=Đúng hall=Không latency_ms=2257.81
004/450 B300-DIR-004 score=0.5 retrieval=Đúng citation=Đúng hall=Không latency_ms=32609.97
005/450 B300-DIR-005 score=1.0 retrieval=Đúng citation=Đúng hall=Không latency_ms=12960.44
006/450 B300-DIR-006 score=1.0 retrieval=Đúng citation=Đúng hall=Không latency_ms=8863.47
007/450 B300-DIR-007 score=1.0 retrieval=Đúng citation=Đúng hall=Không latency_ms=38122.71
008/450 B300-DIR-008 score=1.0 retrieval=Đúng citation=Đúng hall=Không latency_ms=47360.04
009/450 B300-DIR-009 score=1.0 retrieval=Đúng citation=Đúng hall=Không latency_ms=13861.18
010/450 B300-DIR-010 score=1.0 retrieval=Đúng citation=Đúng hall=Không latency_ms=12992.38
011/450 B300-DIR-011 score=0.5 retrieval=Đúng citation=Đúng hall=Không latency_ms=12110.84
012/450 B300-DIR-012 score=0.5 retrieval=Đúng citation=Đúng hall=Không latency_ms=17823.32
013/450 B300-DIR-013 score=0.5 retrieval=Đúng citation=Đúng hall=Không latency_ms=16063.38
014/450 B300-DIR-014 score=0.5 retrieval=Đúng citation=Đúng hall=Không latency_ms=16913.86
015/450 B300-DIR-015 score=1.0 retrieval=Đúng citation=Đúng hall=Không latency_ms=9003.45
016/450 B300-DIR-016 score=0.5 retrieval=Đúng citation=Đúng hall=Không latency_ms=2129.94
017/450 B300-DIR-017 score=1.0 retrieval=Đúng citation=Đúng hall=Không latency_ms=297.66
018/450 B300-DIR-018 score=0.0 retrieval=Sai citation=Sai hall=Không latency_ms=2305.98
019/450 B300-DIR-019 score=0.5 retrieval=Đúng citation=Đúng hall=Không latency_ms=2096.37
020/450 B300-DIR-020 score=0.5 retrieval=Đúng citation=Đúng hall=Không latency_ms=2117.76
021/450 B300-DIR-021 score=1.0 retrieval=Đúng citation=Đúng hall=Không latency_ms=6733.9
022/450 B300-DIR-022 score=0.0 retrieval=Sai citation=Sai hall=Không latency_ms=2079.15
023/450 B300-DIR-023 score=0.0 retrieval=Sai citation=Sai hall=Không latency_ms=2063.98
024/450 B300-DIR-024 score=0.0 retrieval=Sai citation=Sai hall=Không latency_ms=2068.38
025/450 B300-DIR-025 score=0.0 retrieval=Sai citation=Sai hall=Không latency_ms=2091.62
026/450 B300-DIR-026 score=0.0 retrieval=Sai citation=Sai hall=Không latency_ms=2090.11
027/450 B300-DIR-027 score=0.0 retrieval=Sai citation=Sai hall=Không latency_ms=2092.69
028/450 B300-DIR-028 score=0.0 retrieval=Sai citation=Sai hall=Không latency_ms=2147.51
029/450 B300-DIR-029 score=1.0 retrieval=Đúng citation=Đúng hall=Không latency_ms=2115.74
030/450 B300-DIR-030 score=1.0 retrieval=Đúng citation=Đúng hall=Không latency_ms=2172.18
031/450 B300-DIR-031 score=1.0 retrieval=Đúng citation=Đúng hall=Không latency_ms=2113.12
032/450 B300-DIR-032 score=0.0 retrieval=Sai citation=Sai hall=Không latency_ms=2074.83
033/450 B300-DIR-033 score=0.0 retrieval=Sai citation=Sai hall=Không latency_ms=2115.03
034/450 B300-DIR-034 score=0.0 retrieval=Sai citation=Sai hall=Không latency_ms=2123.52
035/450 B300-DIR-035 score=1.0 retrieval=Đúng citation=Đúng hall=Không latency_ms=2154.9
036/450 B300-DIR-036 score=1.0 retrieval=Đúng citation=Đúng hall=Không latency_ms=2112.18
037/450 B300-DIR-037 score=1.0 retrieval=Đúng citation=Đúng hall=Không latency_ms=2223.91
038/450 B300-DIR-038 score=1.0 retrieval=Đúng citation=Đúng hall=Không latency_ms=2152.16
039/450 B300-DIR-039 score=1.0 retrieval=Đúng citation=Đúng hall=Không latency_ms=2112.67
040/450 B300-DIR-040 score=0.5 retrieval=Đúng citation=Đúng hall=Không latency_ms=2075.27
041/450 B300-DIR-041 score=1.0 retrieval=Đúng citation=Đúng hall=Không latency_ms=2081.71
042/450 B300-DIR-042 score=0.5 retrieval=Đúng citation=Đúng hall=Không latency_ms=2090.67
043/450 B300-DIR-043 score=0.5 retrieval=Đúng citation=Đúng hall=Không latency_ms=2096.0
044/450 B300-DIR-044 score=0.0 retrieval=Sai citation=Sai hall=Không latency_ms=2108.9
045/450 B300-DIR-045 score=0.0 retrieval=Sai citation=Sai hall=Không latency_ms=2113.86
046/450 B300-DIR-046 score=0.0 retrieval=Sai citation=Sai hall=Không latency_ms=2110.01
047/450 B300-DIR-047 score=0.0 retrieval=Sai citation=Sai hall=Không latency_ms=2119.67
048/450 B300-DIR-048 score=0.0 retrieval=Sai citation=Sai hall=Không latency_ms=2085.09
049/450 B300-DIR-049 score=1.0 retrieval=Đúng citation=Đúng hall=Không latency_ms=2083.48
050/450 B300-DIR-050 score=0.0 retrieval=Sai citation=Sai hall=Không latency_ms=2116.78
051/450 B300-DIR-051 score=0.0 retrieval=Sai citation=Sai hall=Không latency_ms=2133.6
052/450 B300-DIR-052 score=0.5 retrieval=Đúng citation=Đúng hall=Không latency_ms=2102.32
053/450 B300-DIR-053 score=0.0 retrieval=Sai citation=Sai hall=Không latency_ms=2086.75
054/450 B300-DIR-054 score=0.5 retrieval=Đúng citation=Đúng hall=Không latency_ms=2097.53
055/450 B300-DIR-055 score=0.0 retrieval=Sai citation=Sai hall=Không latency_ms=2140.17
056/450 B300-DIR-056 score=1.0 retrieval=Đúng citation=Đúng hall=Không latency_ms=2097.22
057/450 B300-DIR-057 score=0.5 retrieval=Đúng citation=Đúng hall=Không latency_ms=2148.45
058/450 B300-DIR-058 score=0.0 retrieval=Sai citation=Sai hall=Không latency_ms=2107.53
059/450 B300-DIR-059 score=1.0 retrieval=Đúng citation=Đúng hall=Không latency_ms=2322.04
060/450 B300-DIR-060 score=1.0 retrieval=Đúng citation=Đúng hall=Không latency_ms=2333.07
061/450 B300-DIR-061 score=0.0 retrieval=Sai citation=Sai hall=Không latency_ms=2055.76
062/450 B300-DIR-062 score=0.0 retrieval=Sai citation=Sai hall=Không latency_ms=2080.11
063/450 B300-DIR-063 score=0.0 retrieval=Sai citation=Sai hall=Không latency_ms=2163.64
064/450 B300-DIR-064 score=0.0 retrieval=Sai citation=Sai hall=Không latency_ms=2045.26
065/450 B300-DIR-065 score=0.5 retrieval=Đúng citation=Đúng hall=Không latency_ms=2165.31
066/450 B300-DIR-066 score=1.0 retrieval=Đúng citation=Đúng hall=Không latency_ms=2172.61
067/450 B300-DIR-067 score=1.0 retrieval=Đúng citation=Đúng hall=Không latency_ms=84773.32
068/450 B300-DIR-068 score=0.0 retrieval=Sai citation=Sai hall=Không latency_ms=2140.41
069/450 B300-DIR-069 score=0.5 retrieval=Đúng citation=Đúng hall=Không latency_ms=2223.51
070/450 B300-DIR-070 score=0.5 retrieval=Đúng citation=Đúng hall=Không latency_ms=2351.29
071/450 B300-DIR-071 score=0.0 retrieval=Sai citation=Sai hall=Không latency_ms=2154.55
072/450 B300-DIR-072 score=0.0 retrieval=Sai citation=Sai hall=Không latency_ms=2140.39
073/450 B300-DIR-073 score=0.0 retrieval=Sai citation=Sai hall=Không latency_ms=2199.36
074/450 B300-DIR-074 score=0.0 retrieval=Sai citation=Sai hall=Không latency_ms=2250.49
075/450 B300-DIR-075 score=0.5 retrieval=Đúng citation=Đúng hall=Không latency_ms=2202.34
076/450 B300-DIR-076 score=1.0 retrieval=Đúng citation=Đúng hall=Không latency_ms=2211.1
077/450 B300-DIR-077 score=0.5 retrieval=Đúng citation=Đúng hall=Không latency_ms=202.77
078/450 B300-DIR-078 score=0.0 retrieval=Sai citation=Sai hall=Không latency_ms=2390.69
079/450 B300-DIR-079 score=0.0 retrieval=Sai citation=Sai hall=Không latency_ms=2179.87
080/450 B300-DIR-080 score=1.0 retrieval=Đúng citation=Đúng hall=Không latency_ms=2160.33
081/450 B300-DIR-081 score=1.0 retrieval=Đúng citation=Đúng hall=Không latency_ms=2150.66
082/450 B300-DIR-082 score=0.5 retrieval=Đúng citation=Đúng hall=Không latency_ms=2154.84
083/450 B300-DIR-083 score=1.0 retrieval=Đúng citation=Đúng hall=Không latency_ms=208.03
084/450 B300-DIR-084 score=0.0 retrieval=Sai citation=Sai hall=Không latency_ms=2263.16
085/450 B300-DIR-085 score=1.0 retrieval=Đúng citation=Đúng hall=Không latency_ms=129.52
086/450 B300-DIR-086 score=0.5 retrieval=Đúng citation=Đúng hall=Không latency_ms=2181.8
087/450 B300-DIR-087 score=1.0 retrieval=Đúng citation=Đúng hall=Không latency_ms=2348.54
088/450 B300-DIR-088 score=0.5 retrieval=Đúng citation=Đúng hall=Không latency_ms=2215.23
089/450 B300-DIR-089 score=0.5 retrieval=Đúng citation=Đúng hall=Không latency_ms=2293.19
090/450 B300-DIR-090 score=0.0 retrieval=Sai citation=Sai hall=Không latency_ms=2293.72
091/450 B300-SUM-001 score=0.5 retrieval=Đúng citation=Đúng hall=Không latency_ms=2238.19
092/450 B300-SUM-002 score=0.5 retrieval=Đúng citation=Đúng hall=Không latency_ms=2227.79
093/450 B300-SUM-003 score=1.0 retrieval=Đúng citation=Đúng hall=Không latency_ms=75010.87
094/450 B300-SUM-004 score=1.0 retrieval=Đúng citation=Đúng hall=Không latency_ms=2281.31
095/450 B300-SUM-005 score=1.0 retrieval=Đúng citation=Đúng hall=Không latency_ms=63937.59
096/450 B300-SUM-006 score=0.5 retrieval=Đúng citation=Đúng hall=Không latency_ms=2146.51
097/450 B300-SUM-007 score=1.0 retrieval=Đúng citation=Đúng hall=Không latency_ms=2159.44
098/450 B300-SUM-008 score=1.0 retrieval=Đúng citation=Đúng hall=Không latency_ms=2133.6
099/450 B300-SUM-009 score=1.0 retrieval=Đúng citation=Đúng hall=Không latency_ms=346.29
100/450 B300-SUM-010 score=1.0 retrieval=Đúng citation=Đúng hall=Không latency_ms=2098.51
101/450 B300-SUM-011 score=1.0 retrieval=Đúng citation=Đúng hall=Không latency_ms=2116.51
102/450 B300-SUM-012 score=1.0 retrieval=Đúng citation=Đúng hall=Không latency_ms=2107.63
103/450 B300-SUM-013 score=1.0 retrieval=Đúng citation=Đúng hall=Không latency_ms=2075.46
104/450 B300-SUM-014 score=1.0 retrieval=Đúng citation=Đúng hall=Không latency_ms=2079.47
105/450 B300-SUM-015 score=1.0 retrieval=Đúng citation=Đúng hall=Không latency_ms=2074.25
106/450 B300-SUM-016 score=1.0 retrieval=Đúng citation=Đúng hall=Không latency_ms=2128.53
107/450 B300-SUM-017 score=1.0 retrieval=Đúng citation=Đúng hall=Không latency_ms=2074.6
108/450 B300-SUM-018 score=1.0 retrieval=Đúng citation=Đúng hall=Không latency_ms=2126.11
109/450 B300-SUM-019 score=1.0 retrieval=Đúng citation=Đúng hall=Không latency_ms=2133.24
110/450 B300-SUM-020 score=1.0 retrieval=Đúng citation=Đúng hall=Không latency_ms=2158.52
111/450 B300-SUM-021 score=1.0 retrieval=Đúng citation=Đúng hall=Không latency_ms=2094.71
112/450 B300-SUM-022 score=1.0 retrieval=Đúng citation=Đúng hall=Không latency_ms=2139.89
113/450 B300-SUM-023 score=1.0 retrieval=Đúng citation=Đúng hall=Không latency_ms=2189.01
114/450 B300-SUM-024 score=1.0 retrieval=Đúng citation=Đúng hall=Không latency_ms=2114.7
115/450 B300-SUM-025 score=1.0 retrieval=Đúng citation=Đúng hall=Không latency_ms=2126.76
116/450 B300-SUM-026 score=1.0 retrieval=Đúng citation=Đúng hall=Không latency_ms=2127.76
117/450 B300-SUM-027 score=1.0 retrieval=Đúng citation=Đúng hall=Không latency_ms=2115.04
118/450 B300-SUM-028 score=1.0 retrieval=Đúng citation=Đúng hall=Không latency_ms=2177.04
119/450 B300-SUM-029 score=1.0 retrieval=Đúng citation=Đúng hall=Không latency_ms=2064.6
120/450 B300-SUM-030 score=1.0 retrieval=Đúng citation=Đúng hall=Không latency_ms=2277.62
121/450 B300-SUM-031 score=1.0 retrieval=Đúng citation=Đúng hall=Không latency_ms=2060.34
122/450 B300-SUM-032 score=1.0 retrieval=Đúng citation=Đúng hall=Không latency_ms=2069.3
123/450 B300-SUM-033 score=0.5 retrieval=Đúng citation=Đúng hall=Không latency_ms=2174.85
124/450 B300-SUM-034 score=1.0 retrieval=Đúng citation=Đúng hall=Không latency_ms=2117.64
125/450 B300-SUM-035 score=0.5 retrieval=Đúng citation=Đúng hall=Không latency_ms=2199.76
126/450 B300-SUM-036 score=1.0 retrieval=Đúng citation=Đúng hall=Không latency_ms=2074.86
127/450 B300-SUM-037 score=1.0 retrieval=Đúng citation=Đúng hall=Không latency_ms=2175.43
128/450 B300-SUM-038 score=1.0 retrieval=Đúng citation=Đúng hall=Không latency_ms=2166.63
129/450 B300-SUM-039 score=1.0 retrieval=Đúng citation=Đúng hall=Không latency_ms=220.16
130/450 B300-SUM-040 score=1.0 retrieval=Đúng citation=Đúng hall=Không latency_ms=2091.01
131/450 B300-SUM-041 score=1.0 retrieval=Đúng citation=Đúng hall=Không latency_ms=2106.61
132/450 B300-SUM-042 score=1.0 retrieval=Đúng citation=Đúng hall=Không latency_ms=201.69
133/450 B300-SUM-043 score=1.0 retrieval=Đúng citation=Đúng hall=Không latency_ms=139.9
134/450 B300-SUM-044 score=1.0 retrieval=Đúng citation=Đúng hall=Không latency_ms=2376.44
135/450 B300-SUM-045 score=1.0 retrieval=Đúng citation=Đúng hall=Không latency_ms=2114.26
136/450 B300-SUM-046 score=1.0 retrieval=Đúng citation=Đúng hall=Không latency_ms=2194.96
137/450 B300-SUM-047 score=0.5 retrieval=Đúng citation=Đúng hall=Không latency_ms=209.78
138/450 B300-SUM-048 score=0.5 retrieval=Đúng citation=Đúng hall=Không latency_ms=2134.48
139/450 B300-SUM-049 score=1.0 retrieval=Đúng citation=Đúng hall=Không latency_ms=2184.67
140/450 B300-SUM-050 score=1.0 retrieval=Đúng citation=Đúng hall=Không latency_ms=303.51
141/450 B300-SUM-051 score=0.5 retrieval=Đúng citation=Đúng hall=Không latency_ms=2213.54
142/450 B300-SUM-052 score=0.5 retrieval=Đúng citation=Đúng hall=Không latency_ms=2116.59
143/450 B300-SUM-053 score=1.0 retrieval=Đúng citation=Đúng hall=Không latency_ms=2167.94
144/450 B300-SUM-054 score=1.0 retrieval=Đúng citation=Đúng hall=Không latency_ms=2154.47
145/450 B300-SUM-055 score=0.5 retrieval=Đúng citation=Đúng hall=Không latency_ms=2262.57
146/450 B300-SUM-056 score=0.5 retrieval=Đúng citation=Đúng hall=Không latency_ms=2106.96
147/450 B300-SUM-057 score=0.5 retrieval=Đúng citation=Đúng hall=Không latency_ms=2168.05
148/450 B300-SUM-058 score=1.0 retrieval=Đúng citation=Đúng hall=Không latency_ms=2160.83
149/450 B300-SUM-059 score=1.0 retrieval=Đúng citation=Đúng hall=Không latency_ms=2160.67
150/450 B300-SUM-060 score=1.0 retrieval=Đúng citation=Đúng hall=Không latency_ms=2137.18
151/450 B300-CMP-001 score=0.5 retrieval=Một phần citation=Một phần hall=Không latency_ms=284.56
152/450 B300-CMP-002 score=1.0 retrieval=Đúng citation=Đúng hall=Không latency_ms=271.23
153/450 B300-CMP-003 score=1.0 retrieval=Đúng citation=Đúng hall=Không latency_ms=274.84
154/450 B300-CMP-004 score=0.5 retrieval=Một phần citation=Một phần hall=Không latency_ms=2829.4
155/450 B300-CMP-005 score=1.0 retrieval=Đúng citation=Đúng hall=Không latency_ms=250.89
156/450 B300-CMP-006 score=1.0 retrieval=Đúng citation=Đúng hall=Không latency_ms=397.86
157/450 B300-CMP-007 score=1.0 retrieval=Đúng citation=Đúng hall=Không latency_ms=312.62
158/450 B300-CMP-008 score=1.0 retrieval=Đúng citation=Đúng hall=Không latency_ms=292.32
159/450 B300-CMP-009 score=1.0 retrieval=Đúng citation=Đúng hall=Không latency_ms=277.16
160/450 B300-CMP-010 score=1.0 retrieval=Đúng citation=Đúng hall=Không latency_ms=359.67
161/450 B300-CMP-011 score=0.0 retrieval=Sai citation=Sai hall=Không latency_ms=351.44
162/450 B300-CMP-012 score=0.5 retrieval=Một phần citation=Một phần hall=Không latency_ms=2480.59
163/450 B300-CMP-013 score=1.0 retrieval=Đúng citation=Đúng hall=Không latency_ms=461.29
164/450 B300-CMP-014 score=1.0 retrieval=Đúng citation=Đúng hall=Không latency_ms=336.36
165/450 B300-CMP-015 score=1.0 retrieval=Đúng citation=Đúng hall=Không latency_ms=268.64
166/450 B300-CMP-016 score=1.0 retrieval=Đúng citation=Đúng hall=Không latency_ms=276.66
167/450 B300-CMP-017 score=1.0 retrieval=Đúng citation=Đúng hall=Không latency_ms=325.95
168/450 B300-CMP-018 score=0.0 retrieval=Sai citation=Sai hall=Không latency_ms=355.38
169/450 B300-CMP-019 score=0.5 retrieval=Đúng citation=Đúng hall=Không latency_ms=468.68
170/450 B300-CMP-020 score=1.0 retrieval=Đúng citation=Đúng hall=Không latency_ms=317.54
171/450 B300-CMP-021 score=1.0 retrieval=Đúng citation=Đúng hall=Không latency_ms=278.07
172/450 B300-CMP-022 score=1.0 retrieval=Đúng citation=Đúng hall=Không latency_ms=275.6
173/450 B300-CMP-023 score=1.0 retrieval=Đúng citation=Đúng hall=Không latency_ms=275.46
174/450 B300-CMP-024 score=0.5 retrieval=Đúng citation=Đúng hall=Không latency_ms=299.45
175/450 B300-CMP-025 score=0.5 retrieval=Một phần citation=Một phần hall=Không latency_ms=320.1
176/450 B300-CMP-026 score=0.5 retrieval=Một phần citation=Một phần hall=Không latency_ms=377.19
177/450 B300-CMP-027 score=1.0 retrieval=Đúng citation=Đúng hall=Không latency_ms=286.44
178/450 B300-CMP-028 score=1.0 retrieval=Đúng citation=Đúng hall=Không latency_ms=308.52
179/450 B300-CMP-029 score=1.0 retrieval=Đúng citation=Đúng hall=Không latency_ms=304.93
180/450 B300-CMP-030 score=1.0 retrieval=Đúng citation=Đúng hall=Không latency_ms=273.12
181/450 B300-CMP-031 score=0.5 retrieval=Một phần citation=Một phần hall=Không latency_ms=306.92
182/450 B300-CMP-032 score=0.5 retrieval=Một phần citation=Một phần hall=Không latency_ms=424.14
183/450 B300-CMP-033 score=0.5 retrieval=Đúng citation=Đúng hall=Không latency_ms=405.27
184/450 B300-CMP-034 score=0.5 retrieval=Đúng citation=Đúng hall=Không latency_ms=423.72
185/450 B300-CMP-035 score=1.0 retrieval=Đúng citation=Đúng hall=Không latency_ms=351.92
186/450 B300-CMP-036 score=0.5 retrieval=Một phần citation=Một phần hall=Không latency_ms=329.51
187/450 B300-CMP-037 score=1.0 retrieval=Đúng citation=Đúng hall=Không latency_ms=355.79
188/450 B300-CMP-038 score=1.0 retrieval=Đúng citation=Đúng hall=Không latency_ms=303.17
189/450 B300-CMP-039 score=1.0 retrieval=Đúng citation=Đúng hall=Không latency_ms=284.99
190/450 B300-CMP-040 score=0.5 retrieval=Một phần citation=Một phần hall=Không latency_ms=659.75
191/450 B300-TAB-001 score=1.0 retrieval=Đúng citation=Đúng hall=Không latency_ms=268.17
192/450 B300-TAB-002 score=1.0 retrieval=Đúng citation=Đúng hall=Không latency_ms=361.56
193/450 B300-TAB-003 score=1.0 retrieval=Đúng citation=Đúng hall=Không latency_ms=316.18
194/450 B300-TAB-004 score=1.0 retrieval=Đúng citation=Đúng hall=Không latency_ms=286.11
195/450 B300-TAB-005 score=1.0 retrieval=Đúng citation=Đúng hall=Không latency_ms=286.94
196/450 B300-TAB-006 score=1.0 retrieval=Đúng citation=Đúng hall=Không latency_ms=278.71
197/450 B300-TAB-007 score=1.0 retrieval=Đúng citation=Đúng hall=Không latency_ms=319.29
198/450 B300-TAB-008 score=1.0 retrieval=Đúng citation=Đúng hall=Không latency_ms=301.23
199/450 B300-TAB-009 score=1.0 retrieval=Đúng citation=Đúng hall=Không latency_ms=289.01
200/450 B300-TAB-010 score=1.0 retrieval=Đúng citation=Đúng hall=Không latency_ms=282.69
201/450 B300-TAB-011 score=1.0 retrieval=Đúng citation=Đúng hall=Không latency_ms=283.97
202/450 B300-TAB-012 score=1.0 retrieval=Đúng citation=Đúng hall=Không latency_ms=285.02
203/450 B300-TAB-013 score=1.0 retrieval=Đúng citation=Đúng hall=Không latency_ms=288.21
204/450 B300-TAB-014 score=1.0 retrieval=Đúng citation=Đúng hall=Không latency_ms=203.18
205/450 B300-TAB-015 score=1.0 retrieval=Đúng citation=Đúng hall=Không latency_ms=208.86
206/450 B300-TAB-016 score=1.0 retrieval=Đúng citation=Đúng hall=Không latency_ms=220.66
207/450 B300-TAB-017 score=1.0 retrieval=Đúng citation=Đúng hall=Không latency_ms=207.85
208/450 B300-TAB-018 score=1.0 retrieval=Đúng citation=Đúng hall=Không latency_ms=209.94
209/450 B300-TAB-019 score=1.0 retrieval=Đúng citation=Đúng hall=Không latency_ms=205.08
210/450 B300-TAB-020 score=1.0 retrieval=Đúng citation=Đúng hall=Không latency_ms=203.73
211/450 B300-TAB-021 score=1.0 retrieval=Đúng citation=Đúng hall=Không latency_ms=210.63
212/450 B300-TAB-022 score=1.0 retrieval=Đúng citation=Đúng hall=Không latency_ms=207.72
213/450 B300-TAB-023 score=1.0 retrieval=Đúng citation=Đúng hall=Không latency_ms=209.46
214/450 B300-TAB-024 score=1.0 retrieval=Đúng citation=Đúng hall=Không latency_ms=220.52
215/450 B300-TAB-025 score=0.5 retrieval=Đúng citation=Đúng hall=Không latency_ms=217.69
216/450 B300-TAB-026 score=0.5 retrieval=Đúng citation=Đúng hall=Không latency_ms=213.64
217/450 B300-TAB-027 score=1.0 retrieval=Đúng citation=Đúng hall=Không latency_ms=260.18
218/450 B300-TAB-028 score=1.0 retrieval=Đúng citation=Đúng hall=Không latency_ms=194.46
219/450 B300-TAB-029 score=1.0 retrieval=Đúng citation=Đúng hall=Không latency_ms=233.03
220/450 B300-TAB-030 score=1.0 retrieval=Đúng citation=Đúng hall=Không latency_ms=204.01
221/450 B300-TAB-031 score=1.0 retrieval=Đúng citation=Đúng hall=Không latency_ms=220.85
222/450 B300-TAB-032 score=1.0 retrieval=Đúng citation=Đúng hall=Không latency_ms=201.37
223/450 B300-TAB-033 score=1.0 retrieval=Đúng citation=Đúng hall=Không latency_ms=219.84
224/450 B300-TAB-034 score=0.5 retrieval=Đúng citation=Đúng hall=Không latency_ms=205.12
225/450 B300-TAB-035 score=0.5 retrieval=Đúng citation=Đúng hall=Không latency_ms=197.88
226/450 B300-TAB-036 score=0.5 retrieval=Đúng citation=Đúng hall=Không latency_ms=201.39
227/450 B300-TAB-037 score=0.5 retrieval=Đúng citation=Đúng hall=Không latency_ms=197.88
228/450 B300-TAB-038 score=0.5 retrieval=Đúng citation=Đúng hall=Không latency_ms=246.99
229/450 B300-TAB-039 score=1.0 retrieval=Đúng citation=Đúng hall=Không latency_ms=154.94
230/450 B300-TAB-040 score=1.0 retrieval=Đúng citation=Đúng hall=Không latency_ms=144.38
231/450 B300-SLD-001 score=0.5 retrieval=Đúng citation=Đúng hall=Không latency_ms=125.29
232/450 B300-SLD-002 score=0.5 retrieval=Đúng citation=Đúng hall=Không latency_ms=123.46
233/450 B300-SLD-003 score=1.0 retrieval=Đúng citation=Đúng hall=Không latency_ms=130.35
234/450 B300-SLD-004 score=0.5 retrieval=Đúng citation=Đúng hall=Không latency_ms=125.0
235/450 B300-SLD-005 score=1.0 retrieval=Đúng citation=Đúng hall=Không latency_ms=125.96
236/450 B300-SLD-006 score=0.5 retrieval=Đúng citation=Đúng hall=Không latency_ms=125.67
237/450 B300-SLD-007 score=0.5 retrieval=Đúng citation=Đúng hall=Không latency_ms=125.07
238/450 B300-SLD-008 score=0.5 retrieval=Đúng citation=Đúng hall=Không latency_ms=124.61
239/450 B300-SLD-009 score=0.5 retrieval=Đúng citation=Đúng hall=Không latency_ms=147.02
240/450 B300-SLD-010 score=1.0 retrieval=Đúng citation=Đúng hall=Không latency_ms=156.97
241/450 B300-SLD-011 score=0.5 retrieval=Đúng citation=Đúng hall=Không latency_ms=156.25
242/450 B300-SLD-012 score=0.5 retrieval=Đúng citation=Đúng hall=Không latency_ms=152.58
243/450 B300-SLD-013 score=0.5 retrieval=Đúng citation=Đúng hall=Không latency_ms=150.19
244/450 B300-SLD-014 score=0.5 retrieval=Đúng citation=Đúng hall=Không latency_ms=143.37
245/450 B300-SLD-015 score=1.0 retrieval=Đúng citation=Đúng hall=Không latency_ms=198.98
246/450 B300-SLD-016 score=0.5 retrieval=Đúng citation=Đúng hall=Không latency_ms=135.86
247/450 B300-SLD-017 score=0.5 retrieval=Đúng citation=Đúng hall=Không latency_ms=125.75
248/450 B300-SLD-018 score=0.5 retrieval=Đúng citation=Đúng hall=Không latency_ms=131.18
249/450 B300-SLD-019 score=0.5 retrieval=Đúng citation=Đúng hall=Không latency_ms=138.23
250/450 B300-SLD-020 score=0.5 retrieval=Đúng citation=Đúng hall=Không latency_ms=142.8
251/450 B300-SLD-021 score=0.5 retrieval=Đúng citation=Đúng hall=Không latency_ms=133.17
252/450 B300-SLD-022 score=0.5 retrieval=Đúng citation=Đúng hall=Không latency_ms=127.1
253/450 B300-SLD-023 score=0.5 retrieval=Đúng citation=Đúng hall=Không latency_ms=125.68
254/450 B300-SLD-024 score=0.5 retrieval=Đúng citation=Đúng hall=Không latency_ms=122.5
255/450 B300-SLD-025 score=0.5 retrieval=Đúng citation=Đúng hall=Không latency_ms=136.74
256/450 B300-SLD-026 score=0.5 retrieval=Đúng citation=Đúng hall=Không latency_ms=135.38
257/450 B300-SLD-027 score=0.5 retrieval=Đúng citation=Đúng hall=Không latency_ms=143.64
258/450 B300-SLD-028 score=0.5 retrieval=Đúng citation=Đúng hall=Không latency_ms=143.62
259/450 B300-SLD-029 score=0.5 retrieval=Đúng citation=Đúng hall=Không latency_ms=136.59
260/450 B300-SLD-030 score=1.0 retrieval=Đúng citation=Đúng hall=Không latency_ms=136.65
261/450 B300-OCR-001 score=0.5 retrieval=Đúng citation=Đúng hall=Không latency_ms=2325.23
262/450 B300-OCR-002 score=1.0 retrieval=Đúng citation=Đúng hall=Không latency_ms=53875.96
263/450 B300-OCR-003 score=0.0 retrieval=Sai citation=Sai hall=Không latency_ms=2187.42
264/450 B300-OCR-004 score=0.0 retrieval=Sai citation=Sai hall=Không latency_ms=2173.44
265/450 B300-OCR-005 score=0.0 retrieval=Sai citation=Sai hall=Không latency_ms=2136.02
266/450 B300-OCR-006 score=0.0 retrieval=Sai citation=Sai hall=Không latency_ms=2210.6
267/450 B300-OCR-007 score=0.0 retrieval=Sai citation=Sai hall=Không latency_ms=2216.87
268/450 B300-OCR-008 score=1.0 retrieval=Đúng citation=Đúng hall=Không latency_ms=2143.79
269/450 B300-OCR-009 score=0.5 retrieval=Đúng citation=Đúng hall=Không latency_ms=2177.99
270/450 B300-OCR-010 score=0.0 retrieval=Sai citation=Sai hall=Không latency_ms=2137.44
271/450 B300-OCR-011 score=0.0 retrieval=Sai citation=Sai hall=Không latency_ms=2177.86
272/450 B300-OCR-012 score=0.0 retrieval=Sai citation=Sai hall=Không latency_ms=2168.7
273/450 B300-OCR-013 score=0.0 retrieval=Sai citation=Sai hall=Không latency_ms=2126.94
274/450 B300-OCR-014 score=0.5 retrieval=Đúng citation=Đúng hall=Không latency_ms=2089.52
275/450 B300-OCR-015 score=0.0 retrieval=Sai citation=Sai hall=Không latency_ms=2221.49
276/450 B300-OCR-016 score=0.0 retrieval=Sai citation=Sai hall=Không latency_ms=2110.79
277/450 B300-OCR-017 score=0.0 retrieval=Sai citation=Sai hall=Không latency_ms=2130.39
278/450 B300-OCR-018 score=0.0 retrieval=Sai citation=Sai hall=Không latency_ms=2103.76
279/450 B300-OCR-019 score=0.0 retrieval=Sai citation=Sai hall=Không latency_ms=2063.61
280/450 B300-OCR-020 score=0.0 retrieval=Sai citation=Sai hall=Không latency_ms=2101.34
281/450 B300-NEG-001 score=1.0 retrieval=Đúng citation=Đúng hall=Không latency_ms=139.81
282/450 B300-NEG-002 score=1.0 retrieval=Đúng citation=Đúng hall=Không latency_ms=163.75
283/450 B300-NEG-003 score=1.0 retrieval=Đúng citation=Đúng hall=Không latency_ms=144.4
284/450 B300-NEG-004 score=1.0 retrieval=Đúng citation=Đúng hall=Không latency_ms=153.82
285/450 B300-NEG-005 score=1.0 retrieval=Đúng citation=Đúng hall=Không latency_ms=129.69
286/450 B300-NEG-006 score=1.0 retrieval=Đúng citation=Đúng hall=Không latency_ms=163.11
287/450 B300-NEG-007 score=1.0 retrieval=Đúng citation=Đúng hall=Không latency_ms=125.13
288/450 B300-NEG-008 score=1.0 retrieval=Đúng citation=Đúng hall=Không latency_ms=126.88
289/450 B300-NEG-009 score=1.0 retrieval=Đúng citation=Đúng hall=Không latency_ms=317.77
290/450 B300-NEG-010 score=1.0 retrieval=Đúng citation=Đúng hall=Không latency_ms=134.52
291/450 B300-NEG-011 score=1.0 retrieval=Đúng citation=Đúng hall=Không latency_ms=139.78
292/450 B300-NEG-012 score=1.0 retrieval=Đúng citation=Đúng hall=Không latency_ms=122.18
293/450 B300-NEG-013 score=1.0 retrieval=Đúng citation=Đúng hall=Không latency_ms=121.53
294/450 B300-NEG-014 score=1.0 retrieval=Đúng citation=Đúng hall=Không latency_ms=128.99
295/450 B300-NEG-015 score=1.0 retrieval=Đúng citation=Đúng hall=Không latency_ms=139.6
296/450 B300-NEG-016 score=1.0 retrieval=Đúng citation=Đúng hall=Không latency_ms=2098.12
297/450 B300-NEG-017 score=1.0 retrieval=Đúng citation=Đúng hall=Không latency_ms=132.81
298/450 B300-NEG-018 score=1.0 retrieval=Đúng citation=Đúng hall=Không latency_ms=156.69
299/450 B300-NEG-019 score=1.0 retrieval=Đúng citation=Đúng hall=Không latency_ms=251.33
300/450 B300-NEG-020 score=1.0 retrieval=Đúng citation=Đúng hall=Không latency_ms=207.67
301/450 F105-NEG-001 score=1.0 retrieval=Đúng citation=Đúng hall=Không latency_ms=287.92
302/450 F105-NEG-002 score=1.0 retrieval=Đúng citation=Đúng hall=Không latency_ms=187.32
303/450 F105-NEG-005 score=1.0 retrieval=Đúng citation=Đúng hall=Không latency_ms=154.56
304/450 F105-NEG-010 score=1.0 retrieval=Đúng citation=Đúng hall=Không latency_ms=134.74
305/450 F105-NEG-015 score=1.0 retrieval=Đúng citation=Đúng hall=Không latency_ms=136.42
306/450 F105-NEG-019 score=1.0 retrieval=Đúng citation=Đúng hall=Không latency_ms=210.63
307/450 F105-NEG-020 score=1.0 retrieval=Đúng citation=Đúng hall=Không latency_ms=126.04
308/450 F105-NEG-003 score=1.0 retrieval=Đúng citation=Đúng hall=Không latency_ms=133.19
309/450 F105-NEG-004 score=1.0 retrieval=Đúng citation=Đúng hall=Không latency_ms=169.61
310/450 F105-NEG-006 score=1.0 retrieval=Đúng citation=Đúng hall=Không latency_ms=170.03
311/450 F105-NEG-007 score=1.0 retrieval=Đúng citation=Đúng hall=Không latency_ms=126.8
312/450 F105-NEG-008 score=1.0 retrieval=Đúng citation=Đúng hall=Không latency_ms=120.33
313/450 F105-NEG-009 score=1.0 retrieval=Đúng citation=Đúng hall=Không latency_ms=310.28
314/450 F105-NEG-011 score=1.0 retrieval=Đúng citation=Đúng hall=Không latency_ms=117.21
315/450 F105-NEG-012 score=1.0 retrieval=Đúng citation=Đúng hall=Không latency_ms=125.02
316/450 F105-NEG-013 score=1.0 retrieval=Đúng citation=Đúng hall=Không latency_ms=123.42
317/450 F105-NEG-014 score=1.0 retrieval=Đúng citation=Đúng hall=Không latency_ms=138.46
318/450 F105-NEG-016 score=1.0 retrieval=Đúng citation=Đúng hall=Không latency_ms=0.32
319/450 F105-NEG-017 score=1.0 retrieval=Đúng citation=Đúng hall=Không latency_ms=118.93
320/450 F105-NEG-018 score=1.0 retrieval=Đúng citation=Đúng hall=Không latency_ms=141.92
321/450 F105-TAB-002 score=1.0 retrieval=Đúng citation=Đúng hall=Không latency_ms=0.27
322/450 F105-TAB-003 score=1.0 retrieval=Đúng citation=Đúng hall=Không latency_ms=0.26
323/450 F105-TAB-004 score=1.0 retrieval=Đúng citation=Đúng hall=Không latency_ms=0.32
324/450 F105-TAB-005 score=1.0 retrieval=Đúng citation=Đúng hall=Không latency_ms=0.3
325/450 F105-TAB-006 score=1.0 retrieval=Đúng citation=Đúng hall=Không latency_ms=0.27
326/450 F105-TAB-007 score=1.0 retrieval=Đúng citation=Đúng hall=Không latency_ms=0.33
327/450 F105-TAB-008 score=1.0 retrieval=Đúng citation=Đúng hall=Không latency_ms=0.26
328/450 F105-TAB-009 score=1.0 retrieval=Đúng citation=Đúng hall=Không latency_ms=0.26
329/450 F105-TAB-010 score=1.0 retrieval=Đúng citation=Đúng hall=Không latency_ms=0.28
330/450 F105-TAB-011 score=1.0 retrieval=Đúng citation=Đúng hall=Không latency_ms=0.28
331/450 F105-TAB-012 score=1.0 retrieval=Đúng citation=Đúng hall=Không latency_ms=0.39
332/450 F105-TAB-013 score=1.0 retrieval=Đúng citation=Đúng hall=Không latency_ms=0.27
333/450 F105-TAB-016 score=1.0 retrieval=Đúng citation=Đúng hall=Không latency_ms=0.32
334/450 F105-TAB-017 score=1.0 retrieval=Đúng citation=Đúng hall=Không latency_ms=0.25
335/450 F105-TAB-018 score=1.0 retrieval=Đúng citation=Đúng hall=Không latency_ms=0.28
336/450 F105-TAB-019 score=1.0 retrieval=Đúng citation=Đúng hall=Không latency_ms=0.25
337/450 F105-TAB-020 score=1.0 retrieval=Đúng citation=Đúng hall=Không latency_ms=0.27
338/450 F105-TAB-021 score=1.0 retrieval=Đúng citation=Đúng hall=Không latency_ms=0.25
339/450 F105-TAB-022 score=1.0 retrieval=Đúng citation=Đúng hall=Không latency_ms=0.29
340/450 F105-TAB-023 score=1.0 retrieval=Đúng citation=Đúng hall=Không latency_ms=0.25
341/450 F105-TAB-024 score=1.0 retrieval=Đúng citation=Đúng hall=Không latency_ms=0.27
342/450 F105-TAB-025 score=0.5 retrieval=Đúng citation=Đúng hall=Không latency_ms=0.26
343/450 F105-TAB-026 score=0.5 retrieval=Đúng citation=Đúng hall=Không latency_ms=0.32
344/450 F105-TAB-028 score=1.0 retrieval=Đúng citation=Đúng hall=Không latency_ms=0.29
345/450 F105-TAB-029 score=1.0 retrieval=Đúng citation=Đúng hall=Không latency_ms=0.29
346/450 F105-TAB-030 score=1.0 retrieval=Đúng citation=Đúng hall=Không latency_ms=0.29
347/450 F105-TAB-031 score=1.0 retrieval=Đúng citation=Đúng hall=Không latency_ms=0.3
348/450 F105-TAB-032 score=1.0 retrieval=Đúng citation=Đúng hall=Không latency_ms=0.27
349/450 F105-TAB-033 score=1.0 retrieval=Đúng citation=Đúng hall=Không latency_ms=0.28
350/450 F105-TAB-035 score=0.5 retrieval=Đúng citation=Đúng hall=Không latency_ms=0.26
351/450 F105-TAB-036 score=0.5 retrieval=Đúng citation=Đúng hall=Không latency_ms=0.29
352/450 F105-TAB-037 score=0.5 retrieval=Đúng citation=Đúng hall=Không latency_ms=0.3
353/450 F105-TAB-038 score=0.5 retrieval=Đúng citation=Đúng hall=Không latency_ms=0.27
354/450 F105-TAB-040 score=1.0 retrieval=Đúng citation=Đúng hall=Không latency_ms=0.27
355/450 F105-TAB-015 score=1.0 retrieval=Đúng citation=Đúng hall=Không latency_ms=0.28
356/450 F105-TAB-034 score=0.5 retrieval=Đúng citation=Đúng hall=Không latency_ms=0.28
357/450 F105-TAB-001 score=1.0 retrieval=Đúng citation=Đúng hall=Không latency_ms=0.33
358/450 F105-TAB-014 score=1.0 retrieval=Đúng citation=Đúng hall=Không latency_ms=0.29
359/450 F105-TAB-027 score=1.0 retrieval=Đúng citation=Đúng hall=Không latency_ms=0.28
360/450 F105-TAB-039 score=1.0 retrieval=Đúng citation=Đúng hall=Không latency_ms=0.28
361/450 F105-SLD-001 score=0.5 retrieval=Đúng citation=Đúng hall=Không latency_ms=0.29
362/450 F105-SLD-002 score=0.5 retrieval=Đúng citation=Đúng hall=Không latency_ms=0.33
363/450 F105-SLD-003 score=1.0 retrieval=Đúng citation=Đúng hall=Không latency_ms=0.26
364/450 F105-SLD-004 score=0.5 retrieval=Đúng citation=Đúng hall=Không latency_ms=0.28
365/450 F105-SLD-005 score=1.0 retrieval=Đúng citation=Đúng hall=Không latency_ms=0.27
366/450 E40-EXT-001 score=1.0 retrieval=Đúng citation=Đúng hall=Không latency_ms=0.26
367/450 E40-EXT-002 score=1.0 retrieval=Đúng citation=Đúng hall=Không latency_ms=0.32
368/450 E40-EXT-003 score=1.0 retrieval=Đúng citation=Đúng hall=Không latency_ms=0.24
369/450 E40-EXT-004 score=1.0 retrieval=Đúng citation=Đúng hall=Không latency_ms=0.26
370/450 E40-EXT-005 score=1.0 retrieval=Đúng citation=Đúng hall=Không latency_ms=0.28
371/450 E40-EXT-006 score=1.0 retrieval=Đúng citation=Đúng hall=Không latency_ms=0.23
372/450 E40-EXT-007 score=1.0 retrieval=Đúng citation=Đúng hall=Không latency_ms=0.27
373/450 E40-EXT-008 score=1.0 retrieval=Đúng citation=Đúng hall=Không latency_ms=0.26
374/450 E40-EXT-009 score=1.0 retrieval=Đúng citation=Đúng hall=Không latency_ms=0.25
375/450 E40-EXT-010 score=1.0 retrieval=Đúng citation=Đúng hall=Không latency_ms=0.27
376/450 E40-EXT-011 score=1.0 retrieval=Đúng citation=Đúng hall=Không latency_ms=142.06
377/450 E40-EXT-012 score=1.0 retrieval=Đúng citation=Đúng hall=Không latency_ms=0.24
378/450 E40-EXT-013 score=0.5 retrieval=Đúng citation=Đúng hall=Không latency_ms=0.27
379/450 E40-EXT-014 score=0.5 retrieval=Đúng citation=Đúng hall=Không latency_ms=0.26
380/450 E40-EXT-015 score=0.5 retrieval=Đúng citation=Đúng hall=Không latency_ms=0.25
381/450 E40-EXT-016 score=1.0 retrieval=Đúng citation=Đúng hall=Không latency_ms=0.25
382/450 E40-EXT-017 score=0.5 retrieval=Đúng citation=Đúng hall=Không latency_ms=0.31
383/450 E40-EXT-018 score=0.5 retrieval=Đúng citation=Đúng hall=Không latency_ms=0.27
384/450 E40-EXT-019 score=0.5 retrieval=Đúng citation=Đúng hall=Không latency_ms=0.27
385/450 E40-EXT-020 score=0.5 retrieval=Đúng citation=Đúng hall=Không latency_ms=0.28
386/450 E40-EXT-021 score=0.5 retrieval=Đúng citation=Đúng hall=Không latency_ms=0.25
387/450 E40-EXT-022 score=0.5 retrieval=Đúng citation=Đúng hall=Không latency_ms=0.29
388/450 E40-EXT-023 score=0.5 retrieval=Đúng citation=Đúng hall=Không latency_ms=2272.4
389/450 E40-EXT-024 score=0.0 retrieval=Sai citation=Sai hall=Không latency_ms=2188.38
390/450 E40-EXT-025 score=0.0 retrieval=Sai citation=Sai hall=Không latency_ms=2159.76
391/450 E40-EXT-026 score=0.0 retrieval=Sai citation=Sai hall=Không latency_ms=2125.0
392/450 E40-EXT-027 score=0.0 retrieval=Sai citation=Sai hall=Không latency_ms=2150.34
393/450 E40-EXT-028 score=0.0 retrieval=Sai citation=Sai hall=Không latency_ms=2183.17
394/450 E40-EXT-029 score=1.0 retrieval=Đúng citation=Đúng hall=Không latency_ms=151.17
395/450 E40-EXT-030 score=1.0 retrieval=Đúng citation=Đúng hall=Không latency_ms=164.5
396/450 E40-EXT-031 score=1.0 retrieval=Đúng citation=Đúng hall=Không latency_ms=127.19
397/450 E40-EXT-032 score=1.0 retrieval=Đúng citation=Đúng hall=Không latency_ms=147.75
398/450 E40-EXT-033 score=1.0 retrieval=Đúng citation=Đúng hall=Không latency_ms=131.56
399/450 E40-EXT-034 score=1.0 retrieval=Đúng citation=Đúng hall=Không latency_ms=119.88
400/450 E40-EXT-035 score=1.0 retrieval=Đúng citation=Đúng hall=Không latency_ms=338.36
401/450 E40-EXT-036 score=1.0 retrieval=Đúng citation=Đúng hall=Không latency_ms=273.93
402/450 E40-EXT-037 score=1.0 retrieval=Đúng citation=Đúng hall=Không latency_ms=285.86
403/450 E40-EXT-038 score=0.5 retrieval=Đúng citation=Đúng hall=Không latency_ms=2172.57
404/450 E40-EXT-039 score=0.5 retrieval=Đúng citation=Đúng hall=Không latency_ms=2275.91
405/450 E40-EXT-040 score=0.5 retrieval=Đúng citation=Đúng hall=Không latency_ms=2157.87
406/450 N45-001-DETAIL score=0.5 retrieval=Đúng citation=Đúng hall=Không latency_ms=2294.88
407/450 N45-002-DETAIL score=0.5 retrieval=Đúng citation=Đúng hall=Không latency_ms=2154.34
408/450 N45-003-DETAIL score=0.5 retrieval=Đúng citation=Đúng hall=Không latency_ms=2117.27
409/450 N45-004-DETAIL score=0.0 retrieval=Sai citation=Sai hall=Không latency_ms=2213.22
410/450 N45-005-DETAIL score=0.5 retrieval=Đúng citation=Đúng hall=Không latency_ms=2140.42
411/450 N45-006-DETAIL score=0.5 retrieval=Đúng citation=Đúng hall=Không latency_ms=43051.96
412/450 N45-007-DETAIL score=0.0 retrieval=Sai citation=Sai hall=Không latency_ms=2389.98
413/450 N45-008-DETAIL score=0.5 retrieval=Đúng citation=Đúng hall=Không latency_ms=2205.09
414/450 N45-009-DETAIL score=0.5 retrieval=Đúng citation=Đúng hall=Không latency_ms=2164.74
415/450 N45-010-DETAIL score=1.0 retrieval=Đúng citation=Đúng hall=Không latency_ms=2160.9
416/450 N45-011-SUMMARY score=0.0 retrieval=Sai citation=Sai hall=Không latency_ms=2184.74
417/450 N45-012-SUMMARY score=0.5 retrieval=Đúng citation=Đúng hall=Không latency_ms=2214.18
418/450 N45-013-SUMMARY score=0.0 retrieval=Sai citation=Sai hall=Không latency_ms=2185.48
419/450 N45-014-SUMMARY score=0.0 retrieval=Sai citation=Sai hall=Không latency_ms=2182.08
420/450 N45-015-SUMMARY score=0.0 retrieval=Sai citation=Sai hall=Không latency_ms=2211.65
421/450 N45-016-SUMMARY score=0.0 retrieval=Sai citation=Sai hall=Không latency_ms=2217.21
422/450 N45-017-SUMMARY score=1.0 retrieval=Đúng citation=Đúng hall=Không latency_ms=2219.68
423/450 N45-018-SUMMARY score=0.0 retrieval=Sai citation=Sai hall=Không latency_ms=2176.83
424/450 N45-019-NEG score=1.0 retrieval=Đúng citation=Đúng hall=Không latency_ms=153.99
425/450 N45-020-NEG score=1.0 retrieval=Đúng citation=Đúng hall=Không latency_ms=160.04
426/450 N45-021-NEG score=1.0 retrieval=Đúng citation=Đúng hall=Không latency_ms=125.65
427/450 N45-022-NEG score=1.0 retrieval=Đúng citation=Đúng hall=Không latency_ms=160.31
428/450 N45-023-NEG score=1.0 retrieval=Đúng citation=Đúng hall=Không latency_ms=138.78
429/450 N45-024-NEG score=1.0 retrieval=Đúng citation=Đúng hall=Không latency_ms=155.65
430/450 N45-025-NEG score=1.0 retrieval=Đúng citation=Đúng hall=Không latency_ms=125.36
431/450 N45-026-NEG score=1.0 retrieval=Đúng citation=Đúng hall=Không latency_ms=126.17
432/450 N45-027-OCR score=0.5 retrieval=Đúng citation=Đúng hall=Không latency_ms=2153.25
433/450 N45-028-OCR score=0.5 retrieval=Đúng citation=Đúng hall=Không latency_ms=2163.26
434/450 N45-029-OCR score=0.5 retrieval=Đúng citation=Đúng hall=Không latency_ms=2202.27
435/450 N45-030-OCR score=0.5 retrieval=Đúng citation=Đúng hall=Không latency_ms=2151.14
436/450 N45-031-OCR score=0.5 retrieval=Đúng citation=Đúng hall=Không latency_ms=2151.44
437/450 N45-032-OCR score=0.5 retrieval=Đúng citation=Đúng hall=Không latency_ms=2188.76
438/450 N45-033-OCR score=0.5 retrieval=Đúng citation=Đúng hall=Không latency_ms=2166.29
439/450 N45-034-TABLE score=0.5 retrieval=Đúng citation=Đúng hall=Không latency_ms=288.56
440/450 N45-035-TABLE score=0.5 retrieval=Đúng citation=Đúng hall=Không latency_ms=289.4
441/450 N45-036-TABLE score=0.5 retrieval=Đúng citation=Đúng hall=Không latency_ms=202.89
442/450 N45-037-TABLE score=0.5 retrieval=Đúng citation=Đúng hall=Không latency_ms=208.13
443/450 N45-038-TABLE score=0.5 retrieval=Đúng citation=Đúng hall=Không latency_ms=227.47
444/450 N45-039-TABLE score=0.5 retrieval=Đúng citation=Đúng hall=Không latency_ms=201.64
445/450 N45-040-SLIDE score=0.5 retrieval=Đúng citation=Đúng hall=Không latency_ms=206.96
446/450 N45-041-SLIDE score=0.5 retrieval=Đúng citation=Đúng hall=Không latency_ms=200.76
447/450 N45-042-SLIDE score=1.0 retrieval=Đúng citation=Đúng hall=Không latency_ms=200.98
448/450 N45-043-SLIDE score=0.5 retrieval=Đúng citation=Đúng hall=Không latency_ms=182.4
449/450 N45-044-SLIDE score=1.0 retrieval=Đúng citation=Đúng hall=Không latency_ms=186.27
450/450 N45-045-SLIDE score=0.5 retrieval=Đúng citation=Đúng hall=Không latency_ms=227.69
{
  "total_files": 43,
  "total_questions": 450,
  "full_correct": 252,
  "partial_correct": 134,
  "fail": 64,
  "full_accuracy": 0.56,
  "accepted_count": 386,
  "accepted_rate": 0.8578,
  "retrieval_correct": 377,
  "retrieval_rate": 0.8378,
  "citation_correct": 377,
  "citation_rate": 0.8378,
  "hallucination_count": 0,
  "hallucination_rate": 0.0,
  "mean_latency_ms": 2276.23
}
