profiles=43 cases=450
001/450 B300-DIR-001 score=0.5 retrieval=Đúng citation=Đúng hall=Không latency_ms=7005.11
002/450 B300-DIR-002 score=0.5 retrieval=Đúng citation=Đúng hall=Không latency_ms=856.26
003/450 B300-DIR-003 score=0.5 retrieval=Đúng citation=Đúng hall=Không latency_ms=436.01
004/450 B300-DIR-004 score=0.5 retrieval=Đúng citation=Đúng hall=Không latency_ms=378.19
005/450 B300-DIR-005 score=1.0 retrieval=Đúng citation=Đúng hall=Không latency_ms=305.47
006/450 B300-DIR-006 score=1.0 retrieval=Đúng citation=Đúng hall=Không latency_ms=417.1
007/450 B300-DIR-007 score=1.0 retrieval=Đúng citation=Đúng hall=Không latency_ms=367.46
008/450 B300-DIR-008 score=1.0 retrieval=Đúng citation=Đúng hall=Không latency_ms=372.32
009/450 B300-DIR-009 score=1.0 retrieval=Đúng citation=Đúng hall=Không latency_ms=295.61
010/450 B300-DIR-010 score=1.0 retrieval=Đúng citation=Đúng hall=Không latency_ms=288.12
011/450 B300-DIR-011 score=0.5 retrieval=Đúng citation=Đúng hall=Không latency_ms=341.31
012/450 B300-DIR-012 score=0.5 retrieval=Đúng citation=Đúng hall=Không latency_ms=379.89
013/450 B300-DIR-013 score=1.0 retrieval=Đúng citation=Đúng hall=Không latency_ms=265.12
014/450 B300-DIR-014 score=0.5 retrieval=Đúng citation=Đúng hall=Không latency_ms=359.91
015/450 B300-DIR-015 score=1.0 retrieval=Đúng citation=Đúng hall=Không latency_ms=290.23
016/450 B300-DIR-016 score=0.5 retrieval=Đúng citation=Đúng hall=Không latency_ms=367.71
017/450 B300-DIR-017 score=1.0 retrieval=Đúng citation=Đúng hall=Không latency_ms=755.72
018/450 B300-DIR-018 score=1.0 retrieval=Đúng citation=Đúng hall=Không latency_ms=1215.09
019/450 B300-DIR-019 score=1.0 retrieval=Đúng citation=Đúng hall=Không latency_ms=303.31
020/450 B300-DIR-020 score=1.0 retrieval=Đúng citation=Đúng hall=Không latency_ms=651.26
021/450 B300-DIR-021 score=1.0 retrieval=Đúng citation=Đúng hall=Không latency_ms=474.81
022/450 B300-DIR-022 score=1.0 retrieval=Đúng citation=Đúng hall=Không latency_ms=369.34
023/450 B300-DIR-023 score=1.0 retrieval=Đúng citation=Đúng hall=Không latency_ms=396.55
024/450 B300-DIR-024 score=1.0 retrieval=Đúng citation=Đúng hall=Không latency_ms=299.41
025/450 B300-DIR-025 score=1.0 retrieval=Đúng citation=Đúng hall=Không latency_ms=277.66
026/450 B300-DIR-026 score=1.0 retrieval=Đúng citation=Đúng hall=Không latency_ms=526.48
027/450 B300-DIR-027 score=1.0 retrieval=Đúng citation=Đúng hall=Không latency_ms=346.14
028/450 B300-DIR-028 score=1.0 retrieval=Đúng citation=Đúng hall=Không latency_ms=602.48
029/450 B300-DIR-029 score=1.0 retrieval=Đúng citation=Đúng hall=Không latency_ms=377.03
030/450 B300-DIR-030 score=1.0 retrieval=Đúng citation=Đúng hall=Không latency_ms=313.01
031/450 B300-DIR-031 score=1.0 retrieval=Đúng citation=Đúng hall=Không latency_ms=318.86
032/450 B300-DIR-032 score=1.0 retrieval=Đúng citation=Đúng hall=Không latency_ms=318.04
033/450 B300-DIR-033 score=1.0 retrieval=Đúng citation=Đúng hall=Không latency_ms=238.24
034/450 B300-DIR-034 score=1.0 retrieval=Đúng citation=Đúng hall=Không latency_ms=254.49
035/450 B300-DIR-035 score=1.0 retrieval=Đúng citation=Đúng hall=Không latency_ms=342.74
036/450 B300-DIR-036 score=0.5 retrieval=Đúng citation=Đúng hall=Không latency_ms=376.69
037/450 B300-DIR-037 score=1.0 retrieval=Đúng citation=Đúng hall=Không latency_ms=490.27
038/450 B300-DIR-038 score=1.0 retrieval=Đúng citation=Đúng hall=Không latency_ms=440.14
039/450 B300-DIR-039 score=1.0 retrieval=Đúng citation=Đúng hall=Không latency_ms=286.66
040/450 B300-DIR-040 score=1.0 retrieval=Đúng citation=Đúng hall=Không latency_ms=522.64
041/450 B300-DIR-041 score=1.0 retrieval=Đúng citation=Đúng hall=Không latency_ms=380.12
042/450 B300-DIR-042 score=1.0 retrieval=Đúng citation=Đúng hall=Không latency_ms=286.98
043/450 B300-DIR-043 score=1.0 retrieval=Đúng citation=Đúng hall=Không latency_ms=367.59
044/450 B300-DIR-044 score=0.5 retrieval=Đúng citation=Đúng hall=Không latency_ms=308.14
045/450 B300-DIR-045 score=1.0 retrieval=Đúng citation=Đúng hall=Không latency_ms=276.65
046/450 B300-DIR-046 score=1.0 retrieval=Đúng citation=Đúng hall=Không latency_ms=388.95
047/450 B300-DIR-047 score=1.0 retrieval=Đúng citation=Đúng hall=Không latency_ms=345.33
048/450 B300-DIR-048 score=1.0 retrieval=Đúng citation=Đúng hall=Không latency_ms=295.69
049/450 B300-DIR-049 score=1.0 retrieval=Đúng citation=Đúng hall=Không latency_ms=305.07
050/450 B300-DIR-050 score=1.0 retrieval=Đúng citation=Đúng hall=Không latency_ms=304.11
051/450 B300-DIR-051 score=0.5 retrieval=Đúng citation=Đúng hall=Không latency_ms=349.17
052/450 B300-DIR-052 score=0.5 retrieval=Đúng citation=Đúng hall=Không latency_ms=469.42
053/450 B300-DIR-053 score=0.5 retrieval=Đúng citation=Đúng hall=Không latency_ms=459.56
054/450 B300-DIR-054 score=0.5 retrieval=Đúng citation=Đúng hall=Không latency_ms=321.93
055/450 B300-DIR-055 score=1.0 retrieval=Đúng citation=Đúng hall=Không latency_ms=304.4
056/450 B300-DIR-056 score=1.0 retrieval=Đúng citation=Đúng hall=Không latency_ms=353.02
057/450 B300-DIR-057 score=1.0 retrieval=Đúng citation=Đúng hall=Không latency_ms=403.44
058/450 B300-DIR-058 score=1.0 retrieval=Đúng citation=Đúng hall=Không latency_ms=299.39
059/450 B300-DIR-059 score=1.0 retrieval=Đúng citation=Đúng hall=Không latency_ms=515.16
060/450 B300-DIR-060 score=0.5 retrieval=Đúng citation=Đúng hall=Không latency_ms=578.82
061/450 B300-DIR-061 score=1.0 retrieval=Đúng citation=Đúng hall=Không latency_ms=273.4
062/450 B300-DIR-062 score=1.0 retrieval=Đúng citation=Đúng hall=Không latency_ms=266.78
063/450 B300-DIR-063 score=1.0 retrieval=Đúng citation=Đúng hall=Không latency_ms=312.92
064/450 B300-DIR-064 score=1.0 retrieval=Đúng citation=Đúng hall=Không latency_ms=333.99
065/450 B300-DIR-065 score=1.0 retrieval=Đúng citation=Đúng hall=Không latency_ms=545.84
066/450 B300-DIR-066 score=1.0 retrieval=Đúng citation=Đúng hall=Không latency_ms=413.58
067/450 B300-DIR-067 score=1.0 retrieval=Đúng citation=Đúng hall=Không latency_ms=291.21
068/450 B300-DIR-068 score=1.0 retrieval=Đúng citation=Đúng hall=Không latency_ms=296.72
069/450 B300-DIR-069 score=1.0 retrieval=Đúng citation=Đúng hall=Không latency_ms=359.51
070/450 B300-DIR-070 score=0.5 retrieval=Đúng citation=Đúng hall=Không latency_ms=454.11
071/450 B300-DIR-071 score=1.0 retrieval=Đúng citation=Đúng hall=Không latency_ms=385.95
072/450 B300-DIR-072 score=1.0 retrieval=Đúng citation=Đúng hall=Không latency_ms=426.83
073/450 B300-DIR-073 score=1.0 retrieval=Đúng citation=Đúng hall=Không latency_ms=526.83
074/450 B300-DIR-074 score=0.5 retrieval=Đúng citation=Đúng hall=Không latency_ms=353.73
075/450 B300-DIR-075 score=1.0 retrieval=Đúng citation=Đúng hall=Không latency_ms=478.53
076/450 B300-DIR-076 score=1.0 retrieval=Đúng citation=Đúng hall=Không latency_ms=348.18
077/450 B300-DIR-077 score=0.5 retrieval=Đúng citation=Đúng hall=Không latency_ms=430.13
078/450 B300-DIR-078 score=0.5 retrieval=Đúng citation=Đúng hall=Không latency_ms=431.02
079/450 B300-DIR-079 score=1.0 retrieval=Đúng citation=Đúng hall=Không latency_ms=288.21
080/450 B300-DIR-080 score=1.0 retrieval=Đúng citation=Đúng hall=Không latency_ms=277.44
081/450 B300-DIR-081 score=1.0 retrieval=Đúng citation=Đúng hall=Không latency_ms=279.59
082/450 B300-DIR-082 score=1.0 retrieval=Đúng citation=Đúng hall=Không latency_ms=275.9
083/450 B300-DIR-083 score=1.0 retrieval=Đúng citation=Đúng hall=Không latency_ms=547.67
084/450 B300-DIR-084 score=1.0 retrieval=Đúng citation=Đúng hall=Không latency_ms=440.66
085/450 B300-DIR-085 score=1.0 retrieval=Đúng citation=Đúng hall=Không latency_ms=281.52
086/450 B300-DIR-086 score=1.0 retrieval=Đúng citation=Đúng hall=Không latency_ms=315.05
087/450 B300-DIR-087 score=1.0 retrieval=Đúng citation=Đúng hall=Không latency_ms=1956.62
088/450 B300-DIR-088 score=0.5 retrieval=Đúng citation=Đúng hall=Không latency_ms=2458.79
089/450 B300-DIR-089 score=0.5 retrieval=Đúng citation=Đúng hall=Không latency_ms=19260.84
090/450 B300-DIR-090 score=0.0 retrieval=Sai citation=Sai hall=Không latency_ms=2752.57
091/450 B300-SUM-001 score=0.5 retrieval=Đúng citation=Đúng hall=Không latency_ms=1314.22
092/450 B300-SUM-002 score=0.5 retrieval=Đúng citation=Đúng hall=Không latency_ms=581.48
093/450 B300-SUM-003 score=1.0 retrieval=Đúng citation=Đúng hall=Không latency_ms=412.58
094/450 B300-SUM-004 score=1.0 retrieval=Đúng citation=Đúng hall=Không latency_ms=474.49
095/450 B300-SUM-005 score=1.0 retrieval=Đúng citation=Đúng hall=Không latency_ms=604.83
096/450 B300-SUM-006 score=1.0 retrieval=Đúng citation=Đúng hall=Không latency_ms=804.37
097/450 B300-SUM-007 score=1.0 retrieval=Đúng citation=Đúng hall=Không latency_ms=294.83
098/450 B300-SUM-008 score=1.0 retrieval=Đúng citation=Đúng hall=Không latency_ms=274.46
099/450 B300-SUM-009 score=1.0 retrieval=Đúng citation=Đúng hall=Không latency_ms=870.57
100/450 B300-SUM-010 score=1.0 retrieval=Đúng citation=Đúng hall=Không latency_ms=291.89
101/450 B300-SUM-011 score=1.0 retrieval=Đúng citation=Đúng hall=Không latency_ms=347.58
102/450 B300-SUM-012 score=1.0 retrieval=Đúng citation=Đúng hall=Không latency_ms=296.53
103/450 B300-SUM-013 score=1.0 retrieval=Đúng citation=Đúng hall=Không latency_ms=269.0
104/450 B300-SUM-014 score=1.0 retrieval=Đúng citation=Đúng hall=Không latency_ms=305.54
105/450 B300-SUM-015 score=1.0 retrieval=Đúng citation=Đúng hall=Không latency_ms=303.88
106/450 B300-SUM-016 score=1.0 retrieval=Đúng citation=Đúng hall=Không latency_ms=264.78
107/450 B300-SUM-017 score=1.0 retrieval=Đúng citation=Đúng hall=Không latency_ms=550.93
108/450 B300-SUM-018 score=1.0 retrieval=Đúng citation=Đúng hall=Không latency_ms=315.83
109/450 B300-SUM-019 score=1.0 retrieval=Đúng citation=Đúng hall=Không latency_ms=572.42
110/450 B300-SUM-020 score=1.0 retrieval=Đúng citation=Đúng hall=Không latency_ms=376.66
111/450 B300-SUM-021 score=1.0 retrieval=Đúng citation=Đúng hall=Không latency_ms=309.47
112/450 B300-SUM-022 score=1.0 retrieval=Đúng citation=Đúng hall=Không latency_ms=302.55
113/450 B300-SUM-023 score=1.0 retrieval=Đúng citation=Đúng hall=Không latency_ms=284.13
114/450 B300-SUM-024 score=1.0 retrieval=Đúng citation=Đúng hall=Không latency_ms=261.48
115/450 B300-SUM-025 score=1.0 retrieval=Đúng citation=Đúng hall=Không latency_ms=292.34
116/450 B300-SUM-026 score=0.5 retrieval=Đúng citation=Đúng hall=Không latency_ms=331.09
117/450 B300-SUM-027 score=0.5 retrieval=Đúng citation=Đúng hall=Không latency_ms=320.85
118/450 B300-SUM-028 score=1.0 retrieval=Đúng citation=Đúng hall=Không latency_ms=326.31
119/450 B300-SUM-029 score=1.0 retrieval=Đúng citation=Đúng hall=Không latency_ms=255.7
120/450 B300-SUM-030 score=1.0 retrieval=Đúng citation=Đúng hall=Không latency_ms=672.1
121/450 B300-SUM-031 score=1.0 retrieval=Đúng citation=Đúng hall=Không latency_ms=374.53
122/450 B300-SUM-032 score=1.0 retrieval=Đúng citation=Đúng hall=Không latency_ms=272.29
123/450 B300-SUM-033 score=1.0 retrieval=Đúng citation=Đúng hall=Không latency_ms=378.47
124/450 B300-SUM-034 score=1.0 retrieval=Đúng citation=Đúng hall=Không latency_ms=289.29
125/450 B300-SUM-035 score=1.0 retrieval=Đúng citation=Đúng hall=Không latency_ms=354.64
126/450 B300-SUM-036 score=1.0 retrieval=Đúng citation=Đúng hall=Không latency_ms=326.1
127/450 B300-SUM-037 score=1.0 retrieval=Đúng citation=Đúng hall=Không latency_ms=339.02
128/450 B300-SUM-038 score=1.0 retrieval=Đúng citation=Đúng hall=Không latency_ms=303.28
129/450 B300-SUM-039 score=0.5 retrieval=Đúng citation=Đúng hall=Không latency_ms=427.95
130/450 B300-SUM-040 score=1.0 retrieval=Đúng citation=Đúng hall=Không latency_ms=268.94
131/450 B300-SUM-041 score=1.0 retrieval=Đúng citation=Đúng hall=Không latency_ms=296.45
132/450 B300-SUM-042 score=1.0 retrieval=Đúng citation=Đúng hall=Không latency_ms=490.08
133/450 B300-SUM-043 score=1.0 retrieval=Đúng citation=Đúng hall=Không latency_ms=350.7
134/450 B300-SUM-044 score=1.0 retrieval=Đúng citation=Đúng hall=Không latency_ms=590.43
135/450 B300-SUM-045 score=1.0 retrieval=Đúng citation=Đúng hall=Không latency_ms=394.72
136/450 B300-SUM-046 score=1.0 retrieval=Đúng citation=Đúng hall=Không latency_ms=536.05
137/450 B300-SUM-047 score=0.5 retrieval=Đúng citation=Đúng hall=Không latency_ms=467.0
138/450 B300-SUM-048 score=1.0 retrieval=Đúng citation=Đúng hall=Không latency_ms=322.91
139/450 B300-SUM-049 score=1.0 retrieval=Đúng citation=Đúng hall=Không latency_ms=326.44
140/450 B300-SUM-050 score=1.0 retrieval=Đúng citation=Đúng hall=Không latency_ms=600.76
141/450 B300-SUM-051 score=1.0 retrieval=Đúng citation=Đúng hall=Không latency_ms=590.43
142/450 B300-SUM-052 score=0.5 retrieval=Đúng citation=Đúng hall=Không latency_ms=705.22
143/450 B300-SUM-053 score=1.0 retrieval=Đúng citation=Đúng hall=Không latency_ms=356.31
144/450 B300-SUM-054 score=1.0 retrieval=Đúng citation=Đúng hall=Không latency_ms=375.34
145/450 B300-SUM-055 score=0.5 retrieval=Đúng citation=Đúng hall=Không latency_ms=316.79
146/450 B300-SUM-056 score=0.5 retrieval=Đúng citation=Đúng hall=Không latency_ms=298.53
147/450 B300-SUM-057 score=0.5 retrieval=Đúng citation=Đúng hall=Không latency_ms=681.99
148/450 B300-SUM-058 score=1.0 retrieval=Đúng citation=Đúng hall=Không latency_ms=487.33
149/450 B300-SUM-059 score=1.0 retrieval=Đúng citation=Đúng hall=Không latency_ms=385.53
150/450 B300-SUM-060 score=1.0 retrieval=Đúng citation=Đúng hall=Không latency_ms=317.66
151/450 B300-CMP-001 score=1.0 retrieval=Đúng citation=Đúng hall=Không latency_ms=606.33
152/450 B300-CMP-002 score=1.0 retrieval=Đúng citation=Đúng hall=Không latency_ms=654.84
153/450 B300-CMP-003 score=1.0 retrieval=Đúng citation=Đúng hall=Không latency_ms=617.82
154/450 B300-CMP-004 score=1.0 retrieval=Đúng citation=Đúng hall=Không latency_ms=1193.19
155/450 B300-CMP-005 score=1.0 retrieval=Đúng citation=Đúng hall=Không latency_ms=914.8
156/450 B300-CMP-006 score=1.0 retrieval=Đúng citation=Đúng hall=Không latency_ms=854.46
157/450 B300-CMP-007 score=1.0 retrieval=Đúng citation=Đúng hall=Không latency_ms=661.38
158/450 B300-CMP-008 score=1.0 retrieval=Đúng citation=Đúng hall=Không latency_ms=862.3
159/450 B300-CMP-009 score=1.0 retrieval=Đúng citation=Đúng hall=Không latency_ms=816.79
160/450 B300-CMP-010 score=1.0 retrieval=Đúng citation=Đúng hall=Không latency_ms=1044.34
161/450 B300-CMP-011 score=1.0 retrieval=Đúng citation=Đúng hall=Không latency_ms=732.35
162/450 B300-CMP-012 score=1.0 retrieval=Đúng citation=Đúng hall=Không latency_ms=795.32
163/450 B300-CMP-013 score=1.0 retrieval=Đúng citation=Đúng hall=Không latency_ms=921.74
164/450 B300-CMP-014 score=1.0 retrieval=Đúng citation=Đúng hall=Không latency_ms=665.3
165/450 B300-CMP-015 score=1.0 retrieval=Đúng citation=Đúng hall=Không latency_ms=967.75
166/450 B300-CMP-016 score=1.0 retrieval=Đúng citation=Đúng hall=Không latency_ms=1431.64
167/450 B300-CMP-017 score=0.5 retrieval=Đúng citation=Đúng hall=Không latency_ms=988.1
168/450 B300-CMP-018 score=1.0 retrieval=Đúng citation=Đúng hall=Không latency_ms=1536.74
169/450 B300-CMP-019 score=0.5 retrieval=Đúng citation=Đúng hall=Không latency_ms=1040.72
170/450 B300-CMP-020 score=1.0 retrieval=Đúng citation=Đúng hall=Không latency_ms=887.57
171/450 B300-CMP-021 score=1.0 retrieval=Đúng citation=Đúng hall=Không latency_ms=857.89
172/450 B300-CMP-022 score=1.0 retrieval=Đúng citation=Đúng hall=Không latency_ms=751.77
173/450 B300-CMP-023 score=1.0 retrieval=Đúng citation=Đúng hall=Không latency_ms=871.5
174/450 B300-CMP-024 score=0.5 retrieval=Đúng citation=Đúng hall=Không latency_ms=943.62
175/450 B300-CMP-025 score=1.0 retrieval=Đúng citation=Đúng hall=Không latency_ms=922.25
176/450 B300-CMP-026 score=0.5 retrieval=Đúng citation=Đúng hall=Không latency_ms=950.46
177/450 B300-CMP-027 score=1.0 retrieval=Đúng citation=Đúng hall=Không latency_ms=1016.02
178/450 B300-CMP-028 score=1.0 retrieval=Đúng citation=Đúng hall=Không latency_ms=1109.62
179/450 B300-CMP-029 score=1.0 retrieval=Đúng citation=Đúng hall=Không latency_ms=1108.14
180/450 B300-CMP-030 score=1.0 retrieval=Đúng citation=Đúng hall=Không latency_ms=717.1
181/450 B300-CMP-031 score=0.5 retrieval=Đúng citation=Đúng hall=Không latency_ms=742.77
182/450 B300-CMP-032 score=1.0 retrieval=Đúng citation=Đúng hall=Không latency_ms=731.53
183/450 B300-CMP-033 score=1.0 retrieval=Đúng citation=Đúng hall=Không latency_ms=826.91
184/450 B300-CMP-034 score=0.5 retrieval=Đúng citation=Đúng hall=Không latency_ms=1063.21
185/450 B300-CMP-035 score=1.0 retrieval=Đúng citation=Đúng hall=Không latency_ms=833.54
186/450 B300-CMP-036 score=1.0 retrieval=Đúng citation=Đúng hall=Không latency_ms=810.99
187/450 B300-CMP-037 score=1.0 retrieval=Đúng citation=Đúng hall=Không latency_ms=743.57
188/450 B300-CMP-038 score=1.0 retrieval=Đúng citation=Đúng hall=Không latency_ms=794.59
189/450 B300-CMP-039 score=1.0 retrieval=Đúng citation=Đúng hall=Không latency_ms=1261.25
190/450 B300-CMP-040 score=1.0 retrieval=Đúng citation=Đúng hall=Không latency_ms=1418.07
191/450 B300-TAB-001 score=1.0 retrieval=Đúng citation=Đúng hall=Không latency_ms=584.18
192/450 B300-TAB-002 score=1.0 retrieval=Đúng citation=Đúng hall=Không latency_ms=710.58
193/450 B300-TAB-003 score=1.0 retrieval=Đúng citation=Đúng hall=Không latency_ms=913.02
194/450 B300-TAB-004 score=1.0 retrieval=Đúng citation=Đúng hall=Không latency_ms=684.95
195/450 B300-TAB-005 score=1.0 retrieval=Đúng citation=Đúng hall=Không latency_ms=844.71
196/450 B300-TAB-006 score=1.0 retrieval=Đúng citation=Đúng hall=Không latency_ms=790.31
197/450 B300-TAB-007 score=1.0 retrieval=Đúng citation=Đúng hall=Không latency_ms=568.36
198/450 B300-TAB-008 score=1.0 retrieval=Đúng citation=Đúng hall=Không latency_ms=638.78
199/450 B300-TAB-009 score=1.0 retrieval=Đúng citation=Đúng hall=Không latency_ms=629.03
200/450 B300-TAB-010 score=1.0 retrieval=Đúng citation=Đúng hall=Không latency_ms=898.85
201/450 B300-TAB-011 score=1.0 retrieval=Đúng citation=Đúng hall=Không latency_ms=1130.89
202/450 B300-TAB-012 score=1.0 retrieval=Đúng citation=Đúng hall=Không latency_ms=698.32
203/450 B300-TAB-013 score=1.0 retrieval=Đúng citation=Đúng hall=Không latency_ms=698.17
204/450 B300-TAB-014 score=1.0 retrieval=Đúng citation=Đúng hall=Không latency_ms=700.49
205/450 B300-TAB-015 score=1.0 retrieval=Đúng citation=Đúng hall=Không latency_ms=393.86
206/450 B300-TAB-016 score=1.0 retrieval=Đúng citation=Đúng hall=Không latency_ms=440.64
207/450 B300-TAB-017 score=1.0 retrieval=Đúng citation=Đúng hall=Không latency_ms=467.37
208/450 B300-TAB-018 score=1.0 retrieval=Đúng citation=Đúng hall=Không latency_ms=471.78
209/450 B300-TAB-019 score=1.0 retrieval=Đúng citation=Đúng hall=Không latency_ms=435.42
210/450 B300-TAB-020 score=1.0 retrieval=Đúng citation=Đúng hall=Không latency_ms=479.17
211/450 B300-TAB-021 score=1.0 retrieval=Đúng citation=Đúng hall=Không latency_ms=565.82
212/450 B300-TAB-022 score=1.0 retrieval=Đúng citation=Đúng hall=Không latency_ms=673.42
213/450 B300-TAB-023 score=1.0 retrieval=Đúng citation=Đúng hall=Không latency_ms=445.8
214/450 B300-TAB-024 score=1.0 retrieval=Đúng citation=Đúng hall=Không latency_ms=444.2
215/450 B300-TAB-025 score=0.5 retrieval=Đúng citation=Đúng hall=Không latency_ms=514.49
216/450 B300-TAB-026 score=0.5 retrieval=Đúng citation=Đúng hall=Không latency_ms=1008.7
217/450 B300-TAB-027 score=1.0 retrieval=Đúng citation=Đúng hall=Không latency_ms=700.31
218/450 B300-TAB-028 score=1.0 retrieval=Đúng citation=Đúng hall=Không latency_ms=512.84
219/450 B300-TAB-029 score=1.0 retrieval=Đúng citation=Đúng hall=Không latency_ms=660.75
220/450 B300-TAB-030 score=1.0 retrieval=Đúng citation=Đúng hall=Không latency_ms=684.35
221/450 B300-TAB-031 score=1.0 retrieval=Đúng citation=Đúng hall=Không latency_ms=574.77
222/450 B300-TAB-032 score=1.0 retrieval=Đúng citation=Đúng hall=Không latency_ms=535.84
223/450 B300-TAB-033 score=1.0 retrieval=Đúng citation=Đúng hall=Không latency_ms=472.95
224/450 B300-TAB-034 score=0.5 retrieval=Đúng citation=Đúng hall=Không latency_ms=505.08
225/450 B300-TAB-035 score=0.5 retrieval=Đúng citation=Đúng hall=Không latency_ms=463.78
226/450 B300-TAB-036 score=0.5 retrieval=Đúng citation=Đúng hall=Không latency_ms=484.45
227/450 B300-TAB-037 score=0.5 retrieval=Đúng citation=Đúng hall=Không latency_ms=435.12
228/450 B300-TAB-038 score=0.5 retrieval=Đúng citation=Đúng hall=Không latency_ms=435.77
229/450 B300-TAB-039 score=1.0 retrieval=Đúng citation=Đúng hall=Không latency_ms=445.79
230/450 B300-TAB-040 score=1.0 retrieval=Đúng citation=Đúng hall=Không latency_ms=432.34
231/450 B300-SLD-001 score=0.5 retrieval=Đúng citation=Đúng hall=Không latency_ms=439.84
232/450 B300-SLD-002 score=0.5 retrieval=Đúng citation=Đúng hall=Không latency_ms=359.49
233/450 B300-SLD-003 score=1.0 retrieval=Đúng citation=Đúng hall=Không latency_ms=705.08
234/450 B300-SLD-004 score=0.5 retrieval=Đúng citation=Đúng hall=Không latency_ms=341.94
235/450 B300-SLD-005 score=1.0 retrieval=Đúng citation=Đúng hall=Không latency_ms=377.69
236/450 B300-SLD-006 score=0.5 retrieval=Đúng citation=Đúng hall=Không latency_ms=317.35
237/450 B300-SLD-007 score=0.5 retrieval=Đúng citation=Đúng hall=Không latency_ms=276.75
238/450 B300-SLD-008 score=0.5 retrieval=Đúng citation=Đúng hall=Không latency_ms=357.14
239/450 B300-SLD-009 score=0.5 retrieval=Đúng citation=Đúng hall=Không latency_ms=425.57
240/450 B300-SLD-010 score=1.0 retrieval=Đúng citation=Đúng hall=Không latency_ms=313.76
241/450 B300-SLD-011 score=0.5 retrieval=Đúng citation=Đúng hall=Không latency_ms=365.35
242/450 B300-SLD-012 score=0.5 retrieval=Đúng citation=Đúng hall=Không latency_ms=339.58
243/450 B300-SLD-013 score=0.5 retrieval=Đúng citation=Đúng hall=Không latency_ms=300.94
244/450 B300-SLD-014 score=0.5 retrieval=Đúng citation=Đúng hall=Không latency_ms=306.41
245/450 B300-SLD-015 score=1.0 retrieval=Đúng citation=Đúng hall=Không latency_ms=394.86
246/450 B300-SLD-016 score=0.5 retrieval=Đúng citation=Đúng hall=Không latency_ms=1046.25
247/450 B300-SLD-017 score=0.5 retrieval=Đúng citation=Đúng hall=Không latency_ms=655.88
248/450 B300-SLD-018 score=0.5 retrieval=Đúng citation=Đúng hall=Không latency_ms=456.05
249/450 B300-SLD-019 score=0.5 retrieval=Đúng citation=Đúng hall=Không latency_ms=327.99
250/450 B300-SLD-020 score=0.5 retrieval=Đúng citation=Đúng hall=Không latency_ms=290.4
251/450 B300-SLD-021 score=0.5 retrieval=Đúng citation=Đúng hall=Không latency_ms=299.16
252/450 B300-SLD-022 score=0.5 retrieval=Đúng citation=Đúng hall=Không latency_ms=327.66
253/450 B300-SLD-023 score=0.5 retrieval=Đúng citation=Đúng hall=Không latency_ms=268.89
254/450 B300-SLD-024 score=0.5 retrieval=Đúng citation=Đúng hall=Không latency_ms=309.74
255/450 B300-SLD-025 score=0.5 retrieval=Đúng citation=Đúng hall=Không latency_ms=404.22
256/450 B300-SLD-026 score=0.5 retrieval=Đúng citation=Đúng hall=Không latency_ms=423.45
257/450 B300-SLD-027 score=0.5 retrieval=Đúng citation=Đúng hall=Không latency_ms=264.47
258/450 B300-SLD-028 score=0.5 retrieval=Đúng citation=Đúng hall=Không latency_ms=343.05
259/450 B300-SLD-029 score=0.5 retrieval=Đúng citation=Đúng hall=Không latency_ms=325.59
260/450 B300-SLD-030 score=0.5 retrieval=Đúng citation=Đúng hall=Không latency_ms=342.03
261/450 B300-OCR-001 score=1.0 retrieval=Đúng citation=Đúng hall=Không latency_ms=490.9
262/450 B300-OCR-002 score=1.0 retrieval=Đúng citation=Đúng hall=Không latency_ms=443.13
263/450 B300-OCR-003 score=1.0 retrieval=Đúng citation=Đúng hall=Không latency_ms=519.69
264/450 B300-OCR-004 score=1.0 retrieval=Đúng citation=Đúng hall=Không latency_ms=1253.12
265/450 B300-OCR-005 score=1.0 retrieval=Đúng citation=Đúng hall=Không latency_ms=1412.88
266/450 B300-OCR-006 score=1.0 retrieval=Đúng citation=Đúng hall=Không latency_ms=612.99
267/450 B300-OCR-007 score=1.0 retrieval=Đúng citation=Đúng hall=Không latency_ms=560.24
268/450 B300-OCR-008 score=1.0 retrieval=Đúng citation=Đúng hall=Không latency_ms=590.52
269/450 B300-OCR-009 score=1.0 retrieval=Đúng citation=Đúng hall=Không latency_ms=649.45
270/450 B300-OCR-010 score=1.0 retrieval=Đúng citation=Đúng hall=Không latency_ms=422.99
271/450 B300-OCR-011 score=1.0 retrieval=Đúng citation=Đúng hall=Không latency_ms=1322.65
272/450 B300-OCR-012 score=1.0 retrieval=Đúng citation=Đúng hall=Không latency_ms=491.19
273/450 B300-OCR-013 score=1.0 retrieval=Đúng citation=Đúng hall=Không latency_ms=442.85
274/450 B300-OCR-014 score=1.0 retrieval=Đúng citation=Đúng hall=Không latency_ms=363.27
275/450 B300-OCR-015 score=1.0 retrieval=Đúng citation=Đúng hall=Không latency_ms=290.65
276/450 B300-OCR-016 score=1.0 retrieval=Đúng citation=Đúng hall=Không latency_ms=523.07
277/450 B300-OCR-017 score=1.0 retrieval=Đúng citation=Đúng hall=Không latency_ms=424.92
278/450 B300-OCR-018 score=1.0 retrieval=Đúng citation=Đúng hall=Không latency_ms=426.45
279/450 B300-OCR-019 score=1.0 retrieval=Đúng citation=Đúng hall=Không latency_ms=511.16
280/450 B300-OCR-020 score=1.0 retrieval=Đúng citation=Đúng hall=Không latency_ms=357.02
281/450 B300-NEG-001 score=1.0 retrieval=Đúng citation=Đúng hall=Không latency_ms=368.13
282/450 B300-NEG-002 score=1.0 retrieval=Đúng citation=Đúng hall=Không latency_ms=508.35
283/450 B300-NEG-003 score=1.0 retrieval=Đúng citation=Đúng hall=Không latency_ms=401.93
284/450 B300-NEG-004 score=1.0 retrieval=Đúng citation=Đúng hall=Không latency_ms=434.27
285/450 B300-NEG-005 score=1.0 retrieval=Đúng citation=Đúng hall=Không latency_ms=363.57
286/450 B300-NEG-006 score=1.0 retrieval=Đúng citation=Đúng hall=Không latency_ms=417.05
287/450 B300-NEG-007 score=1.0 retrieval=Đúng citation=Đúng hall=Không latency_ms=668.7
288/450 B300-NEG-008 score=1.0 retrieval=Đúng citation=Đúng hall=Không latency_ms=470.9
289/450 B300-NEG-009 score=1.0 retrieval=Đúng citation=Đúng hall=Không latency_ms=1386.08
290/450 B300-NEG-010 score=1.0 retrieval=Đúng citation=Đúng hall=Không latency_ms=375.78
291/450 B300-NEG-011 score=1.0 retrieval=Đúng citation=Đúng hall=Không latency_ms=328.85
292/450 B300-NEG-012 score=1.0 retrieval=Đúng citation=Đúng hall=Không latency_ms=441.77
293/450 B300-NEG-013 score=1.0 retrieval=Đúng citation=Đúng hall=Không latency_ms=358.48
294/450 B300-NEG-014 score=1.0 retrieval=Đúng citation=Đúng hall=Không latency_ms=293.07
295/450 B300-NEG-015 score=1.0 retrieval=Đúng citation=Đúng hall=Không latency_ms=333.04
296/450 B300-NEG-016 score=1.0 retrieval=Đúng citation=Đúng hall=Không latency_ms=735.55
297/450 B300-NEG-017 score=1.0 retrieval=Đúng citation=Đúng hall=Không latency_ms=287.14
298/450 B300-NEG-018 score=1.0 retrieval=Đúng citation=Đúng hall=Không latency_ms=398.16
299/450 B300-NEG-019 score=1.0 retrieval=Đúng citation=Đúng hall=Không latency_ms=427.49
300/450 B300-NEG-020 score=1.0 retrieval=Đúng citation=Đúng hall=Không latency_ms=280.9
301/450 F105-NEG-001 score=1.0 retrieval=Đúng citation=Đúng hall=Không latency_ms=315.77
302/450 F105-NEG-002 score=1.0 retrieval=Đúng citation=Đúng hall=Không latency_ms=570.54
303/450 F105-NEG-005 score=1.0 retrieval=Đúng citation=Đúng hall=Không latency_ms=420.33
304/450 F105-NEG-010 score=1.0 retrieval=Đúng citation=Đúng hall=Không latency_ms=292.22
305/450 F105-NEG-015 score=1.0 retrieval=Đúng citation=Đúng hall=Không latency_ms=323.93
306/450 F105-NEG-019 score=1.0 retrieval=Đúng citation=Đúng hall=Không latency_ms=408.34
307/450 F105-NEG-020 score=1.0 retrieval=Đúng citation=Đúng hall=Không latency_ms=327.2
308/450 F105-NEG-003 score=1.0 retrieval=Đúng citation=Đúng hall=Không latency_ms=338.41
309/450 F105-NEG-004 score=1.0 retrieval=Đúng citation=Đúng hall=Không latency_ms=332.48
310/450 F105-NEG-006 score=1.0 retrieval=Đúng citation=Đúng hall=Không latency_ms=344.75
311/450 F105-NEG-007 score=1.0 retrieval=Đúng citation=Đúng hall=Không latency_ms=408.96
312/450 F105-NEG-008 score=1.0 retrieval=Đúng citation=Đúng hall=Không latency_ms=423.26
313/450 F105-NEG-009 score=1.0 retrieval=Đúng citation=Đúng hall=Không latency_ms=584.41
314/450 F105-NEG-011 score=1.0 retrieval=Đúng citation=Đúng hall=Không latency_ms=232.24
315/450 F105-NEG-012 score=1.0 retrieval=Đúng citation=Đúng hall=Không latency_ms=339.65
316/450 F105-NEG-013 score=1.0 retrieval=Đúng citation=Đúng hall=Không latency_ms=351.07
317/450 F105-NEG-014 score=1.0 retrieval=Đúng citation=Đúng hall=Không latency_ms=326.08
318/450 F105-NEG-016 score=1.0 retrieval=Đúng citation=Đúng hall=Không latency_ms=0.7
319/450 F105-NEG-017 score=1.0 retrieval=Đúng citation=Đúng hall=Không latency_ms=286.65
320/450 F105-NEG-018 score=1.0 retrieval=Đúng citation=Đúng hall=Không latency_ms=316.9
321/450 F105-TAB-002 score=1.0 retrieval=Đúng citation=Đúng hall=Không latency_ms=0.45
322/450 F105-TAB-003 score=1.0 retrieval=Đúng citation=Đúng hall=Không latency_ms=0.49
323/450 F105-TAB-004 score=1.0 retrieval=Đúng citation=Đúng hall=Không latency_ms=0.5
324/450 F105-TAB-005 score=1.0 retrieval=Đúng citation=Đúng hall=Không latency_ms=0.46
325/450 F105-TAB-006 score=1.0 retrieval=Đúng citation=Đúng hall=Không latency_ms=0.5
326/450 F105-TAB-007 score=1.0 retrieval=Đúng citation=Đúng hall=Không latency_ms=0.59
327/450 F105-TAB-008 score=1.0 retrieval=Đúng citation=Đúng hall=Không latency_ms=0.41
328/450 F105-TAB-009 score=1.0 retrieval=Đúng citation=Đúng hall=Không latency_ms=0.53
329/450 F105-TAB-010 score=1.0 retrieval=Đúng citation=Đúng hall=Không latency_ms=0.54
330/450 F105-TAB-011 score=1.0 retrieval=Đúng citation=Đúng hall=Không latency_ms=0.61
331/450 F105-TAB-012 score=1.0 retrieval=Đúng citation=Đúng hall=Không latency_ms=0.62
332/450 F105-TAB-013 score=1.0 retrieval=Đúng citation=Đúng hall=Không latency_ms=0.41
333/450 F105-TAB-016 score=1.0 retrieval=Đúng citation=Đúng hall=Không latency_ms=0.36
334/450 F105-TAB-017 score=1.0 retrieval=Đúng citation=Đúng hall=Không latency_ms=0.43
335/450 F105-TAB-018 score=1.0 retrieval=Đúng citation=Đúng hall=Không latency_ms=0.47
336/450 F105-TAB-019 score=1.0 retrieval=Đúng citation=Đúng hall=Không latency_ms=0.45
337/450 F105-TAB-020 score=1.0 retrieval=Đúng citation=Đúng hall=Không latency_ms=0.42
338/450 F105-TAB-021 score=1.0 retrieval=Đúng citation=Đúng hall=Không latency_ms=0.57
339/450 F105-TAB-022 score=1.0 retrieval=Đúng citation=Đúng hall=Không latency_ms=0.4
340/450 F105-TAB-023 score=1.0 retrieval=Đúng citation=Đúng hall=Không latency_ms=0.42
341/450 F105-TAB-024 score=1.0 retrieval=Đúng citation=Đúng hall=Không latency_ms=0.48
342/450 F105-TAB-025 score=0.5 retrieval=Đúng citation=Đúng hall=Không latency_ms=0.59
343/450 F105-TAB-026 score=0.5 retrieval=Đúng citation=Đúng hall=Không latency_ms=0.39
344/450 F105-TAB-028 score=1.0 retrieval=Đúng citation=Đúng hall=Không latency_ms=0.48
345/450 F105-TAB-029 score=1.0 retrieval=Đúng citation=Đúng hall=Không latency_ms=0.5
346/450 F105-TAB-030 score=1.0 retrieval=Đúng citation=Đúng hall=Không latency_ms=0.57
347/450 F105-TAB-031 score=1.0 retrieval=Đúng citation=Đúng hall=Không latency_ms=0.74
348/450 F105-TAB-032 score=1.0 retrieval=Đúng citation=Đúng hall=Không latency_ms=0.67
349/450 F105-TAB-033 score=1.0 retrieval=Đúng citation=Đúng hall=Không latency_ms=0.57
350/450 F105-TAB-035 score=0.5 retrieval=Đúng citation=Đúng hall=Không latency_ms=0.42
351/450 F105-TAB-036 score=0.5 retrieval=Đúng citation=Đúng hall=Không latency_ms=0.7
352/450 F105-TAB-037 score=0.5 retrieval=Đúng citation=Đúng hall=Không latency_ms=0.63
353/450 F105-TAB-038 score=0.5 retrieval=Đúng citation=Đúng hall=Không latency_ms=0.75
354/450 F105-TAB-040 score=1.0 retrieval=Đúng citation=Đúng hall=Không latency_ms=3.62
355/450 F105-TAB-015 score=1.0 retrieval=Đúng citation=Đúng hall=Không latency_ms=0.55
356/450 F105-TAB-034 score=0.5 retrieval=Đúng citation=Đúng hall=Không latency_ms=0.75
357/450 F105-TAB-001 score=1.0 retrieval=Đúng citation=Đúng hall=Không latency_ms=0.41
358/450 F105-TAB-014 score=1.0 retrieval=Đúng citation=Đúng hall=Không latency_ms=0.71
359/450 F105-TAB-027 score=1.0 retrieval=Đúng citation=Đúng hall=Không latency_ms=0.44
360/450 F105-TAB-039 score=1.0 retrieval=Đúng citation=Đúng hall=Không latency_ms=0.65
361/450 F105-SLD-001 score=0.5 retrieval=Đúng citation=Đúng hall=Không latency_ms=0.41
362/450 F105-SLD-002 score=0.5 retrieval=Đúng citation=Đúng hall=Không latency_ms=0.5
363/450 F105-SLD-003 score=1.0 retrieval=Đúng citation=Đúng hall=Không latency_ms=0.73
364/450 F105-SLD-004 score=0.5 retrieval=Đúng citation=Đúng hall=Không latency_ms=0.58
365/450 F105-SLD-005 score=1.0 retrieval=Đúng citation=Đúng hall=Không latency_ms=0.59
366/450 E40-EXT-001 score=1.0 retrieval=Đúng citation=Đúng hall=Không latency_ms=0.45
367/450 E40-EXT-002 score=1.0 retrieval=Đúng citation=Đúng hall=Không latency_ms=0.56
368/450 E40-EXT-003 score=1.0 retrieval=Đúng citation=Đúng hall=Không latency_ms=0.41
369/450 E40-EXT-004 score=1.0 retrieval=Đúng citation=Đúng hall=Không latency_ms=0.46
370/450 E40-EXT-005 score=1.0 retrieval=Đúng citation=Đúng hall=Không latency_ms=0.53
371/450 E40-EXT-006 score=1.0 retrieval=Đúng citation=Đúng hall=Không latency_ms=0.33
372/450 E40-EXT-007 score=1.0 retrieval=Đúng citation=Đúng hall=Không latency_ms=0.46
373/450 E40-EXT-008 score=1.0 retrieval=Đúng citation=Đúng hall=Không latency_ms=0.46
374/450 E40-EXT-009 score=1.0 retrieval=Đúng citation=Đúng hall=Không latency_ms=0.42
375/450 E40-EXT-010 score=1.0 retrieval=Đúng citation=Đúng hall=Không latency_ms=0.61
376/450 E40-EXT-011 score=1.0 retrieval=Đúng citation=Đúng hall=Không latency_ms=352.92
377/450 E40-EXT-012 score=1.0 retrieval=Đúng citation=Đúng hall=Không latency_ms=0.59
378/450 E40-EXT-013 score=0.5 retrieval=Đúng citation=Đúng hall=Không latency_ms=0.67
379/450 E40-EXT-014 score=0.5 retrieval=Đúng citation=Đúng hall=Không latency_ms=0.49
380/450 E40-EXT-015 score=0.5 retrieval=Đúng citation=Đúng hall=Không latency_ms=0.38
381/450 E40-EXT-016 score=1.0 retrieval=Đúng citation=Đúng hall=Không latency_ms=0.44
382/450 E40-EXT-017 score=0.5 retrieval=Đúng citation=Đúng hall=Không latency_ms=0.41
383/450 E40-EXT-018 score=0.5 retrieval=Đúng citation=Đúng hall=Không latency_ms=0.43
384/450 E40-EXT-019 score=0.5 retrieval=Đúng citation=Đúng hall=Không latency_ms=0.48
385/450 E40-EXT-020 score=0.5 retrieval=Đúng citation=Đúng hall=Không latency_ms=0.34
386/450 E40-EXT-021 score=0.5 retrieval=Đúng citation=Đúng hall=Không latency_ms=0.4
387/450 E40-EXT-022 score=0.5 retrieval=Đúng citation=Đúng hall=Không latency_ms=0.33
388/450 E40-EXT-023 score=1.0 retrieval=Đúng citation=Đúng hall=Không latency_ms=422.45
389/450 E40-EXT-024 score=1.0 retrieval=Đúng citation=Đúng hall=Không latency_ms=406.54
390/450 E40-EXT-025 score=1.0 retrieval=Đúng citation=Đúng hall=Không latency_ms=474.03
391/450 E40-EXT-026 score=1.0 retrieval=Đúng citation=Đúng hall=Không latency_ms=525.53
392/450 E40-EXT-027 score=1.0 retrieval=Đúng citation=Đúng hall=Không latency_ms=569.03
393/450 E40-EXT-028 score=1.0 retrieval=Đúng citation=Đúng hall=Không latency_ms=530.48
394/450 E40-EXT-029 score=1.0 retrieval=Đúng citation=Đúng hall=Không latency_ms=296.65
395/450 E40-EXT-030 score=1.0 retrieval=Đúng citation=Đúng hall=Không latency_ms=492.85
396/450 E40-EXT-031 score=1.0 retrieval=Đúng citation=Đúng hall=Không latency_ms=502.82
397/450 E40-EXT-032 score=1.0 retrieval=Đúng citation=Đúng hall=Không latency_ms=780.98
398/450 E40-EXT-033 score=1.0 retrieval=Đúng citation=Đúng hall=Không latency_ms=357.2
399/450 E40-EXT-034 score=1.0 retrieval=Đúng citation=Đúng hall=Không latency_ms=405.58
400/450 E40-EXT-035 score=1.0 retrieval=Đúng citation=Đúng hall=Không latency_ms=1684.86
401/450 E40-EXT-036 score=1.0 retrieval=Đúng citation=Đúng hall=Không latency_ms=832.15
402/450 E40-EXT-037 score=1.0 retrieval=Đúng citation=Đúng hall=Không latency_ms=622.93
403/450 E40-EXT-038 score=1.0 retrieval=Đúng citation=Đúng hall=Không latency_ms=328.08
404/450 E40-EXT-039 score=1.0 retrieval=Đúng citation=Đúng hall=Không latency_ms=591.0
405/450 E40-EXT-040 score=1.0 retrieval=Đúng citation=Đúng hall=Không latency_ms=339.87
406/450 N45-001-DETAIL score=0.5 retrieval=Đúng citation=Đúng hall=Không latency_ms=2741.61
407/450 N45-002-DETAIL score=0.5 retrieval=Đúng citation=Đúng hall=Không latency_ms=2315.99
408/450 N45-003-DETAIL score=0.5 retrieval=Đúng citation=Đúng hall=Không latency_ms=2347.12
409/450 N45-004-DETAIL score=0.0 retrieval=Sai citation=Sai hall=Không latency_ms=3200.45
410/450 N45-005-DETAIL score=0.5 retrieval=Đúng citation=Đúng hall=Không latency_ms=2368.39
411/450 N45-006-DETAIL score=0.0 retrieval=Sai citation=Sai hall=Không latency_ms=2913.84
412/450 N45-007-DETAIL score=0.0 retrieval=Sai citation=Sai hall=Không latency_ms=3077.82
413/450 N45-008-DETAIL score=0.5 retrieval=Đúng citation=Đúng hall=Không latency_ms=2375.61
414/450 N45-009-DETAIL score=0.5 retrieval=Đúng citation=Đúng hall=Không latency_ms=2551.46
415/450 N45-010-DETAIL score=1.0 retrieval=Đúng citation=Đúng hall=Không latency_ms=2382.74
416/450 N45-011-SUMMARY score=1.0 retrieval=Đúng citation=Đúng hall=Không latency_ms=479.24
417/450 N45-012-SUMMARY score=0.5 retrieval=Đúng citation=Đúng hall=Không latency_ms=528.28
418/450 N45-013-SUMMARY score=0.5 retrieval=Đúng citation=Đúng hall=Không latency_ms=427.88
419/450 N45-014-SUMMARY score=0.5 retrieval=Đúng citation=Đúng hall=Không latency_ms=463.98
420/450 N45-015-SUMMARY score=1.0 retrieval=Đúng citation=Đúng hall=Không latency_ms=455.37
421/450 N45-016-SUMMARY score=1.0 retrieval=Đúng citation=Đúng hall=Không latency_ms=689.73
422/450 N45-017-SUMMARY score=1.0 retrieval=Đúng citation=Đúng hall=Không latency_ms=556.39
423/450 N45-018-SUMMARY score=1.0 retrieval=Đúng citation=Đúng hall=Không latency_ms=425.32
424/450 N45-019-NEG score=1.0 retrieval=Đúng citation=Đúng hall=Không latency_ms=578.54
425/450 N45-020-NEG score=1.0 retrieval=Đúng citation=Đúng hall=Không latency_ms=417.05
426/450 N45-021-NEG score=1.0 retrieval=Đúng citation=Đúng hall=Không latency_ms=728.22
427/450 N45-022-NEG score=1.0 retrieval=Đúng citation=Đúng hall=Không latency_ms=527.22
428/450 N45-023-NEG score=1.0 retrieval=Đúng citation=Đúng hall=Không latency_ms=433.33
429/450 N45-024-NEG score=1.0 retrieval=Đúng citation=Đúng hall=Không latency_ms=534.99
430/450 N45-025-NEG score=1.0 retrieval=Đúng citation=Đúng hall=Không latency_ms=400.36
431/450 N45-026-NEG score=1.0 retrieval=Đúng citation=Đúng hall=Không latency_ms=523.02
432/450 N45-027-OCR score=1.0 retrieval=Đúng citation=Đúng hall=Không latency_ms=1032.19
433/450 N45-028-OCR score=1.0 retrieval=Đúng citation=Đúng hall=Không latency_ms=487.02
434/450 N45-029-OCR score=1.0 retrieval=Đúng citation=Đúng hall=Không latency_ms=559.26
435/450 N45-030-OCR score=1.0 retrieval=Đúng citation=Đúng hall=Không latency_ms=746.93
436/450 N45-031-OCR score=1.0 retrieval=Đúng citation=Đúng hall=Không latency_ms=831.33
437/450 N45-032-OCR score=1.0 retrieval=Đúng citation=Đúng hall=Không latency_ms=402.87
438/450 N45-033-OCR score=1.0 retrieval=Đúng citation=Đúng hall=Không latency_ms=444.24
439/450 N45-034-TABLE score=0.5 retrieval=Đúng citation=Đúng hall=Không latency_ms=741.2
440/450 N45-035-TABLE score=0.5 retrieval=Đúng citation=Đúng hall=Không latency_ms=1093.65
441/450 N45-036-TABLE score=0.5 retrieval=Đúng citation=Đúng hall=Không latency_ms=501.05
442/450 N45-037-TABLE score=0.5 retrieval=Đúng citation=Đúng hall=Không latency_ms=622.3
443/450 N45-038-TABLE score=0.5 retrieval=Đúng citation=Đúng hall=Không latency_ms=598.96
444/450 N45-039-TABLE score=0.5 retrieval=Đúng citation=Đúng hall=Không latency_ms=584.88
445/450 N45-040-SLIDE score=0.5 retrieval=Đúng citation=Đúng hall=Không latency_ms=638.18
446/450 N45-041-SLIDE score=0.5 retrieval=Đúng citation=Đúng hall=Không latency_ms=637.26
447/450 N45-042-SLIDE score=1.0 retrieval=Đúng citation=Đúng hall=Không latency_ms=511.57
448/450 N45-043-SLIDE score=0.5 retrieval=Đúng citation=Đúng hall=Không latency_ms=529.77
449/450 N45-044-SLIDE score=1.0 retrieval=Đúng citation=Đúng hall=Không latency_ms=1095.31
450/450 N45-045-SLIDE score=0.5 retrieval=Đúng citation=Đúng hall=Không latency_ms=759.27
{
  "total_files": 43,
  "total_questions": 450,
  "full_correct": 338,
  "partial_correct": 108,
  "fail": 4,
  "full_accuracy": 0.7511,
  "accepted_count": 446,
  "accepted_rate": 0.9911,
  "retrieval_correct": 446,
  "retrieval_rate": 0.9911,
  "citation_correct": 446,
  "citation_rate": 0.9911,
  "hallucination_count": 0,
  "hallucination_rate": 0.0,
  "mean_latency_ms": 556.45
}
